09-01 17:37:05.998  6881  6907 W ResourceType: Failure getting entry for 0x7f02135c (t=1 e=4956) (error -75)
09-01 17:37:05.998  6881  6907 W ResourceType: For resource 0x7f02135b, entry index(4955) is beyond type entryCount(629)
09-01 17:37:05.998  6881  6907 W ResourceType: Failure getting entry for 0x7f02135b (t=1 e=4955) (error -75)
09-01 17:37:06.003  6881  6907 W ResourceType: For resource 0x7f021160, entry index(4448) is beyond type entryCount(629)
09-01 17:37:06.003  6881  6907 W ResourceType: Failure getting entry for 0x7f021160 (t=1 e=4448) (error -75)
09-01 17:37:06.003  6881  6907 W ResourceType: For resource 0x7f021160, entry index(4448) is beyond type entryCount(629)
09-01 17:37:06.003  6881  6907 W ResourceType: Failure getting entry for 0x7f021160 (t=1 e=4448) (error -75)
09-01 17:37:06.003  6881  6907 W ResourceType: For resource 0x7f021160, entry index(4448) is beyond type entryCount(629)
09-01 17:37:06.003  6881  6907 W ResourceType: Failure getting entry for 0x7f021160 (t=1 e=4448) (error -75)
09-01 17:37:06.003  6881  6907 W Contacts: AccountTypeManager No authenticator found for type=com.android.exchange, ignoring it.
09-01 17:37:06.007 29847 29847 I PushLogSC2705: [main-1]action is android.intent.action.PACKAGE_REMOVED(appmarket/null:-1)
09-01 17:37:06.035  2020  2020 I AppUninstallReceiver: replaced = true dataRemoved = false
09-01 17:37:06.068  1578  1649 W Searchables: No global search activity found
09-01 17:37:06.079 29898 29941 E HwSystemManager: DataSaverReceiver: doPkgRemoved :com.peter.activitymanagertest
09-01 17:37:06.081  1578  1649 I SendBroadcastPermission: action:android.search.action.SEARCHABLES_CHANGED, mPermissionType:0
09-01 17:37:06.087  1578  1649 W Searchables: No global search activity found
09-01 17:37:06.090  1578  1649 I SendBroadcastPermission: action:android.search.action.SEARCHABLES_CHANGED, mPermissionType:0
09-01 17:37:06.125  2078  2078 E HwSystemManager: AppCleanUpService:msg is 1
09-01 17:37:06.127 29943 29943 I PushLogSC2705: [main-1]action is android.intent.action.PACKAGE_REMOVED(wallet/null:-1)
09-01 17:37:06.138  1578  1649 I FusedProxy: bindBestPackage for com.android.location.service.FusedProvider :  found 1, new best component: ComponentInfo{com.amap.android.ams/com.amap.location.flp.hardware.FusedHardwareService}
09-01 17:37:06.138  1578  1649 I GeofenceProxy: bindBestPackage for com.android.location.service.GeofenceProvider :  found 1, new best component: ComponentInfo{com.amap.android.ams/com.amap.location.flp.geofence.trigger.HwGeofenceService}
09-01 17:37:06.139  3144  3144 I HwLauncher: Model onPackageChanged packageName = com.peter.activitymanagertest user = UserHandle{0}
09-01 17:37:06.140  3144  3144 I HwLauncher: PowerSaveLauncherModel onPackageChanged packageName = com.peter.activitymanagertest user = UserHandle{0}
09-01 17:37:06.140  3144  3144 E HwLauncher: PowerSaveLauncherModel onPackageChanged:  not inPowerSaveLauncher 
09-01 17:37:06.143  3144  3233 I HwLauncher: AllIdleAppsList  updatePackage : package[com.peter.activitymanagertest] matched activity's size is 2 and data List size is 52
09-01 17:37:06.151  3144  3233 I HwResourcesImpl: load icon id : 7f0c0000, pkgName : com.peter.activitymanagertest
09-01 17:37:06.152  3144  3233 W CfgFilePolicy: No config file found for:/themes/diff/icons
09-01 17:37:06.152  3144  3233 W CfgFilePolicy: CFG_DIRS length : 10
09-01 17:37:06.152  3144  3233 I HwResourcesImpl: icon : com.peter.activitymanagertest found in app
09-01 17:37:06.170  3144  3233 W CfgFilePolicy: No config file found for:/themes/diff/icons
09-01 17:37:06.170  3144  3233 W CfgFilePolicy: CFG_DIRS length : 10
09-01 17:37:06.170  3144  3233 I HwResourcesImpl: icon : com.peter.activitymanagertest found in app
09-01 17:37:06.212  1578  1835 W qti_sensors_hal: timestampCalc: Adjusting timestamp for rollover: 2181615161828378, -9
09-01 17:37:06.231 29442 29442 I PushLogAC2836: [main-1]action is android.intent.action.PACKAGE_ADDED(pushagent/null:-1)
09-01 17:37:06.240 29789 29789 I SendBroadcastPermission: action:com.huawei.appmarket.service.downloadservice.Receiver, mPermissionType:0
09-01 17:37:06.241  3144  3144 I HwLauncher: LauncherDownloadModel onReceive intent=Intent { act=com.huawei.appmarket.service.downloadservice.Receiver flg=0x10 }
09-01 17:37:06.241  3144  3144 W HwLauncher: get getBundleExtra with downloadtask all return null!
09-01 17:37:06.248 29442 29442 I PushLogAC2836: [main-1]run push selfshow(pushagent/null:-1)
09-01 17:37:06.250 29442 29843 I PushLogAC2836: [Thread-3-10697]votedPackage from file:android(pushagent/null:-1)
09-01 17:37:06.254 29847 29847 I PushLogSC2705: [main-1]action is android.intent.action.PACKAGE_ADDED(appmarket/null:-1)
09-01 17:37:06.264 29847 29847 I PushLogSC2705: [main-1]run push selfshow(appmarket/null:-1)
09-01 17:37:06.282 29789 30629 E ConnectivityManager.CallbackHandler: callback not found for RELEASED message
09-01 17:37:06.325 29898 29938 W HwSystemManager: AppInstallationReceiver:The installed app has already configured. ignore com.peter.activitymanagertest
09-01 17:37:06.325 29898 29938 I SendBroadcastPermission: action:PACKAGE_ADDED_OR_REMOVED, mPermissionType:0
09-01 17:37:06.373 29898 30012 W HwSystemManager: ProtectAppControl:com.peter.activitymanagertest already exist!
09-01 17:37:06.377  2078   716 W HwSystemManager: TencentAntiVirusEngine:initQScanner: Already initialized ,skip
09-01 17:37:06.386 29898 29898 W HwSystemManager: HsmIntentService:still has some task running, don't stop service.
09-01 17:37:06.407  2078   716 W HwSystemManager: PushFileProvider:file does not exist which uri is content://com.huawei.systemmanager.push.provider/HwSystemManager/hsm_virus_pkgs.xml
09-01 17:37:06.407  2078   716 E HwSystemManager: VirusPkgParser:parse InputStream is null
09-01 17:37:06.415  2078   716 I SendBroadcastPermission: action:com.huawei.systemmanager.action.found_virusscan_app, mPermissionType:0
09-01 17:37:06.419  2078  2078 E HwSystemManager: AppCleanUpService:msg is 0
09-01 17:37:06.419 29943 29943 I PushLogSC2705: [main-1]action is android.intent.action.PACKAGE_ADDED(wallet/null:-1)
09-01 17:37:06.421 29898 29933 E HwSystemManager: SpaceCleanReceiver:doPkgAdd pi is not valid permission
09-01 17:37:06.425 29943 29943 I PushLogSC2705: [main-1]run push selfshow(wallet/null:-1)
09-01 17:37:06.442 29898 30015 W HwSystemManager: UnifiedPowerAppControl:com.peter.activitymanagertest already exist!
09-01 17:37:06.523 29898 30011 I SendBroadcastPermission: action:PACKAGE_ADDED_OR_REMOVED, mPermissionType:0
09-01 17:37:06.549  1578  1835 I qti_sensors_hal: [LightSensor]processReportInd: the skip  luxValue  ItemData[0]:1b0000,ItemData[1]:90000, lux:27.000000,cct:9.000000
09-01 17:37:06.549  1578  1835 W qti_sensors_hal: timestampCalc: Adjusting timestamp for rollover: 2181615498711923, -9
09-01 17:37:06.580  1578  1942 E HwCHRWebMonitor: WebMonitor [mNetWorkIsSuck=0 mUIDIsSuck=]  WebSpeed [WEBSENDSEGS=0  WEBRESENDSEGS=0  WEBRECVSEGS=0  WEBERRSEGS=0  WEBOUTRSTS=0  WEBESTABLISRST=0  WEBRTTDURATION=0  WEBRTTSEGS=0  WEBSRTT=160  WEBSNDDUPACKS=0  SENDSEGS=0  RESENDSEGS=0  RECVSEGS=0  ERRSEGS=0  OUTRSTS=0  ESTABLISRST=0  RTTDURATION=0  RTTSEGS=0  SNDDUPACKS=0  suckTimes=0 recovage_times=0]
09-01 17:37:06.580  1578  1942 E HwCHRWifiRSSIGroupSummery: updateTcpSummery mRSSI:-47  HwCHRWifiRSSIGroup [rssi_index=4, rtt_tcp_packets=130, rtt_tcp_duration=399, rtt_lan_duration=5273, rtt_lan_failures=0, rtt_lan_succ=211, rtt_lan_max=536, rtt_lan_min=5,same_area_frequency=0,adjacent_area_frequency=0]
09-01 17:37:06.597  1578  1942 E HwCHRWebMonitor: HwCHRWifiPacketCnt [mTXGood=0, mTXbad=0, mRXGood=0] rssi=-47
09-01 17:37:06.607  1578  1942 E HwCHRWebMonitor: running processName=com.huawei.android.launcher
09-01 17:37:06.675   609   609 I XmlParser: startElement itemName:resource user:-1280217060
09-01 17:37:06.675   609   609 I XmlParser: startElement itemName:group user:-1280217060
09-01 17:37:06.675   609   609 I XmlParser: startElement itemName:id user:-1280217060
09-01 17:37:06.675   609   609 I XmlParser: endElement itemName:id user:-1280217060
09-01 17:37:06.675   609   609 I XmlParser: startElement itemName:name user:-1280217060
09-01 17:37:06.675   609   609 I XmlParser: endElement itemName:name user:-1280217060
09-01 17:37:06.675   609   609 I XmlParser: startElement itemName:define user:-1280217060
09-01 17:37:06.675   609   609 I XmlParser: endElement itemName:define user:-1280217060
09-01 17:37:06.675   609   609 I XmlParser: startElement itemName:description user:-1280217060
09-01 17:37:06.675   609   609 I XmlParser: endElement itemName:description user:-1280217060
09-01 17:37:06.675   609   609 I XmlParser: endElement itemName:group user:-1280217060
09-01 17:37:06.675   609   609 I XmlParser: startElement itemName:group user:-1280217060
09-01 17:37:06.675   609   609 I XmlParser: startElement itemName:id user:-1280217060
09-01 17:37:06.676   609   609 I XmlParser: endElement itemName:id user:-1280217060
09-01 17:37:06.676   609   609 I XmlParser: startElement itemName:name user:-1280217060
09-01 17:37:06.676   609   609 I XmlParser: endElement itemName:name user:-1280217060
09-01 17:37:06.676   609   609 I XmlParser: startElement itemName:define user:-1280217060
09-01 17:37:06.676   609   609 E XmlParser: startElement mResult:12288
09-01 17:37:06.676   609   609 I XmlParser: endElement itemName:define user:-1280217060
09-01 17:37:06.676   609   609 I XmlParser: startElement itemName:description user:-1280217060
09-01 17:37:06.676   609   609 I XmlParser: endElement itemName:description user:-1280217060
09-01 17:37:06.676   609   609 I XmlParser: endElement itemName:group user:-1280217060
09-01 17:37:06.676   609   609 I XmlParser: startElement itemName:group user:-1280217060
09-01 17:37:06.676   609   609 I XmlParser: startElement itemName:id user:-1280217060
09-01 17:37:06.676   609   609 I XmlParser: endElement itemName:id user:-1280217060
09-01 17:37:06.676   609   609 I XmlParser: startElement itemName:name user:-1280217060
09-01 17:37:06.676   609   609 I XmlParser: endElement itemName:name user:-1280217060
09-01 17:37:06.676   609   609 I XmlParser: startElement itemName:define user:-1280217060
09-01 17:37:06.676   609   609 I XmlParser: endElement itemName:define user:-1280217060
09-01 17:37:06.676   609   609 I XmlParser: startElement itemName:description user:-1280217060
09-01 17:37:06.676   609   609 I XmlParser: endElement itemName:description user:-1280217060
09-01 17:37:06.676   609   609 I XmlParser: endElement itemName:group user:-1280217060
09-01 17:37:06.676   609   609 I XmlParser: startElement itemName:group user:-1280217060
09-01 17:37:06.676   609   609 I XmlParser: startElement itemName:id user:-1280217060
09-01 17:37:06.676   609   609 I XmlParser: endElement itemName:id user:-1280217060
09-01 17:37:06.676   609   609 I XmlParser: startElement itemName:name user:-1280217060
09-01 17:37:06.676   609   609 I XmlParser: endElement itemName:name user:-1280217060
09-01 17:37:06.676   609   609 I XmlParser: startElement itemName:define user:-1280217060
09-01 17:37:06.676   609   609 I XmlParser: endElement itemName:define user:-1280217060
09-01 17:37:06.676   609   609 I XmlParser: startElement itemName:description user:-1280217060
09-01 17:37:06.676   609   609 I XmlParser: endElement itemName:description user:-1280217060
09-01 17:37:06.676   609   609 I XmlParser: endElement itemName:group user:-1280217060
09-01 17:37:06.676   609   609 I XmlParser: startElement itemName:group user:-1280217060
09-01 17:37:06.676   609   609 I XmlParser: startElement itemName:id user:-1280217060
09-01 17:37:06.676   609   609 I XmlParser: endElement itemName:id user:-1280217060
09-01 17:37:06.676   609   609 I XmlParser: startElement itemName:name user:-1280217060
09-01 17:37:06.676   609   609 I XmlParser: endElement itemName:name user:-1280217060
09-01 17:37:06.676   609   609 I XmlParser: startElement itemName:define user:-1280217060
09-01 17:37:06.676   609   609 I XmlParser: endElement itemName:define user:-1280217060
09-01 17:37:06.676   609   609 I XmlParser: startElement itemName:description user:-1280217060
09-01 17:37:06.676   609   609 I XmlParser: endElement itemName:description user:-1280217060
09-01 17:37:06.676   609   609 I XmlParser: endElement itemName:group user:-1280217060
09-01 17:37:06.676   609   609 I XmlParser: endElement itemName:resource user:-1280217060
09-01 17:37:06.676   609   609 I XmlParser: startElement itemName:resource user:0
09-01 17:37:06.676   609   609 I XmlParser: startElement itemName:group user:0
09-01 17:37:06.676   609   609 I XmlParser: startElement itemName:id user:0
09-01 17:37:06.677   609   609 I XmlParser: endElement itemName:id user:0
09-01 17:37:06.677   609   609 I XmlParser: startElement itemName:name user:0
09-01 17:37:06.677   609   609 I XmlParser: endElement itemName:name user:0
09-01 17:37:06.677   609   609 I XmlParser: startElement itemName:define user:0
09-01 17:37:06.677   609   609 E XmlParser: startElement mResult:2097152
09-01 17:37:06.677   609   609 I XmlParser: endElement itemName:define user:0
09-01 17:37:06.677   609   609 I XmlParser: startElement itemName:description user:0
09-01 17:37:06.677   609   609 I XmlParser: endElement itemName:description user:0
09-01 17:37:06.677   609   609 I XmlParser: endElement itemName:group user:0
09-01 17:37:06.677   609   609 I XmlParser: startElement itemName:group user:0
09-01 17:37:06.677   609   609 I XmlParser: startElement itemName:id user:0
09-01 17:37:06.677   609   609 I XmlParser: endElement itemName:id user:0
09-01 17:37:06.677   609   609 I XmlParser: startElement itemName:name user:0
09-01 17:37:06.677   609   609 I XmlParser: endElement itemName:name user:0
09-01 17:37:06.677   609   609 I XmlParser: startElement itemName:define user:0
09-01 17:37:06.677   609   609 I XmlParser: endElement itemName:define user:0
09-01 17:37:06.677   609   609 I XmlParser: startElement itemName:description user:0
09-01 17:37:06.677   609   609 I XmlParser: endElement itemName:description user:0
09-01 17:37:06.677   609   609 I XmlParser: endElement itemName:group user:0
09-01 17:37:06.677   609   609 I XmlParser: startElement itemName:group user:0
09-01 17:37:06.677   609   609 I XmlParser: startElement itemName:id user:0
09-01 17:37:06.677   609   609 I XmlParser: endElement itemName:id user:0
09-01 17:37:06.677   609   609 I XmlParser: startElement itemName:name user:0
09-01 17:37:06.677   609   609 I XmlParser: endElement itemName:name user:0
09-01 17:37:06.677   609   609 I XmlParser: startElement itemName:define user:0
09-01 17:37:06.677   609   609 I XmlParser: endElement itemName:define user:0
09-01 17:37:06.677   609   609 I XmlParser: startElement itemName:description user:0
09-01 17:37:06.677   609   609 I XmlParser: endElement itemName:description user:0
09-01 17:37:06.677   609   609 I XmlParser: endElement itemName:group user:0
09-01 17:37:06.677   609   609 I XmlParser: startElement itemName:group user:0
09-01 17:37:06.677   609   609 I XmlParser: startElement itemName:id user:0
09-01 17:37:06.677   609   609 I XmlParser: endElement itemName:id user:0
09-01 17:37:06.677   609   609 I XmlParser: startElement itemName:name user:0
09-01 17:37:06.677   609   609 I XmlParser: endElement itemName:name user:0
09-01 17:37:06.677   609   609 I XmlParser: startElement itemName:define user:0
09-01 17:37:06.677   609   609 I XmlParser: endElement itemName:define user:0
09-01 17:37:06.677   609   609 I XmlParser: startElement itemName:description user:0
09-01 17:37:06.677   609   609 I XmlParser: endElement itemName:description user:0
09-01 17:37:06.677   609   609 I XmlParser: endElement itemName:group user:0
09-01 17:37:06.677   609   609 I XmlParser: startElement itemName:group user:0
09-01 17:37:06.677   609   609 I XmlParser: startElement itemName:id user:0
09-01 17:37:06.677   609   609 I XmlParser: endElement itemName:id user:0
09-01 17:37:06.677   609   609 I XmlParser: startElement itemName:name user:0
09-01 17:37:06.677   609   609 I XmlParser: endElement itemName:name user:0
09-01 17:37:06.677   609   609 I XmlParser: startElement itemName:define user:0
09-01 17:37:06.677   609   609 I XmlParser: endElement itemName:define user:0
09-01 17:37:06.677   609   609 I XmlParser: startElement itemName:description user:0
09-01 17:37:06.677   609   609 I XmlParser: endElement itemName:description user:0
09-01 17:37:06.677   609   609 I XmlParser: endElement itemName:group user:0
09-01 17:37:06.677   609   609 I XmlParser: endElement itemName:resource user:0
09-01 17:37:06.677   609   609 I XmlParser: startElement itemName:resource user:0
09-01 17:37:06.677   609   609 I XmlParser: startElement itemName:group user:0
09-01 17:37:06.677   609   609 I XmlParser: startElement itemName:id user:0
09-01 17:37:06.677   609   609 I XmlParser: endElement itemName:id user:0
09-01 17:37:06.677   609   609 I XmlParser: startElement itemName:name user:0
09-01 17:37:06.677   609   609 I XmlParser: endElement itemName:name user:0
09-01 17:37:06.677   609   609 I XmlParser: startElement itemName:define user:0
09-01 17:37:06.677   609   609 I XmlParser: endElement itemName:define user:0
09-01 17:37:06.677   609   609 I XmlParser: startElement itemName:description user:0
09-01 17:37:06.678   609   609 I XmlParser: endElement itemName:description user:0
09-01 17:37:06.678   609   609 I XmlParser: endElement itemName:group user:0
09-01 17:37:06.678   609   609 I XmlParser: startElement itemName:group user:0
09-01 17:37:06.678   609   609 I XmlParser: startElement itemName:id user:0
09-01 17:37:06.678   609   609 I XmlParser: endElement itemName:id user:0
09-01 17:37:06.678   609   609 I XmlParser: startElement itemName:name user:0
09-01 17:37:06.678   609   609 I XmlParser: endElement itemName:name user:0
09-01 17:37:06.678   609   609 I XmlParser: startElement itemName:define user:0
09-01 17:37:06.678   609   609 I XmlParser: endElement itemName:define user:0
09-01 17:37:06.678   609   609 I XmlParser: startElement itemName:description user:0
09-01 17:37:06.678   609   609 I XmlParser: endElement itemName:description user:0
09-01 17:37:06.678   609   609 I XmlParser: endElement itemName:group user:0
09-01 17:37:06.678   609   609 I XmlParser: startElement itemName:group user:0
09-01 17:37:06.678   609   609 I XmlParser: startElement itemName:id user:0
09-01 17:37:06.678   609   609 I XmlParser: endElement itemName:id user:0
09-01 17:37:06.678   609   609 I XmlParser: startElement itemName:name user:0
09-01 17:37:06.678   609   609 I XmlParser: endElement itemName:name user:0
09-01 17:37:06.678   609   609 I XmlParser: startElement itemName:define user:0
09-01 17:37:06.678   609   609 I XmlParser: endElement itemName:define user:0
09-01 17:37:06.678   609   609 I XmlParser: startElement itemName:description user:0
09-01 17:37:06.678   609   609 I XmlParser: endElement itemName:description user:0
09-01 17:37:06.678   609   609 I XmlParser: endElement itemName:group user:0
09-01 17:37:06.678   609   609 I XmlParser: startElement itemName:group user:0
09-01 17:37:06.678   609   609 I XmlParser: startElement itemName:id user:0
09-01 17:37:06.678   609   609 I XmlParser: endElement itemName:id user:0
09-01 17:37:06.678   609   609 I XmlParser: startElement itemName:name user:0
09-01 17:37:06.678   609   609 I XmlParser: endElement itemName:name user:0
09-01 17:37:06.678   609   609 I XmlParser: startElement itemName:define user:0
09-01 17:37:06.678   609   609 I XmlParser: endElement itemName:define user:0
09-01 17:37:06.678   609   609 I XmlParser: startElement itemName:description user:0
09-01 17:37:06.678   609   609 I XmlParser: endElement itemName:description user:0
09-01 17:37:06.678   609   609 I XmlParser: endElement itemName:group user:0
09-01 17:37:06.678   609   609 I XmlParser: startElement itemName:group user:0
09-01 17:37:06.678   609   609 I XmlParser: startElement itemName:id user:0
09-01 17:37:06.678   609   609 I XmlParser: endElement itemName:id user:0
09-01 17:37:06.678   609   609 I XmlParser: startElement itemName:name user:0
09-01 17:37:06.678   609   609 I XmlParser: endElement itemName:name user:0
09-01 17:37:06.678   609   609 I XmlParser: startElement itemName:define user:0
09-01 17:37:06.678   609   609 I XmlParser: endElement itemName:define user:0
09-01 17:37:06.678   609   609 I XmlParser: startElement itemName:description user:0
09-01 17:37:06.678   609   609 I XmlParser: endElement itemName:description user:0
09-01 17:37:06.678   609   609 I XmlParser: endElement itemName:group user:0
09-01 17:37:06.678   609   609 I XmlParser: endElement itemName:resource user:0
09-01 17:37:06.678   609   609 I libEGL  : egl_cache_t() !XML_VALUE_GETCORRECT NAME_MAXVALUESIZE
09-01 17:37:06.678   609   609 I libEGL  : egl_cache_t() maxKeySize:12288  maxTotalSize:2097152  maxValueSize:16384
09-01 17:37:06.680   609   609 E libfingersense_wrapper: Couldn't load FingerSense library with dlopen(). Error: dlopen failed: library "libfingersense.so" not found
09-01 17:37:06.686   609   609 I appproc : CLASSPATH=/system/framework/am.jar
09-01 17:37:06.686   609   609 I appproc : Command=app_process /system/bin com.android.commands.am.Am start -n com.peter.activitymanagertest/com.peter.activitymanagertest.activity.NewMainActivity -a android.intent.action.MAIN -c android.intent.category.LAUNCHER 
09-01 17:37:06.692   609   609 I AndroidRuntime: readDownloadBoosterConfig: 'false'
09-01 17:37:06.800   609   609 E libmdmdetect: Failed to open /sys/bus/msm_subsys/devices/subsys0/name: Permission denied
09-01 17:37:06.834   609   609 W System  : ClassLoader referenced unknown path: /product/lib
09-01 17:37:06.851   609   609 I HWSERVICES: hwnative_get_component_register:libdrmbitmap,JNI
09-01 17:37:06.858   609   609 I Radio-JNI: register_android_hardware_Radio DONE
09-01 17:37:06.861   609   609 I android_hardware_fm.cpp: register_android_hardware_fm_fmradio
09-01 17:37:06.861   609   609 I android_hardware_fm.cpp: ========32bit long size = 4
09-01 17:37:06.862   609   609 I android_hardware_fm.cpp: FM: get chip type = Qualcomm
09-01 17:37:06.863   609   609 E QCOMM_FM_IF: find the id:fm and begins to open the devices
09-01 17:37:06.863   609   609 I android_hardware_fm.cpp: register_android_hardware_fm_fmradio, ret is 0
09-01 17:37:06.885  1578  1835 W qti_sensors_hal: timestampCalc: Adjusting timestamp for rollover: 2181615834252694, -9
09-01 17:37:06.894  2370  2386 I PGServer: android calls fast hibernateApps
09-01 17:37:06.894  2370  2386 I AppFastHibernation: fast hibernate duration: 1500 reason: start activity
09-01 17:37:06.895   565   787 I Pged-IPgedBinderService: ****action is 1, pid num is 2***
09-01 17:37:06.895   565   787 I Pged-Freezer: freezePids
09-01 17:37:06.895   565   787 I Pged-Freezer: Freeze process: 10098
09-01 17:37:06.898   436  3038 E ANDR-PERF-RESOURCEQS: Failed to apply optimization [4, 0]
09-01 17:37:06.907   436  3038 E ANDR-PERF-RESOURCEQS: Failed to apply optimization [4, 0]
09-01 17:37:06.913  3144   747 W HwLauncher: Launcher.MotionManager stopMotionAppsReco service flg 403 is unavailable
09-01 17:37:06.915  1578  1689 I HwPointEventFilter: do not support AFT because of no config
09-01 17:37:06.931   750   750 I         : power log dlsym ok
09-01 17:37:06.944   750   750 I art     : Late-enabling -Xcheck:jni
09-01 17:37:06.978  1578 19572 I PG Utils: configBrightnessRange ratioMin = 1404  ratioMax = 7254  autoLimit = 4329
09-01 17:37:06.990  2370  2906 I PGServer: checkPkgType. calling pkg: com.huawei.iaware
09-01 17:37:07.221  1578  1835 W qti_sensors_hal: timestampCalc: Adjusting timestamp for rollover: 2181616170037606, -9
09-01 17:37:07.256   750   750 I art     : Starting a blocking GC Explicit
09-01 17:37:07.290   750   750 I art     : Explicit concurrent mark sweep GC freed 10617(474KB) AllocSpace objects, 0(0B) LOS objects, 86% free, 1919KB/13MB, paused 358us total 33.788ms
09-01 17:37:07.397   750   823 E StudioProfiler: Studio Profilers encountered an unexpected error. Consider reporting a bug, including logcat output below.
09-01 17:37:07.397   750   823 E StudioProfiler: See also: https://developer.android.com/studio/report-bugs.html#studio-bugs
09-01 17:37:07.397   750   823 E StudioProfiler: 
09-01 17:37:07.397   750   823 E StudioProfiler: Failed to capture application
09-01 17:37:07.405   750   750 I InstantRun: starting instant run server: is main process
09-01 17:37:07.410   750   750 I System.out: jiangbin -> class android.app.ActivityThread
09-01 17:37:07.411   750   750 I System.out: jiangbin -> android.app.ActivityThread@e0ae742
09-01 17:37:07.411   750   750 I System.out: jiangbin -> mH isfinal android.os.Handler$Callback android.os.Handler.mCallback
09-01 17:37:07.411   750   750 I System.out: jiangbin proxyAppThread --> android.app.ActivityThread$ApplicationThread@c26c353
09-01 17:37:07.411   750   750 I System.out: jiangbin proxyAppThread bootClazz java.lang.BootClassLoader@9d2b5db
09-01 17:37:07.411   750   750 I System.out: jiangbin proxyAppThread forname java.lang.BootClassLoader@9d2b5db
09-01 17:37:07.411   750   750 I System.out: jiangbin proxyAppThread --> l1 java.lang.BootClassLoader@9d2b5db
09-01 17:37:07.412   750   750 I System.out: jiangbin proxyAppThread --> l2 dalvik.system.PathClassLoader[DexPathList[[zip file "/data/app/com.peter.activitymanagertest-1/base.apk", zip file "/data/app/com.peter.activitymanagertest-1/split_lib_dependencies_apk.apk", zip file "/data/app/com.peter.activitymanagertest-1/split_lib_slice_0_apk.apk", zip file "/data/app/com.peter.activitymanagertest-1/split_lib_slice_1_apk.apk", zip file "/data/app/com.peter.activitymanagertest-1/split_lib_slice_2_apk.apk", zip file "/data/app/com.peter.activitymanagertest-1/split_lib_slice_3_apk.apk", zip file "/data/app/com.peter.activitymanagertest-1/split_lib_slice_4_apk.apk", zip file "/data/app/com.peter.activitymanagertest-1/split_lib_slice_5_apk.apk", zip file "/data/app/com.peter.activitymanagertest-1/split_lib_slice_6_apk.apk", zip file "/data/app/com.peter.activitymanagertest-1/split_lib_slice_7_apk.apk", zip file "/data/app/com.peter.activitymanagertest-1/split_lib_slice_8_apk.apk", zip file "/data/app/com.peter.activitymanagertest-1/split_lib_slice_9_apk.apk"],nativeLibraryDirectories=[/data/app/com.peter.activitymanagertest-1/lib/arm, /data/app/com.peter.activitymanagertest-1/base.apk!/lib/armeabi-v7a, /data/app/com.peter.activitymanagertest-1/split_lib_dependencies_apk.apk!/lib/armeabi-v7a, /data/app/com.peter.activitymanagertest-1/split_lib_slice_0_apk.apk!/lib/armeabi-v7a, /data/app/com.peter.activitymanagertest-1/split_lib_slice_1_apk.apk!/lib/armeabi-v7a, /data/app/com.peter.activitymanagertest-1/split_lib_slice_2_apk.apk!/lib/armeabi-v7a, /data/app/com.peter.activitymanagertest-1/split_lib_slice_3_apk.apk!/lib/armeabi-v7a, /data/app/com.peter.activitymanagertest-1/split_lib_slice_4_apk.apk!/lib/armeabi-v7a, /data/app/com.peter.activitymanagertest-1/split_lib_slice_5_apk.apk!/lib/armeabi-v7a, /data/app/com.peter.activitymanagertest-1/split_lib_slice_6_apk.apk!/lib/armeabi-v7a, /data/app/com.peter.activitymanagertest-1/split_lib_slice_7_apk.apk!/lib/armeabi-v7a, /data/app/com.peter.activitymanagertest-1/split_lib_slice_8_apk.apk!/lib/armeabi-v7a, /data/app/com.peter.activitymanagertest-1/split_lib_slice_9_apk.apk!/lib/armeabi-v7a, /system/lib, /vendor/lib, /system/vendor/lib]]]
09-01 17:37:07.416   750   750 I System.out: jiangbin-->proxy public java.lang.String java.lang.Object.toString()
09-01 17:37:07.417   750   750 I System.out: jiangbin proxyAppThread -->null
09-01 17:37:07.417   750   750 I System.out: jiangbin-->proxy public java.lang.String java.lang.Object.toString()
09-01 17:37:07.417   750   750 I System.out: jiangbin proxyAppThread -->null
09-01 17:37:07.428   750   750 I System.out: jiangbin--> msg.what LAUNCH_ACTIVITY
09-01 17:37:07.428   750   750 I System.out: jiangbin--> msg.obj ActivityRecord{dd041af token=android.os.BinderProxy@20979bc {com.peter.activitymanagertest/com.peter.activitymanagertest.activity.NewMainActivity}} android.app.ActivityThread$ActivityClientRecord
09-01 17:37:07.428   750   750 I System.out: jiangbin-->stateStringActivityClientRecord{paused=false, stopped=false, hideForNow=false, startsNotResumed=false, isForward=true, pendingConfigChanges=0, onlyLocalRequest=false, preserveWindow=false}
09-01 17:37:07.459   750   750 I HwCust  : Constructor found for class android.app.HwCustActivityImpl
09-01 17:37:07.518   750   750 W art     : Before Android 4.1, method android.graphics.PorterDuffColorFilter android.support.graphics.drawable.VectorDrawableCompat.updateTintFilter(android.graphics.PorterDuffColorFilter, android.content.res.ColorStateList, android.graphics.PorterDuff$Mode) would have incorrectly overridden the package-private method in android.graphics.drawable.Drawable
09-01 17:37:07.556  1578  1835 W qti_sensors_hal: timestampCalc: Adjusting timestamp for rollover: 2181616505761483, -9
09-01 17:37:07.812   750   750 I HwPointEventFilter: do not support AFT because of no config
09-01 17:37:07.835   750   750 I System.out: jiangbin--> msg.what ENTER_ANIMATION_COMPLETE
09-01 17:37:07.835   750   750 I System.out: jiangbin--> msg.obj android.os.BinderProxy@20979bc android.os.BinderProxy
09-01 17:37:07.835   750   750 I System.out: jiangbin--> msg.what TRIM_MEMORY
09-01 17:37:07.845  1985  1985 I PhoneStatusBarPolicy: updateBluetooth:::setBluetoothBatteryEnable false.
09-01 17:37:07.845  1985  1985 I PhoneStatusBarPolicy: updateBluetooth::bluetoothEnabled:false, bluetoothConnected=false, bluetoothTransfering=false
09-01 17:37:07.892  1578  1835 W qti_sensors_hal: timestampCalc: Adjusting timestamp for rollover: 2181616841302255, -9
09-01 17:37:07.963  2175  2175 E wpa_supp: RSSI=-44;LINKSPEED=72;NOISE=9999;FREQUENCY=2412;
09-01 17:37:07.963  1578  1898 E WifiConfigManager: updateConfiguration freq=2412 BSSID=b4:5d:50:03:1b:c0 RSSI=-44 "XLYL"WPA_PSK
09-01 17:37:07.975   750   832 I Adreno-EGL: <qeglDrvAPI_eglInitialize:379>: EGL 1.4 QUALCOMM build: AU_LINUX_ANDROID_LA.UM.5.5.R1.07.01.01.269.023_msm8937_32_refs/tags/AU_LINUX_ANDROID_LA.UM.5.5.R1.07.01.01.269.023__release_AU (Ib1167d03fb)
09-01 17:37:07.975   750   832 I Adreno-EGL: OpenGL ES Shader Compiler Version: XE031.09.00.04
09-01 17:37:07.975   750   832 I Adreno-EGL: Build Date: 07/10/17 Mon
09-01 17:37:07.975   750   832 I Adreno-EGL: Local Branch: 
09-01 17:37:07.975   750   832 I Adreno-EGL: Remote Branch: refs/tags/AU_LINUX_ANDROID_LA.UM.5.5.R1.07.01.01.269.023
09-01 17:37:07.975   750   832 I Adreno-EGL: Local Patches: NONE
09-01 17:37:07.975   750   832 I Adreno-EGL: Reconstruct Branch: NOTHING
09-01 17:37:07.978   750   832 I OpenGLRenderer: Initialized EGL, version 1.4
09-01 17:37:07.980   750   832 W Adreno-ES20: <get_gpu_clk:229>: open failed: errno 13
09-01 17:37:08.044   599   893 W JankService: virtual bool android::JankManualDumpLogAnalyser::processEntry(android::LogEntry *, int, bool), not beta version or commercial log off
09-01 17:37:08.052   750   750 W art     : Before Android 4.1, method int android.support.v7.widget.ListViewCompat.lookForSelectablePosition(int, boolean) would have incorrectly overridden the package-private method in android.widget.ListView
09-01 17:37:08.126  1578  1689 I ActivityManager: Displayed com.peter.activitymanagertest/.activity.NewMainActivity: +1s207ms (total +10s150ms)
09-01 17:37:08.139  7686  7686 I wangchen: SysInfo.getSysParam: orientation=1||config d=2.0,w=720,h=1208||metrics d=2.0,w=720,h=1208||sdk=24,bar_h=48
09-01 17:37:08.139  7686  7686 I KeymapLoader: w=720 h=1208 ori=true appScale=2.25 s1=2.0
09-01 17:37:08.228  1578  1835 W qti_sensors_hal: timestampCalc: Adjusting timestamp for rollover: 2181617177148202, -9
09-01 17:37:08.350  1578  1578 I TrafficMonitor: expired arrive. level:-1
09-01 17:37:08.351  1578  1578 I TrafficMonitor: update:rxPkts:0,txPkts:0,rxBytes:0,txBytes:0
09-01 17:37:08.351  1578  1578 I TrafficMonitor: start expired. level:-1
09-01 17:37:08.351  1578  1578 I TrafficMonitor: gettimer:interval=5000
09-01 17:37:08.351  1578  1578 I TrafficMonitor: during_ms:5001,period_ms:2000
09-01 17:37:08.351  1578  1578 I TrafficMonitor: count:54,rx_sum:0,tx_sum:0,rxBytes:0,during_ms:5001,rx_speed:0.0,tx_speed:0.0,rto:0.0
09-01 17:37:08.365   564   564 E Thermal-daemon: [ap] temp_new :36  temp_old :35
09-01 17:37:08.366   564   564 E ThermalBinder: mThermalService is NULL!
09-01 17:37:08.366   564   564 E Thermal-daemon: Report temperature: [ap] temp :36  report_threshold:1
09-01 17:37:08.398   565  4464 I Pged-IPgedBinderService: ****action is 2, pid num is 2***
09-01 17:37:08.398   565  4464 I Pged-Freezer: thawPids
09-01 17:37:08.563  1578  1835 W qti_sensors_hal: timestampCalc: Adjusting timestamp for rollover: 2181617512841561, -9
09-01 17:37:08.899  1578  1835 I qti_sensors_hal: [LightSensor]processReportInd: the skip  luxValue  ItemData[0]:120000,ItemData[1]:60000, lux:18.000000,cct:6.000000
09-01 17:37:08.899  1578  1835 W qti_sensors_hal: timestampCalc: Adjusting timestamp for rollover: 2181617848504403, -9
09-01 17:37:09.235  1578  1835 I qti_sensors_hal: [LightSensor]processReportInd: the skip  luxValue  ItemData[0]:150000,ItemData[1]:70000, lux:21.000000,cct:7.000000
09-01 17:37:09.235  1578  1835 W qti_sensors_hal: timestampCalc: Adjusting timestamp for rollover: 2181618184258798, -9
09-01 17:37:09.571  1578  1835 W qti_sensors_hal: timestampCalc: Adjusting timestamp for rollover: 2181618519982675, -9
09-01 17:37:09.906  1578  1835 W qti_sensors_hal: timestampCalc: Adjusting timestamp for rollover: 2181618855584481, -9
09-01 17:37:10.242  1578  1835 W qti_sensors_hal: timestampCalc: Adjusting timestamp for rollover: 2181619191521981, -9
09-01 17:37:10.258 32716   425 I SendBroadcastPermission: action:com.tencent.mm.plugin.report.service.KVCommCrossProcessReceiver, mPermissionType:0
09-01 17:37:10.577  1578  1835 W qti_sensors_hal: timestampCalc: Adjusting timestamp for rollover: 2181619526238778, -9
09-01 17:37:10.817   605   605 I cnss-daemon: RTM_NEWNEIGH message received: 28
09-01 17:37:10.817   605   605 E cnss-daemon: Stale or unreachable neighbors, ndm state: 4
09-01 17:37:10.913  1578  1835 W qti_sensors_hal: timestampCalc: Adjusting timestamp for rollover: 2181619862695077, -9
09-01 17:37:10.982  2175  2175 E wpa_supp: RSSI=-45;LINKSPEED=72;NOISE=9999;FREQUENCY=2412;
09-01 17:37:10.984  1578  1898 E WifiConfigManager: updateConfiguration freq=2412 BSSID=b4:5d:50:03:1b:c0 RSSI=-44 "XLYL"WPA_PSK
09-01 17:37:11.249  1578  1835 W qti_sensors_hal: timestampCalc: Adjusting timestamp for rollover: 2181620198357919, -9
09-01 17:37:11.313  2175  2175 E wpa_supp: RSSI=-45;LINKSPEED=72;NOISE=9999;FREQUENCY=2412;
09-01 17:37:11.315  1578  1898 E WifiConfigManager: updateConfiguration freq=2412 BSSID=b4:5d:50:03:1b:c0 RSSI=-44 "XLYL"WPA_PSK
09-01 17:37:11.333  1578  1578 I QosMonitor: queryRtt: rtt_type = 3
09-01 17:37:11.333  1578  1578 I WifiProJNI: ######### GET RTT:3 ########
09-01 17:37:11.333  1578  1953 I HuaweiWifiWatchdogStateMachine: spd good count:0, add sc:0.0, rate:1.0
09-01 17:37:11.333  1578  1953 I HuaweiWifiWatchdogStateMachine: current mHighDataFlowRate = 1.0
09-01 17:37:11.333  1578  1953 I HuaweiWifiWatchdogStateMachine: POta txb txg rxg:0, 7, 0. Lr =0% Totpkt=7
09-01 17:37:11.333  1578  1951 I QosMonitor: postEventFromNative: msg=100,arg1=4,arg2=9
09-01 17:37:11.333  1578  1951 W WifiProJNI: poll before: g_monitor_fd =307
09-01 17:37:11.333  1578  1578 I WifiProJNI: ######### CMD_QUERY_PKTS ########
09-01 17:37:11.333  1578  1951 I QosMonitor: postEventFromNative: msg=100,arg1=0,arg2=9
09-01 17:37:11.334  1578  1951 W WifiProJNI: poll before: g_monitor_fd =307
09-01 17:37:11.334  1578  1578 I MQoS    : rtt=160,tcp_tx_pkts=439506,tcp_rx_pkts=520947
09-01 17:37:11.335  1578  1953 I HuaweiWifiWatchdogStateMachine: PTcp RTT:0, rtt pkt=0, tcp_rx=0, tcp_tx=0, tcp_reTran=0, rtRate=0
09-01 17:37:11.337  1578  3580 I MQoS    : QOS_level:0(0),wifi-link;SIM error;use level-0
09-01 17:37:11.337  1578  3580 I MQoS    : skip-low-Level:0(0),wifi-link;SIM error;use level-0
09-01 17:37:11.585  1578  1835 W qti_sensors_hal: timestampCalc: Adjusting timestamp for rollover: 2181620534478524, -9
09-01 17:37:11.590  1578  1942 E HwCHRWebMonitor: WebMonitor [mNetWorkIsSuck=0 mUIDIsSuck=]  WebSpeed [WEBSENDSEGS=0  WEBRESENDSEGS=0  WEBRECVSEGS=0  WEBERRSEGS=0  WEBOUTRSTS=0  WEBESTABLISRST=0  WEBRTTDURATION=0  WEBRTTSEGS=0  WEBSRTT=160  WEBSNDDUPACKS=0  SENDSEGS=0  RESENDSEGS=0  RECVSEGS=0  ERRSEGS=0  OUTRSTS=0  ESTABLISRST=0  RTTDURATION=0  RTTSEGS=0  SNDDUPACKS=0  suckTimes=0 recovage_times=0]
09-01 17:37:11.590  1578  1942 E HwCHRWifiRSSIGroupSummery: updateTcpSummery mRSSI:-45  HwCHRWifiRSSIGroup [rssi_index=4, rtt_tcp_packets=130, rtt_tcp_duration=399, rtt_lan_duration=5273, rtt_lan_failures=0, rtt_lan_succ=211, rtt_lan_max=536, rtt_lan_min=5,same_area_frequency=0,adjacent_area_frequency=0]
09-01 17:37:11.608  1578  1942 E HwCHRWebMonitor: HwCHRWifiPacketCnt [mTXGood=0, mTXbad=0, mRXGood=0] rssi=-45
09-01 17:37:11.608  1578  1942 E HwCHRWebMonitor: running processName=com.peter.activitymanagertest
09-01 17:37:11.920  1578  1835 W qti_sensors_hal: timestampCalc: Adjusting timestamp for rollover: 2181620869775155, -9
09-01 17:37:12.256  1578  1835 W qti_sensors_hal: timestampCalc: Adjusting timestamp for rollover: 2181621205468514, -9
09-01 17:37:12.592  1578  1835 W qti_sensors_hal: timestampCalc: Adjusting timestamp for rollover: 2181621541406014, -9
09-01 17:37:12.927  1578  1835 W qti_sensors_hal: timestampCalc: Adjusting timestamp for rollover: 2181621876855233, -9
09-01 17:37:13.263  1578  1835 W qti_sensors_hal: timestampCalc: Adjusting timestamp for rollover: 2181622212518075, -9
09-01 17:37:13.353  1578  1578 I TrafficMonitor: expired arrive. level:-1
09-01 17:37:13.354  1578  1578 I TrafficMonitor: update:rxPkts:0,txPkts:0,rxBytes:0,txBytes:0
09-01 17:37:13.354  1578  1578 I TrafficMonitor: start expired. level:-1
09-01 17:37:13.354  1578  1578 I TrafficMonitor: gettimer:interval=5000
09-01 17:37:13.354  1578  1578 I TrafficMonitor: during_ms:5003,period_ms:2000
09-01 17:37:13.354  1578  1578 I TrafficMonitor: count:55,rx_sum:0,tx_sum:0,rxBytes:0,during_ms:5003,rx_speed:0.0,tx_speed:0.0,rto:0.0
09-01 17:37:13.600  1578  1835 W qti_sensors_hal: timestampCalc: Adjusting timestamp for rollover: 2181622549310067, -9
09-01 17:37:13.937  1578  1835 W qti_sensors_hal: timestampCalc: Adjusting timestamp for rollover: 2181622885827401, -9
09-01 17:37:14.004  2175  2175 E wpa_supp: RSSI=-46;LINKSPEED=72;NOISE=9999;FREQUENCY=2412;
09-01 17:37:14.005  1578  1898 E WifiConfigManager: updateConfiguration freq=2412 BSSID=b4:5d:50:03:1b:c0 RSSI=-45 "XLYL"WPA_PSK
09-01 17:37:14.273  1578  1835 W qti_sensors_hal: timestampCalc: Adjusting timestamp for rollover: 2181623221551278, -9
09-01 17:37:14.605  1578  1835 W qti_sensors_hal: timestampCalc: Adjusting timestamp for rollover: 2181623554223397, -9
09-01 17:37:14.738  1578  3298 E HsmCoreServiceImpl: onTransact in code is: 102
09-01 17:37:14.738  1578  3298 I MediaProcessHandler: processOp opType: 1, uid: 10017, pid: 31660
09-01 17:37:14.738  1578  3298 W MediaProcessHandler: remove target not exist, maybe the UI process: uid: 10017, pid: 31660
09-01 17:37:14.941  1578  1835 W qti_sensors_hal: timestampCalc: Adjusting timestamp for rollover: 2181623890008309, -9
09-01 17:37:15.277  1578  1835 W qti_sensors_hal: timestampCalc: Adjusting timestamp for rollover: 2181624226678231, -9
09-01 17:37:15.613  1578  1835 W qti_sensors_hal: timestampCalc: Adjusting timestamp for rollover: 2181624562320051, -9
09-01 17:37:15.949  1578  1835 I qti_sensors_hal: [LightSensor]processReportInd: the skip  luxValue  ItemData[0]:210000,ItemData[1]:b0000, lux:33.000000,cct:11.000000
09-01 17:37:15.949  1578  1835 W qti_sensors_hal: timestampCalc: Adjusting timestamp for rollover: 2181624898043928, -9
09-01 17:37:16.081   750   750 I hwaps   : JNI_OnLoad
09-01 17:37:16.084  1578  1578 I MQoS    : onSignal: mSubId=1,currDataSubID=0
09-01 17:37:16.084  1578  1578 I MQoS    : received cell-signal:1
09-01 17:37:16.084  1578 27924 I SendBroadcastPermission: action:android.intent.action.SIG_STR, mPermissionType:0
09-01 17:37:16.087 28563 32711 W MessageQueue: Handler (android.telephony.PhoneStateListener$1) {ca0eb64} sending message to a Handler on a dead thread
09-01 17:37:16.087 28563 32711 W MessageQueue: java.lang.IllegalStateException: Handler (android.telephony.PhoneStateListener$1) {ca0eb64} sending message to a Handler on a dead thread
09-01 17:37:16.087 28563 32711 W MessageQueue: 	at android.os.MessageQueue.enqueueMessage(MessageQueue.java:616)
09-01 17:37:16.087 28563 32711 W MessageQueue: 	at android.os.Handler.enqueueMessage(Handler.java:653)
09-01 17:37:16.087 28563 32711 W MessageQueue: 	at android.os.Handler.sendMessageAtTime(Handler.java:622)
09-01 17:37:16.087 28563 32711 W MessageQueue: 	at android.os.Handler.sendMessageDelayed(Handler.java:592)
09-01 17:37:16.087 28563 32711 W MessageQueue: 	at android.os.Handler.sendMessage(Handler.java:526)
09-01 17:37:16.087 28563 32711 W MessageQueue: 	at android.os.Message.sendToTarget(Message.java:421)
09-01 17:37:16.087 28563 32711 W MessageQueue: 	at android.telephony.PhoneStateListener$IPhoneStateListenerStub.send(PhoneStateListener.java:555)
09-01 17:37:16.087 28563 32711 W MessageQueue: 	at android.telephony.PhoneStateListener$IPhoneStateListenerStub.onSignalStrengthsChanged(PhoneStateListener.java:601)
09-01 17:37:16.087 28563 32711 W MessageQueue: 	at com.android.internal.telephony.IPhoneStateListener$Stub.onTransact(IPhoneStateListener.java:133)
09-01 17:37:16.087 28563 32711 W MessageQueue: 	at android.os.Binder.execTransact(Binder.java:565)
09-01 17:37:16.155   436  3038 E ANDR-PERF-RESOURCEQS: Failed to apply optimization [4, 0]
09-01 17:37:16.159  2370 26917 I PGServer: android calls fast hibernateApps
09-01 17:37:16.159  2370 26917 I AppFastHibernation: fast hibernate duration: 1500 reason: start activity
09-01 17:37:16.161   565   565 I Pged-IPgedBinderService: ****action is 1, pid num is 2***
09-01 17:37:16.161   565   565 I Pged-Freezer: freezePids
09-01 17:37:16.161   565   565 I Pged-Freezer: Freeze process: 10098
09-01 17:37:16.171   750   750 I System.out: jiangbin--> msg.what PAUSE_ACTIVITY
09-01 17:37:16.171   750   750 I System.out: jiangbin--> msg.obj com.android.internal.os.SomeArgs@e2f35a com.android.internal.os.SomeArgs
09-01 17:37:16.184   750   750 I System.out: jiangbin--> msg.what LAUNCH_ACTIVITY
09-01 17:37:16.184   750   750 I System.out: jiangbin--> msg.obj ActivityRecord{863398b token=android.os.BinderProxy@a4a0a68 {com.peter.activitymanagertest/com.peter.activitymanagertest.activity.RecyclerViewActivity}} android.app.ActivityThread$ActivityClientRecord
09-01 17:37:16.184   750   750 I System.out: jiangbin-->stateStringActivityClientRecord{paused=false, stopped=false, hideForNow=false, startsNotResumed=false, isForward=true, pendingConfigChanges=0, onlyLocalRequest=false, preserveWindow=false}
09-01 17:37:16.234   750   750 I HwPointEventFilter: do not support AFT because of no config
09-01 17:37:16.284  1578  1835 I qti_sensors_hal: [LightSensor]processReportInd: the skip  luxValue  ItemData[0]:180000,ItemData[1]:80000, lux:24.000000,cct:8.000000
09-01 17:37:16.284  1578  1835 W qti_sensors_hal: timestampCalc: Adjusting timestamp for rollover: 2181625233554182, -9
09-01 17:37:16.288  1578  2684 E HsmCoreServiceImpl: onTransact in code is: 103
09-01 17:37:16.288  1578  2684 I MediaProcessHandler: playingUids: 
09-01 17:37:16.311  7686  7686 I wangchen: SysInfo.getSysParam: orientation=1||config d=2.0,w=720,h=1208||metrics d=2.0,w=720,h=1208||sdk=24,bar_h=48
09-01 17:37:16.311  7686  7686 I KeymapLoader: w=720 h=1208 ori=true appScale=2.25 s1=2.0
09-01 17:37:16.332   750   750 E jbgod   : jiangbin --> RecyclerViewActivity cachedViews.size = 0
09-01 17:37:16.332   750   750 E jbgod   : 
09-01 17:37:16.332   750   750 E jbgod   : recycledViewPool.size = 0
09-01 17:37:16.332   750   750 E jbgod   : 
09-01 17:37:16.332   750   750 E jbgod   : =======================
09-01 17:37:16.342  1578  1689 I ActivityManager: Displayed com.peter.activitymanagertest/.activity.RecyclerViewActivity: +169ms
09-01 17:37:16.354   750   750 E jbgod   : jiangbin --> RecyclerViewActivity cachedViews.size = 0
09-01 17:37:16.354   750   750 E jbgod   : 
09-01 17:37:16.354   750   750 E jbgod   : recycledViewPool.size = 0
09-01 17:37:16.354   750   750 E jbgod   : 
09-01 17:37:16.354   750   750 E jbgod   : =======================
09-01 17:37:16.474   750   750 I System.out: jiangbin--> msg.what ENTER_ANIMATION_COMPLETE
09-01 17:37:16.474   750   750 I System.out: jiangbin--> msg.obj android.os.BinderProxy@a4a0a68 android.os.BinderProxy
09-01 17:37:16.475   750   750 E jbgod   : jiangbin --> RecyclerViewActivity cachedViews.size = 0
09-01 17:37:16.475   750   750 E jbgod   : 
09-01 17:37:16.475   750   750 E jbgod   : recycledViewPool.size = 0
09-01 17:37:16.475   750   750 E jbgod   : 
09-01 17:37:16.475   750   750 E jbgod   : =======================
09-01 17:37:16.483   750   750 I System.out: jiangbin--> msg.what STOP_ACTIVITY_HIDE
09-01 17:37:16.483   750   750 I System.out: jiangbin--> msg.obj com.android.internal.os.SomeArgs@e2f35a com.android.internal.os.SomeArgs
09-01 17:37:16.515   750   750 E jbgod   : jiangbin --> RecyclerViewActivity cachedViews.size = 0
09-01 17:37:16.515   750   750 E jbgod   : 
09-01 17:37:16.515   750   750 E jbgod   : recycledViewPool.size = 0
09-01 17:37:16.515   750   750 E jbgod   : 
09-01 17:37:16.515   750   750 E jbgod   : =======================
09-01 17:37:16.597  1578  1942 E HwCHRWebMonitor: WebMonitor [mNetWorkIsSuck=0 mUIDIsSuck=]  WebSpeed [WEBSENDSEGS=0  WEBRESENDSEGS=0  WEBRECVSEGS=0  WEBERRSEGS=0  WEBOUTRSTS=0  WEBESTABLISRST=0  WEBRTTDURATION=0  WEBRTTSEGS=0  WEBSRTT=160  WEBSNDDUPACKS=0  SENDSEGS=0  RESENDSEGS=0  RECVSEGS=0  ERRSEGS=0  OUTRSTS=0  ESTABLISRST=0  RTTDURATION=0  RTTSEGS=0  SNDDUPACKS=0  suckTimes=0 recovage_times=0]
09-01 17:37:16.597  1578  1942 E HwCHRWifiRSSIGroupSummery: updateTcpSummery mRSSI:-46  HwCHRWifiRSSIGroup [rssi_index=4, rtt_tcp_packets=130, rtt_tcp_duration=399, rtt_lan_duration=5273, rtt_lan_failures=0, rtt_lan_succ=211, rtt_lan_max=536, rtt_lan_min=5,same_area_frequency=0,adjacent_area_frequency=0]
09-01 17:37:16.613  1578  1942 E HwCHRWebMonitor: HwCHRWifiPacketCnt [mTXGood=0, mTXbad=0, mRXGood=0] rssi=-46
09-01 17:37:16.614  1578  1942 E HwCHRWebMonitor: running processName=com.peter.activitymanagertest
09-01 17:37:16.620  1578  1835 I qti_sensors_hal: [LightSensor]processReportInd: the skip  luxValue  ItemData[0]:120000,ItemData[1]:60000, lux:18.000000,cct:6.000000
09-01 17:37:16.620  1578  1835 W qti_sensors_hal: timestampCalc: Adjusting timestamp for rollover: 2181625569339094, -9
09-01 17:37:16.956  1578  1835 W qti_sensors_hal: timestampCalc: Adjusting timestamp for rollover: 2181625905398664, -9
09-01 17:37:17.024  2175  2175 E wpa_supp: RSSI=-47;LINKSPEED=72;NOISE=9999;FREQUENCY=2412;
09-01 17:37:17.025  1578  1898 E WifiConfigManager: updateConfiguration freq=2412 BSSID=b4:5d:50:03:1b:c0 RSSI=-46 "XLYL"WPA_PSK
09-01 17:37:17.291  1578  1835 W qti_sensors_hal: timestampCalc: Adjusting timestamp for rollover: 2181626240817366, -9
09-01 17:37:17.409   750   750 I System.out: jiangbin--> msg.what ENABLE_JIT
09-01 17:37:17.409   750   750 E jbgod   : jiangbin --> RecyclerViewActivity cachedViews.size = 0
09-01 17:37:17.409   750   750 E jbgod   : 
09-01 17:37:17.409   750   750 E jbgod   : recycledViewPool.size = 0
09-01 17:37:17.409   750   750 E jbgod   : 
09-01 17:37:17.409   750   750 E jbgod   : =======================
09-01 17:37:17.627  1578  1835 I qti_sensors_hal: [LightSensor]processReportInd: the skip  luxValue  ItemData[0]:150000,ItemData[1]:70000, lux:21.000000,cct:7.000000
09-01 17:37:17.627  1578  1835 W qti_sensors_hal: timestampCalc: Adjusting timestamp for rollover: 2181626576510725, -9
09-01 17:37:17.664   565   787 I Pged-IPgedBinderService: ****action is 2, pid num is 2***
09-01 17:37:17.664   565   787 I Pged-Freezer: thawPids
09-01 17:37:17.778  1578  1686 I EventHub: EventHub monitor: no key events in the past 13795s, 
09-01 17:37:17.963  1578  1835 W qti_sensors_hal: timestampCalc: Adjusting timestamp for rollover: 2181626912234602, -9
09-01 17:37:18.298  1578  1835 W qti_sensors_hal: timestampCalc: Adjusting timestamp for rollover: 2181627247897444, -9
09-01 17:37:18.356  1578  1578 I TrafficMonitor: expired arrive. level:-1
09-01 17:37:18.357  1578  1578 I TrafficMonitor: update:rxPkts:0,txPkts:0,rxBytes:0,txBytes:0
09-01 17:37:18.357  1578  1578 I TrafficMonitor: start expired. level:-1
09-01 17:37:18.357  1578  1578 I TrafficMonitor: gettimer:interval=5000
09-01 17:37:18.357  1578  1578 I TrafficMonitor: during_ms:5003,period_ms:2000
09-01 17:37:18.357  1578  1578 I TrafficMonitor: count:56,rx_sum:0,tx_sum:0,rxBytes:0,during_ms:5003,rx_speed:0.0,tx_speed:0.0,rto:0.0
09-01 17:37:18.372   564   564 E Thermal-daemon: [ap] temp_new :35  temp_old :36
09-01 17:37:18.372   564   564 E ThermalBinder: mThermalService is NULL!
09-01 17:37:18.372   564   564 E Thermal-daemon: Report temperature: [ap] temp :35  report_threshold:1
09-01 17:37:18.634  1578  1835 W qti_sensors_hal: timestampCalc: Adjusting timestamp for rollover: 2181627583590803, -9
09-01 17:37:18.970  1578  1835 W qti_sensors_hal: timestampCalc: Adjusting timestamp for rollover: 2181627919528303, -9
09-01 17:37:19.305  1578  1835 W qti_sensors_hal: timestampCalc: Adjusting timestamp for rollover: 2181628254000959, -9
09-01 17:37:19.321  2175  2175 E wpa_supp: RSSI=-47;LINKSPEED=72;NOISE=9999;FREQUENCY=2412;
09-01 17:37:19.322  1578  1898 E WifiConfigManager: updateConfiguration freq=2412 BSSID=b4:5d:50:03:1b:c0 RSSI=-46 "XLYL"WPA_PSK
