09-01 17:37:19.340  1578  1953 I HuaweiWifiWatchdogStateMachine: spd good count:0, add sc:0.0, rate:1.0
09-01 17:37:19.341  1578  1953 I HuaweiWifiWatchdogStateMachine: current mHighDataFlowRate = 1.0
09-01 17:37:19.341  1578  1953 I HuaweiWifiWatchdogStateMachine: POta txb txg rxg:0, 7, 0. Lr =0% Totpkt=7
09-01 17:37:19.341  1578  1578 I QosMonitor: queryRtt: rtt_type = 3
09-01 17:37:19.341  1578  1578 I WifiProJNI: ######### GET RTT:3 ########
09-01 17:37:19.341  1578  1578 I WifiProJNI: ######### CMD_QUERY_PKTS ########
09-01 17:37:19.342  1578  1951 I QosMonitor: postEventFromNative: msg=100,arg1=4,arg2=9
09-01 17:37:19.342  1578  1951 W WifiProJNI: poll before: g_monitor_fd =307
09-01 17:37:19.342  1578  1951 I QosMonitor: postEventFromNative: msg=100,arg1=0,arg2=9
09-01 17:37:19.342  1578  1951 W WifiProJNI: poll before: g_monitor_fd =307
09-01 17:37:19.342  1578  1578 I MQoS    : rtt=160,tcp_tx_pkts=439506,tcp_rx_pkts=520947
09-01 17:37:19.344  1578  1953 I HuaweiWifiWatchdogStateMachine: PTcp RTT:0, rtt pkt=0, tcp_rx=0, tcp_tx=0, tcp_reTran=0, rtRate=0
09-01 17:37:19.345  1578  3580 I MQoS    : QOS_level:0(0),wifi-link;SIM error;use level-0
09-01 17:37:19.641  1578  1835 W qti_sensors_hal: timestampCalc: Adjusting timestamp for rollover: 2181628590670881, -9
09-01 17:37:19.977  1578  1835 W qti_sensors_hal: timestampCalc: Adjusting timestamp for rollover: 2181628926547346, -9
09-01 17:37:20.043  2175  2175 E wpa_supp: RSSI=-45;LINKSPEED=72;NOISE=9999;FREQUENCY=2412;
09-01 17:37:20.044  1578  1898 E WifiConfigManager: updateConfiguration freq=2412 BSSID=b4:5d:50:03:1b:c0 RSSI=-45 "XLYL"WPA_PSK
09-01 17:37:20.313  1578  1835 W qti_sensors_hal: timestampCalc: Adjusting timestamp for rollover: 2181629262057600, -9
09-01 17:37:20.422  1578  3222 E LocSvc_libulp: I/int ulp_msg_process_system_update(const UlpSystemEvent): systemEvent:5 
09-01 17:37:20.422  1578  3222 E LocSvc_libulp: I/===> int ulp_brain_turn_onoff_dr_provider() line 848 
09-01 17:37:20.422  1578  3222 E LocSvc_libulp: I/===> int ulp_dr_stop_engine() line 235 
09-01 17:37:20.422  1578  3222 E LocSvc_libulp: I/int ulp_msg_process_start_req(), at ulp state = 1
09-01 17:37:20.423  1578  2437 E LocSvc_api_v02: I/---> locClientSendReq line 2069 QMI_LOC_GET_BEST_AVAILABLE_POSITION_REQ_V02
09-01 17:37:20.425  1578  2452 E LocSvc_ApiV02: I/<--- void globalRespCb(locClientHandleType, uint32_t, const locClientRespIndUnionType, uint32_t, void *) line 140 QMI_LOC_GET_BEST_AVAILABLE_POSITION_REQ_V02
09-01 17:37:20.425  1578  3222 E LocSvc_libulp: I/int ulp_brain_process_zpp_position_report(const enum loc_sess_status, LocPosTechMask, UlpLocation *), report ZPP position to providers,report_position = 1
09-01 17:37:20.425  1578  3222 E LocSvc_libulp: I/===> int ulp_brain_turn_onoff_dr_provider() line 848 
09-01 17:37:20.425  1578  3222 E LocSvc_libulp: I/===> int ulp_dr_stop_engine() line 235 
09-01 17:37:20.648  1578  1835 W qti_sensors_hal: timestampCalc: Adjusting timestamp for rollover: 2181629597781477, -9
09-01 17:37:20.984  1578  1835 W qti_sensors_hal: timestampCalc: Adjusting timestamp for rollover: 2181629933444319, -9
09-01 17:37:21.320  1578  1835 W qti_sensors_hal: timestampCalc: Adjusting timestamp for rollover: 2181630269412336, -9
09-01 17:37:21.606  1578  1942 E HwCHRWebMonitor: WebMonitor [mNetWorkIsSuck=0 mUIDIsSuck=]  WebSpeed [WEBSENDSEGS=0  WEBRESENDSEGS=0  WEBRECVSEGS=0  WEBERRSEGS=0  WEBOUTRSTS=0  WEBESTABLISRST=0  WEBRTTDURATION=0  WEBRTTSEGS=0  WEBSRTT=160  WEBSNDDUPACKS=0  SENDSEGS=0  RESENDSEGS=0  RECVSEGS=0  ERRSEGS=0  OUTRSTS=0  ESTABLISRST=0  RTTDURATION=0  RTTSEGS=0  SNDDUPACKS=0  suckTimes=0 recovage_times=0]
09-01 17:37:21.606  1578  1942 E HwCHRWifiRSSIGroupSummery: updateTcpSummery mRSSI:-45  HwCHRWifiRSSIGroup [rssi_index=4, rtt_tcp_packets=130, rtt_tcp_duration=399, rtt_lan_duration=5273, rtt_lan_failures=0, rtt_lan_succ=211, rtt_lan_max=536, rtt_lan_min=5,same_area_frequency=0,adjacent_area_frequency=0]
09-01 17:37:21.622  1578  1942 E HwCHRWebMonitor: HwCHRWifiPacketCnt [mTXGood=0, mTXbad=0, mRXGood=0] rssi=-45
09-01 17:37:21.623  1578  1942 E HwCHRWebMonitor: running processName=com.peter.activitymanagertest
09-01 17:37:21.656  1578  1835 W qti_sensors_hal: timestampCalc: Adjusting timestamp for rollover: 2181630605197248, -9
09-01 17:37:21.991  1578  1835 W qti_sensors_hal: timestampCalc: Adjusting timestamp for rollover: 2181630940493879, -9
09-01 17:37:22.327  1578  1835 W qti_sensors_hal: timestampCalc: Adjusting timestamp for rollover: 2181631276828108, -9
09-01 17:37:22.663  1578  1835 W qti_sensors_hal: timestampCalc: Adjusting timestamp for rollover: 2181631611911116, -9
09-01 17:37:22.998  1578  1835 I qti_sensors_hal: [LightSensor]processReportInd: the skip  luxValue  ItemData[0]:120000,ItemData[1]:60000, lux:18.000000,cct:6.000000
09-01 17:37:22.998  1578  1835 W qti_sensors_hal: timestampCalc: Adjusting timestamp for rollover: 2181631947634992, -9
09-01 17:37:23.064  2175  2175 E wpa_supp: RSSI=-45;LINKSPEED=72;NOISE=9999;FREQUENCY=2412;
09-01 17:37:23.065  1578  1898 E WifiConfigManager: updateConfiguration freq=2412 BSSID=b4:5d:50:03:1b:c0 RSSI=-45 "XLYL"WPA_PSK
09-01 17:37:23.334  1578  1835 W qti_sensors_hal: timestampCalc: Adjusting timestamp for rollover: 2181632283541975, -9
09-01 17:37:23.361  1578  1578 I TrafficMonitor: expired arrive. level:-1
09-01 17:37:23.362  1578  1578 I TrafficMonitor: update:rxPkts:0,txPkts:0,rxBytes:0,txBytes:0
09-01 17:37:23.362  1578  1578 I TrafficMonitor: start expired. level:-1
09-01 17:37:23.362  1578  1578 I TrafficMonitor: gettimer:interval=5000
09-01 17:37:23.362  1578  1578 I TrafficMonitor: during_ms:5005,period_ms:2000
09-01 17:37:23.362  1578  1578 I TrafficMonitor: count:57,rx_sum:0,tx_sum:0,rxBytes:0,during_ms:5005,rx_speed:0.0,tx_speed:0.0,rto:0.0
09-01 17:37:23.669  1578  1835 W qti_sensors_hal: timestampCalc: Adjusting timestamp for rollover: 2181632618014631, -9
09-01 17:37:24.005  1578  1835 I qti_sensors_hal: [LightSensor]processReportInd: the skip  luxValue  ItemData[0]:150000,ItemData[1]:70000, lux:21.000000,cct:7.000000
09-01 17:37:24.005  1578  1835 W qti_sensors_hal: timestampCalc: Adjusting timestamp for rollover: 2181632954684553, -9
09-01 17:37:24.341  1578  1835 I qti_sensors_hal: [LightSensor]processReportInd: the skip  luxValue  ItemData[0]:1e0000,ItemData[1]:a0000, lux:30.000000,cct:10.000000
09-01 17:37:24.341  1578  1835 W qti_sensors_hal: timestampCalc: Adjusting timestamp for rollover: 2181633290408430, -9
09-01 17:37:24.677  1578  1835 I qti_sensors_hal: [LightSensor]processReportInd: the skip  luxValue  ItemData[0]:1b0000,ItemData[1]:90000, lux:27.000000,cct:9.000000
09-01 17:37:24.677  1578  1835 W qti_sensors_hal: timestampCalc: Adjusting timestamp for rollover: 2181633626071272, -9
09-01 17:37:24.771  1578  1841 W qti_sensors_hal: timestampCalc: Adjusting timestamp for rollover: 2181633467105207, -9
09-01 17:37:25.012  1578  1835 W qti_sensors_hal: timestampCalc: Adjusting timestamp for rollover: 2181633961764631, -9
09-01 17:37:25.348  1578  1835 W qti_sensors_hal: timestampCalc: Adjusting timestamp for rollover: 2181634297763166, -9
09-01 17:37:25.510   750   750 E jbgod   : jiangbin --> RecyclerViewActivity cachedViews.size = 0
09-01 17:37:25.510   750   750 E jbgod   : 
09-01 17:37:25.510   750   750 E jbgod   : recycledViewPool.size = 0
09-01 17:37:25.510   750   750 E jbgod   : 
09-01 17:37:25.510   750   750 E jbgod   : =======================
09-01 17:37:25.531   750   750 E jbgod   : jiangbin --> RecyclerViewActivity cachedViews.size = 0
09-01 17:37:25.531   750   750 E jbgod   : 
09-01 17:37:25.531   750   750 E jbgod   : recycledViewPool.size = 0
09-01 17:37:25.531   750   750 E jbgod   : 
09-01 17:37:25.531   750   750 E jbgod   : =======================
09-01 17:37:25.548   750   750 E jbgod   : jiangbin --> RecyclerViewActivity cachedViews.size = 0
09-01 17:37:25.548   750   750 E jbgod   : 
09-01 17:37:25.548   750   750 E jbgod   : recycledViewPool.size = 0
09-01 17:37:25.548   750   750 E jbgod   : 
09-01 17:37:25.548   750   750 E jbgod   : =======================
09-01 17:37:25.565   750   750 E jbgod   : jiangbin --> RecyclerViewActivity cachedViews.size = 0
09-01 17:37:25.565   750   750 E jbgod   : 
09-01 17:37:25.565   750   750 E jbgod   : recycledViewPool.size = 0
09-01 17:37:25.565   750   750 E jbgod   : 
09-01 17:37:25.565   750   750 E jbgod   : =======================
09-01 17:37:25.581   750   750 E jbgod   : jiangbin --> RecyclerViewActivity cachedViews.size = 0
09-01 17:37:25.581   750   750 E jbgod   : 
09-01 17:37:25.581   750   750 E jbgod   : recycledViewPool.size = 0
09-01 17:37:25.581   750   750 E jbgod   : 
09-01 17:37:25.581   750   750 E jbgod   : =======================
09-01 17:37:25.593   750   750 E jbgod   : jiangbin --> RecyclerViewActivity cachedViews.size = 0
09-01 17:37:25.593   750   750 E jbgod   : 
09-01 17:37:25.593   750   750 E jbgod   : recycledViewPool.size = 0
09-01 17:37:25.593   750   750 E jbgod   : 
09-01 17:37:25.593   750   750 E jbgod   : =======================
09-01 17:37:25.615   750   750 E jbgod   : jiangbin --> RecyclerViewActivity cachedViews.size = 0
09-01 17:37:25.615   750   750 E jbgod   : 
09-01 17:37:25.615   750   750 E jbgod   : recycledViewPool.size = 0
09-01 17:37:25.615   750   750 E jbgod   : 
09-01 17:37:25.615   750   750 E jbgod   : =======================
09-01 17:37:25.627   750   750 E jbgod   : jiangbin --> RecyclerViewActivity cachedViews.size = 0
09-01 17:37:25.627   750   750 E jbgod   : 
09-01 17:37:25.627   750   750 E jbgod   : recycledViewPool.size = 0
09-01 17:37:25.627   750   750 E jbgod   : 
09-01 17:37:25.627   750   750 E jbgod   : =======================
09-01 17:37:25.659   750   750 E jbgod   : jiangbin --> RecyclerViewActivity cachedViews.size = 1
09-01 17:37:25.659   750   750 E jbgod   : ========= cachedViews
09-01 17:37:25.659   750   750 E jbgod   : ViewHolder{7d6ddae position=6 id=-1, oldPos=-1, pLpos:-1 no parent}
09-01 17:37:25.659   750   750 E jbgod   : 
09-01 17:37:25.659   750   750 E jbgod   : recycledViewPool.size = 0
09-01 17:37:25.659   750   750 E jbgod   : 
09-01 17:37:25.659   750   750 E jbgod   : =======================
09-01 17:37:25.680   750   750 E jbgod   : jiangbin --> RecyclerViewActivity cachedViews.size = 1
09-01 17:37:25.680   750   750 E jbgod   : ========= cachedViews
09-01 17:37:25.680   750   750 E jbgod   : ViewHolder{7d6ddae position=6 id=-1, oldPos=-1, pLpos:-1 no parent}
09-01 17:37:25.680   750   750 E jbgod   : 
09-01 17:37:25.680   750   750 E jbgod   : recycledViewPool.size = 0
09-01 17:37:25.680   750   750 E jbgod   : 
09-01 17:37:25.680   750   750 E jbgod   : =======================
09-01 17:37:25.684  1578  1835 W qti_sensors_hal: timestampCalc: Adjusting timestamp for rollover: 2181634633290112, -9
09-01 17:37:25.708   750   750 E jbgod   : jiangbin --> RecyclerViewActivity cachedViews.size = 1
09-01 17:37:25.708   750   750 E jbgod   : ========= cachedViews
09-01 17:37:25.708   750   750 E jbgod   : ViewHolder{7d6ddae position=6 id=-1, oldPos=-1, pLpos:-1 no parent}
09-01 17:37:25.708   750   750 E jbgod   : 
09-01 17:37:25.708   750   750 E jbgod   : recycledViewPool.size = 0
09-01 17:37:25.708   750   750 E jbgod   : 
09-01 17:37:25.708   750   750 E jbgod   : =======================
09-01 17:37:25.721   750   750 E jbgod   : jiangbin --> RecyclerViewActivity cachedViews.size = 1
09-01 17:37:25.721   750   750 E jbgod   : ========= cachedViews
09-01 17:37:25.721   750   750 E jbgod   : ViewHolder{7d6ddae position=6 id=-1, oldPos=-1, pLpos:-1 no parent}
09-01 17:37:25.721   750   750 E jbgod   : 
09-01 17:37:25.721   750   750 E jbgod   : recycledViewPool.size = 0
09-01 17:37:25.721   750   750 E jbgod   : 
09-01 17:37:25.721   750   750 E jbgod   : =======================
09-01 17:37:25.737   750   750 E jbgod   : jiangbin --> RecyclerViewActivity cachedViews.size = 1
09-01 17:37:25.737   750   750 E jbgod   : ========= cachedViews
09-01 17:37:25.737   750   750 E jbgod   : ViewHolder{7d6ddae position=6 id=-1, oldPos=-1, pLpos:-1 no parent}
09-01 17:37:25.737   750   750 E jbgod   : 
09-01 17:37:25.737   750   750 E jbgod   : recycledViewPool.size = 0
09-01 17:37:25.737   750   750 E jbgod   : 
09-01 17:37:25.737   750   750 E jbgod   : =======================
09-01 17:37:25.752   750   750 E jbgod   : jiangbin --> RecyclerViewActivity cachedViews.size = 1
09-01 17:37:25.752   750   750 E jbgod   : ========= cachedViews
09-01 17:37:25.752   750   750 E jbgod   : ViewHolder{7d6ddae position=6 id=-1, oldPos=-1, pLpos:-1 no parent}
09-01 17:37:25.752   750   750 E jbgod   : 
09-01 17:37:25.752   750   750 E jbgod   : recycledViewPool.size = 0
09-01 17:37:25.752   750   750 E jbgod   : 
09-01 17:37:25.752   750   750 E jbgod   : =======================
09-01 17:37:25.768   750   750 E jbgod   : jiangbin --> RecyclerViewActivity cachedViews.size = 1
09-01 17:37:25.768   750   750 E jbgod   : ========= cachedViews
09-01 17:37:25.768   750   750 E jbgod   : ViewHolder{7d6ddae position=6 id=-1, oldPos=-1, pLpos:-1 no parent}
09-01 17:37:25.768   750   750 E jbgod   : 
09-01 17:37:25.768   750   750 E jbgod   : recycledViewPool.size = 0
09-01 17:37:25.768   750   750 E jbgod   : 
09-01 17:37:25.768   750   750 E jbgod   : =======================
09-01 17:37:25.786   750   750 E jbgod   : jiangbin --> RecyclerViewActivity cachedViews.size = 1
09-01 17:37:25.786   750   750 E jbgod   : ========= cachedViews
09-01 17:37:25.786   750   750 E jbgod   : ViewHolder{7d6ddae position=6 id=-1, oldPos=-1, pLpos:-1 no parent}
09-01 17:37:25.786   750   750 E jbgod   : 
09-01 17:37:25.786   750   750 E jbgod   : recycledViewPool.size = 0
09-01 17:37:25.786   750   750 E jbgod   : 
09-01 17:37:25.786   750   750 E jbgod   : =======================
09-01 17:37:25.801   750   750 E jbgod   : jiangbin --> RecyclerViewActivity cachedViews.size = 1
09-01 17:37:25.801   750   750 E jbgod   : ========= cachedViews
09-01 17:37:25.801   750   750 E jbgod   : ViewHolder{7d6ddae position=6 id=-1, oldPos=-1, pLpos:-1 no parent}
09-01 17:37:25.801   750   750 E jbgod   : 
09-01 17:37:25.801   750   750 E jbgod   : recycledViewPool.size = 0
09-01 17:37:25.801   750   750 E jbgod   : 
09-01 17:37:25.801   750   750 E jbgod   : =======================
09-01 17:37:25.818   750   750 E jbgod   : jiangbin --> RecyclerViewActivity cachedViews.size = 1
09-01 17:37:25.818   750   750 E jbgod   : ========= cachedViews
09-01 17:37:25.818   750   750 E jbgod   : ViewHolder{7d6ddae position=6 id=-1, oldPos=-1, pLpos:-1 no parent}
09-01 17:37:25.818   750   750 E jbgod   : 
09-01 17:37:25.818   750   750 E jbgod   : recycledViewPool.size = 0
09-01 17:37:25.818   750   750 E jbgod   : 
09-01 17:37:25.818   750   750 E jbgod   : =======================
09-01 17:37:25.835   750   750 E jbgod   : jiangbin --> RecyclerViewActivity cachedViews.size = 1
09-01 17:37:25.835   750   750 E jbgod   : ========= cachedViews
09-01 17:37:25.835   750   750 E jbgod   : ViewHolder{7d6ddae position=6 id=-1, oldPos=-1, pLpos:-1 no parent}
09-01 17:37:25.835   750   750 E jbgod   : 
09-01 17:37:25.835   750   750 E jbgod   : recycledViewPool.size = 0
09-01 17:37:25.835   750   750 E jbgod   : 
09-01 17:37:25.835   750   750 E jbgod   : =======================
09-01 17:37:25.852   750   750 E jbgod   : jiangbin --> RecyclerViewActivity cachedViews.size = 1
09-01 17:37:25.852   750   750 E jbgod   : ========= cachedViews
09-01 17:37:25.852   750   750 E jbgod   : ViewHolder{7d6ddae position=6 id=-1, oldPos=-1, pLpos:-1 no parent}
09-01 17:37:25.852   750   750 E jbgod   : 
09-01 17:37:25.852   750   750 E jbgod   : recycledViewPool.size = 0
09-01 17:37:25.852   750   750 E jbgod   : 
09-01 17:37:25.852   750   750 E jbgod   : =======================
09-01 17:37:25.868   750   750 E jbgod   : jiangbin --> RecyclerViewActivity cachedViews.size = 1
09-01 17:37:25.868   750   750 E jbgod   : ========= cachedViews
09-01 17:37:25.868   750   750 E jbgod   : ViewHolder{7d6ddae position=6 id=-1, oldPos=-1, pLpos:-1 no parent}
09-01 17:37:25.868   750   750 E jbgod   : 
09-01 17:37:25.868   750   750 E jbgod   : recycledViewPool.size = 0
09-01 17:37:25.868   750   750 E jbgod   : 
09-01 17:37:25.868   750   750 E jbgod   : =======================
09-01 17:37:25.884   750   750 E jbgod   : jiangbin --> RecyclerViewActivity cachedViews.size = 1
09-01 17:37:25.884   750   750 E jbgod   : ========= cachedViews
09-01 17:37:25.884   750   750 E jbgod   : ViewHolder{7d6ddae position=6 id=-1, oldPos=-1, pLpos:-1 no parent}
09-01 17:37:25.884   750   750 E jbgod   : 
09-01 17:37:25.884   750   750 E jbgod   : recycledViewPool.size = 0
09-01 17:37:25.884   750   750 E jbgod   : 
09-01 17:37:25.884   750   750 E jbgod   : =======================
09-01 17:37:25.902   750   750 E jbgod   : jiangbin --> RecyclerViewActivity cachedViews.size = 1
09-01 17:37:25.902   750   750 E jbgod   : ========= cachedViews
09-01 17:37:25.902   750   750 E jbgod   : ViewHolder{7d6ddae position=6 id=-1, oldPos=-1, pLpos:-1 no parent}
09-01 17:37:25.902   750   750 E jbgod   : 
09-01 17:37:25.902   750   750 E jbgod   : recycledViewPool.size = 0
09-01 17:37:25.902   750   750 E jbgod   : 
09-01 17:37:25.902   750   750 E jbgod   : =======================
09-01 17:37:25.903   750   755 I art     : Do partial code cache collection, code=14KB, data=30KB
09-01 17:37:25.904   750   755 I art     : After code cache collection, code=14KB, data=30KB
09-01 17:37:25.904   750   755 I art     : Increasing code cache capacity to 128KB
09-01 17:37:25.919   750   750 E jbgod   : jiangbin --> RecyclerViewActivity cachedViews.size = 1
09-01 17:37:25.919   750   750 E jbgod   : ========= cachedViews
09-01 17:37:25.919   750   750 E jbgod   : ViewHolder{7d6ddae position=6 id=-1, oldPos=-1, pLpos:-1 no parent}
09-01 17:37:25.919   750   750 E jbgod   : 
09-01 17:37:25.919   750   750 E jbgod   : recycledViewPool.size = 0
09-01 17:37:25.919   750   750 E jbgod   : 
09-01 17:37:25.919   750   750 E jbgod   : =======================
09-01 17:37:25.936   750   750 E jbgod   : jiangbin --> RecyclerViewActivity cachedViews.size = 1
09-01 17:37:25.936   750   750 E jbgod   : ========= cachedViews
09-01 17:37:25.936   750   750 E jbgod   : ViewHolder{7d6ddae position=6 id=-1, oldPos=-1, pLpos:-1 no parent}
09-01 17:37:25.936   750   750 E jbgod   : 
09-01 17:37:25.936   750   750 E jbgod   : recycledViewPool.size = 0
09-01 17:37:25.936   750   750 E jbgod   : 
09-01 17:37:25.936   750   750 E jbgod   : =======================
09-01 17:37:25.952   750   750 E jbgod   : jiangbin --> RecyclerViewActivity cachedViews.size = 1
09-01 17:37:25.952   750   750 E jbgod   : ========= cachedViews
09-01 17:37:25.952   750   750 E jbgod   : ViewHolder{7d6ddae position=6 id=-1, oldPos=-1, pLpos:-1 no parent}
09-01 17:37:25.952   750   750 E jbgod   : 
09-01 17:37:25.952   750   750 E jbgod   : recycledViewPool.size = 0
09-01 17:37:25.952   750   750 E jbgod   : 
09-01 17:37:25.952   750   750 E jbgod   : =======================
09-01 17:37:25.967   750   750 E jbgod   : jiangbin --> RecyclerViewActivity cachedViews.size = 1
09-01 17:37:25.967   750   750 E jbgod   : ========= cachedViews
09-01 17:37:25.967   750   750 E jbgod   : ViewHolder{7d6ddae position=6 id=-1, oldPos=-1, pLpos:-1 no parent}
09-01 17:37:25.967   750   750 E jbgod   : 
09-01 17:37:25.967   750   750 E jbgod   : recycledViewPool.size = 0
09-01 17:37:25.967   750   750 E jbgod   : 
09-01 17:37:25.967   750   750 E jbgod   : =======================
09-01 17:37:25.987   750   750 E jbgod   : jiangbin --> RecyclerViewActivity cachedViews.size = 1
09-01 17:37:25.987   750   750 E jbgod   : ========= cachedViews
09-01 17:37:25.987   750   750 E jbgod   : ViewHolder{7d6ddae position=6 id=-1, oldPos=-1, pLpos:-1 no parent}
09-01 17:37:25.987   750   750 E jbgod   : 
09-01 17:37:25.987   750   750 E jbgod   : recycledViewPool.size = 0
09-01 17:37:25.987   750   750 E jbgod   : 
09-01 17:37:25.987   750   750 E jbgod   : =======================
09-01 17:37:26.003   750   750 E jbgod   : jiangbin --> RecyclerViewActivity cachedViews.size = 1
09-01 17:37:26.003   750   750 E jbgod   : ========= cachedViews
09-01 17:37:26.003   750   750 E jbgod   : ViewHolder{7d6ddae position=6 id=-1, oldPos=-1, pLpos:-1 no parent}
09-01 17:37:26.003   750   750 E jbgod   : 
09-01 17:37:26.003   750   750 E jbgod   : recycledViewPool.size = 0
09-01 17:37:26.003   750   750 E jbgod   : 
09-01 17:37:26.003   750   750 E jbgod   : =======================
09-01 17:37:26.019   750   750 E jbgod   : jiangbin --> RecyclerViewActivity cachedViews.size = 1
09-01 17:37:26.019   750   750 E jbgod   : ========= cachedViews
09-01 17:37:26.019   750   750 E jbgod   : ViewHolder{7d6ddae position=6 id=-1, oldPos=-1, pLpos:-1 no parent}
09-01 17:37:26.019   750   750 E jbgod   : 
09-01 17:37:26.019   750   750 E jbgod   : recycledViewPool.size = 0
09-01 17:37:26.019   750   750 E jbgod   : 
09-01 17:37:26.019   750   750 E jbgod   : =======================
09-01 17:37:26.020  1578  1835 W qti_sensors_hal: timestampCalc: Adjusting timestamp for rollover: 2181634968769849, -9
09-01 17:37:26.037   750   750 E jbgod   : jiangbin --> RecyclerViewActivity cachedViews.size = 1
09-01 17:37:26.037   750   750 E jbgod   : ========= cachedViews
09-01 17:37:26.037   750   750 E jbgod   : ViewHolder{7d6ddae position=6 id=-1, oldPos=-1, pLpos:-1 no parent}
09-01 17:37:26.037   750   750 E jbgod   : 
09-01 17:37:26.037   750   750 E jbgod   : recycledViewPool.size = 0
09-01 17:37:26.037   750   750 E jbgod   : 
09-01 17:37:26.037   750   750 E jbgod   : =======================
09-01 17:37:26.054   750   750 E jbgod   : jiangbin --> RecyclerViewActivity cachedViews.size = 1
09-01 17:37:26.054   750   750 E jbgod   : ========= cachedViews
09-01 17:37:26.054   750   750 E jbgod   : ViewHolder{7d6ddae position=6 id=-1, oldPos=-1, pLpos:-1 no parent}
09-01 17:37:26.054   750   750 E jbgod   : 
09-01 17:37:26.054   750   750 E jbgod   : recycledViewPool.size = 0
09-01 17:37:26.054   750   750 E jbgod   : 
09-01 17:37:26.054   750   750 E jbgod   : =======================
09-01 17:37:26.072   750   750 E jbgod   : jiangbin --> RecyclerViewActivity cachedViews.size = 1
09-01 17:37:26.072   750   750 E jbgod   : ========= cachedViews
09-01 17:37:26.072   750   750 E jbgod   : ViewHolder{7d6ddae position=6 id=-1, oldPos=-1, pLpos:-1 no parent}
09-01 17:37:26.072   750   750 E jbgod   : 
09-01 17:37:26.072   750   750 E jbgod   : recycledViewPool.size = 0
09-01 17:37:26.072   750   750 E jbgod   : 
09-01 17:37:26.072   750   750 E jbgod   : =======================
09-01 17:37:26.085  2175  2175 E wpa_supp: RSSI=-43;LINKSPEED=72;NOISE=9999;FREQUENCY=2412;
09-01 17:37:26.086   750   750 E jbgod   : jiangbin --> RecyclerViewActivity cachedViews.size = 1
09-01 17:37:26.086   750   750 E jbgod   : ========= cachedViews
09-01 17:37:26.086   750   750 E jbgod   : ViewHolder{7d6ddae position=6 id=-1, oldPos=-1, pLpos:-1 no parent}
09-01 17:37:26.086   750   750 E jbgod   : 
09-01 17:37:26.086   750   750 E jbgod   : recycledViewPool.size = 0
09-01 17:37:26.086   750   750 E jbgod   : 
09-01 17:37:26.086   750   750 E jbgod   : =======================
09-01 17:37:26.088  1578  1898 E WifiConfigManager: updateConfiguration freq=2412 BSSID=b4:5d:50:03:1b:c0 RSSI=-43 "XLYL"WPA_PSK
09-01 17:37:26.104   750   750 E jbgod   : jiangbin --> RecyclerViewActivity cachedViews.size = 1
09-01 17:37:26.104   750   750 E jbgod   : ========= cachedViews
09-01 17:37:26.104   750   750 E jbgod   : ViewHolder{7d6ddae position=6 id=-1, oldPos=-1, pLpos:-1 no parent}
09-01 17:37:26.104   750   750 E jbgod   : 
09-01 17:37:26.104   750   750 E jbgod   : recycledViewPool.size = 0
09-01 17:37:26.104   750   750 E jbgod   : 
09-01 17:37:26.104   750   750 E jbgod   : =======================
09-01 17:37:26.122   750   750 E jbgod   : jiangbin --> RecyclerViewActivity cachedViews.size = 1
09-01 17:37:26.122   750   750 E jbgod   : ========= cachedViews
09-01 17:37:26.122   750   750 E jbgod   : ViewHolder{7d6ddae position=6 id=-1, oldPos=-1, pLpos:-1 no parent}
09-01 17:37:26.122   750   750 E jbgod   : 
09-01 17:37:26.122   750   750 E jbgod   : recycledViewPool.size = 0
09-01 17:37:26.122   750   750 E jbgod   : 
09-01 17:37:26.122   750   750 E jbgod   : =======================
09-01 17:37:26.136   750   750 E jbgod   : jiangbin --> RecyclerViewActivity cachedViews.size = 1
09-01 17:37:26.136   750   750 E jbgod   : ========= cachedViews
09-01 17:37:26.136   750   750 E jbgod   : ViewHolder{7d6ddae position=6 id=-1, oldPos=-1, pLpos:-1 no parent}
09-01 17:37:26.136   750   750 E jbgod   : 
09-01 17:37:26.136   750   750 E jbgod   : recycledViewPool.size = 0
09-01 17:37:26.136   750   750 E jbgod   : 
09-01 17:37:26.136   750   750 E jbgod   : =======================
09-01 17:37:26.156   750   750 E jbgod   : jiangbin --> RecyclerViewActivity cachedViews.size = 1
09-01 17:37:26.156   750   750 E jbgod   : ========= cachedViews
09-01 17:37:26.156   750   750 E jbgod   : ViewHolder{7d6ddae position=6 id=-1, oldPos=-1, pLpos:-1 no parent}
09-01 17:37:26.156   750   750 E jbgod   : 
09-01 17:37:26.156   750   750 E jbgod   : recycledViewPool.size = 0
09-01 17:37:26.156   750   750 E jbgod   : 
09-01 17:37:26.156   750   750 E jbgod   : =======================
09-01 17:37:26.167   750   750 E jbgod   : jiangbin --> RecyclerViewActivity cachedViews.size = 1
09-01 17:37:26.167   750   750 E jbgod   : ========= cachedViews
09-01 17:37:26.167   750   750 E jbgod   : ViewHolder{7d6ddae position=6 id=-1, oldPos=-1, pLpos:-1 no parent}
09-01 17:37:26.167   750   750 E jbgod   : 
09-01 17:37:26.167   750   750 E jbgod   : recycledViewPool.size = 0
09-01 17:37:26.167   750   750 E jbgod   : 
09-01 17:37:26.167   750   750 E jbgod   : =======================
09-01 17:37:26.188   750   750 E jbgod   : jiangbin --> RecyclerViewActivity cachedViews.size = 1
09-01 17:37:26.188   750   750 E jbgod   : ========= cachedViews
09-01 17:37:26.188   750   750 E jbgod   : ViewHolder{7d6ddae position=6 id=-1, oldPos=-1, pLpos:-1 no parent}
09-01 17:37:26.188   750   750 E jbgod   : 
09-01 17:37:26.188   750   750 E jbgod   : recycledViewPool.size = 0
09-01 17:37:26.188   750   750 E jbgod   : 
09-01 17:37:26.188   750   750 E jbgod   : =======================
09-01 17:37:26.202   750   750 E jbgod   : jiangbin --> RecyclerViewActivity cachedViews.size = 1
09-01 17:37:26.202   750   750 E jbgod   : ========= cachedViews
09-01 17:37:26.202   750   750 E jbgod   : ViewHolder{7d6ddae position=6 id=-1, oldPos=-1, pLpos:-1 no parent}
09-01 17:37:26.202   750   750 E jbgod   : 
09-01 17:37:26.202   750   750 E jbgod   : recycledViewPool.size = 0
09-01 17:37:26.202   750   750 E jbgod   : 
09-01 17:37:26.202   750   750 E jbgod   : =======================
09-01 17:37:26.219   750   750 E jbgod   : jiangbin --> RecyclerViewActivity cachedViews.size = 1
09-01 17:37:26.219   750   750 E jbgod   : ========= cachedViews
09-01 17:37:26.219   750   750 E jbgod   : ViewHolder{7d6ddae position=6 id=-1, oldPos=-1, pLpos:-1 no parent}
09-01 17:37:26.219   750   750 E jbgod   : 
09-01 17:37:26.219   750   750 E jbgod   : recycledViewPool.size = 0
09-01 17:37:26.219   750   750 E jbgod   : 
09-01 17:37:26.219   750   750 E jbgod   : =======================
09-01 17:37:26.235   750   750 E jbgod   : jiangbin --> RecyclerViewActivity cachedViews.size = 1
09-01 17:37:26.235   750   750 E jbgod   : ========= cachedViews
09-01 17:37:26.235   750   750 E jbgod   : ViewHolder{7d6ddae position=6 id=-1, oldPos=-1, pLpos:-1 no parent}
09-01 17:37:26.235   750   750 E jbgod   : 
09-01 17:37:26.235   750   750 E jbgod   : recycledViewPool.size = 0
09-01 17:37:26.235   750   750 E jbgod   : 
09-01 17:37:26.235   750   750 E jbgod   : =======================
09-01 17:37:26.252   750   750 E jbgod   : jiangbin --> RecyclerViewActivity cachedViews.size = 1
09-01 17:37:26.252   750   750 E jbgod   : ========= cachedViews
09-01 17:37:26.252   750   750 E jbgod   : ViewHolder{7d6ddae position=6 id=-1, oldPos=-1, pLpos:-1 no parent}
09-01 17:37:26.252   750   750 E jbgod   : 
09-01 17:37:26.252   750   750 E jbgod   : recycledViewPool.size = 0
09-01 17:37:26.252   750   750 E jbgod   : 
09-01 17:37:26.252   750   750 E jbgod   : =======================
09-01 17:37:26.269   750   750 E jbgod   : jiangbin --> RecyclerViewActivity cachedViews.size = 1
09-01 17:37:26.269   750   750 E jbgod   : ========= cachedViews
09-01 17:37:26.269   750   750 E jbgod   : ViewHolder{7d6ddae position=6 id=-1, oldPos=-1, pLpos:-1 no parent}
09-01 17:37:26.269   750   750 E jbgod   : 
09-01 17:37:26.269   750   750 E jbgod   : recycledViewPool.size = 0
09-01 17:37:26.269   750   750 E jbgod   : 
09-01 17:37:26.269   750   750 E jbgod   : =======================
09-01 17:37:26.286   750   750 E jbgod   : jiangbin --> RecyclerViewActivity cachedViews.size = 1
09-01 17:37:26.286   750   750 E jbgod   : ========= cachedViews
09-01 17:37:26.286   750   750 E jbgod   : ViewHolder{7d6ddae position=6 id=-1, oldPos=-1, pLpos:-1 no parent}
09-01 17:37:26.286   750   750 E jbgod   : 
09-01 17:37:26.286   750   750 E jbgod   : recycledViewPool.size = 0
09-01 17:37:26.286   750   750 E jbgod   : 
09-01 17:37:26.286   750   750 E jbgod   : =======================
09-01 17:37:26.302   750   750 E jbgod   : jiangbin --> RecyclerViewActivity cachedViews.size = 1
09-01 17:37:26.302   750   750 E jbgod   : ========= cachedViews
09-01 17:37:26.302   750   750 E jbgod   : ViewHolder{7d6ddae position=6 id=-1, oldPos=-1, pLpos:-1 no parent}
09-01 17:37:26.302   750   750 E jbgod   : 
09-01 17:37:26.302   750   750 E jbgod   : recycledViewPool.size = 0
09-01 17:37:26.302   750   750 E jbgod   : 
09-01 17:37:26.302   750   750 E jbgod   : =======================
09-01 17:37:26.318   750   750 E jbgod   : jiangbin --> RecyclerViewActivity cachedViews.size = 1
09-01 17:37:26.318   750   750 E jbgod   : ========= cachedViews
09-01 17:37:26.318   750   750 E jbgod   : ViewHolder{7d6ddae position=6 id=-1, oldPos=-1, pLpos:-1 no parent}
09-01 17:37:26.318   750   750 E jbgod   : 
09-01 17:37:26.318   750   750 E jbgod   : recycledViewPool.size = 0
09-01 17:37:26.318   750   750 E jbgod   : 
09-01 17:37:26.318   750   750 E jbgod   : =======================
09-01 17:37:26.335   750   750 E jbgod   : jiangbin --> RecyclerViewActivity cachedViews.size = 1
09-01 17:37:26.335   750   750 E jbgod   : ========= cachedViews
09-01 17:37:26.335   750   750 E jbgod   : ViewHolder{7d6ddae position=6 id=-1, oldPos=-1, pLpos:-1 no parent}
09-01 17:37:26.335   750   750 E jbgod   : 
09-01 17:37:26.335   750   750 E jbgod   : recycledViewPool.size = 0
09-01 17:37:26.335   750   750 E jbgod   : 
09-01 17:37:26.335   750   750 E jbgod   : =======================
09-01 17:37:26.352   750   750 E jbgod   : jiangbin --> RecyclerViewActivity cachedViews.size = 1
09-01 17:37:26.352   750   750 E jbgod   : ========= cachedViews
09-01 17:37:26.352   750   750 E jbgod   : ViewHolder{7d6ddae position=6 id=-1, oldPos=-1, pLpos:-1 no parent}
09-01 17:37:26.352   750   750 E jbgod   : 
09-01 17:37:26.352   750   750 E jbgod   : recycledViewPool.size = 0
09-01 17:37:26.352   750   750 E jbgod   : 
09-01 17:37:26.352   750   750 E jbgod   : =======================
09-01 17:37:26.355  1578  1835 W qti_sensors_hal: timestampCalc: Adjusting timestamp for rollover: 2181635304524243, -9
09-01 17:37:26.369   750   750 E jbgod   : jiangbin --> RecyclerViewActivity cachedViews.size = 1
09-01 17:37:26.369   750   750 E jbgod   : ========= cachedViews
09-01 17:37:26.369   750   750 E jbgod   : ViewHolder{7d6ddae position=6 id=-1, oldPos=-1, pLpos:-1 no parent}
09-01 17:37:26.369   750   750 E jbgod   : 
09-01 17:37:26.369   750   750 E jbgod   : recycledViewPool.size = 0
09-01 17:37:26.369   750   750 E jbgod   : 
09-01 17:37:26.369   750   750 E jbgod   : =======================
09-01 17:37:26.386   750   750 E jbgod   : jiangbin --> RecyclerViewActivity cachedViews.size = 1
09-01 17:37:26.386   750   750 E jbgod   : ========= cachedViews
09-01 17:37:26.386   750   750 E jbgod   : ViewHolder{7d6ddae position=6 id=-1, oldPos=-1, pLpos:-1 no parent}
09-01 17:37:26.386   750   750 E jbgod   : 
09-01 17:37:26.386   750   750 E jbgod   : recycledViewPool.size = 0
09-01 17:37:26.386   750   750 E jbgod   : 
09-01 17:37:26.386   750   750 E jbgod   : =======================
09-01 17:37:26.402   750   750 E jbgod   : jiangbin --> RecyclerViewActivity cachedViews.size = 1
09-01 17:37:26.402   750   750 E jbgod   : ========= cachedViews
09-01 17:37:26.402   750   750 E jbgod   : ViewHolder{7d6ddae position=6 id=-1, oldPos=-1, pLpos:-1 no parent}
09-01 17:37:26.402   750   750 E jbgod   : 
09-01 17:37:26.402   750   750 E jbgod   : recycledViewPool.size = 0
09-01 17:37:26.402   750   750 E jbgod   : 
09-01 17:37:26.402   750   750 E jbgod   : =======================
09-01 17:37:26.420   750   750 E jbgod   : jiangbin --> RecyclerViewActivity cachedViews.size = 1
09-01 17:37:26.420   750   750 E jbgod   : ========= cachedViews
09-01 17:37:26.420   750   750 E jbgod   : ViewHolder{7d6ddae position=6 id=-1, oldPos=-1, pLpos:-1 no parent}
09-01 17:37:26.420   750   750 E jbgod   : 
09-01 17:37:26.420   750   750 E jbgod   : recycledViewPool.size = 0
09-01 17:37:26.420   750   750 E jbgod   : 
09-01 17:37:26.420   750   750 E jbgod   : =======================
09-01 17:37:26.436   750   750 E jbgod   : jiangbin --> RecyclerViewActivity cachedViews.size = 1
09-01 17:37:26.436   750   750 E jbgod   : ========= cachedViews
09-01 17:37:26.436   750   750 E jbgod   : ViewHolder{7d6ddae position=6 id=-1, oldPos=-1, pLpos:-1 no parent}
09-01 17:37:26.436   750   750 E jbgod   : 
09-01 17:37:26.436   750   750 E jbgod   : recycledViewPool.size = 0
09-01 17:37:26.436   750   750 E jbgod   : 
09-01 17:37:26.436   750   750 E jbgod   : =======================
09-01 17:37:26.454   750   750 E jbgod   : jiangbin --> RecyclerViewActivity cachedViews.size = 1
09-01 17:37:26.454   750   750 E jbgod   : ========= cachedViews
09-01 17:37:26.454   750   750 E jbgod   : ViewHolder{7d6ddae position=6 id=-1, oldPos=-1, pLpos:-1 no parent}
09-01 17:37:26.454   750   750 E jbgod   : 
09-01 17:37:26.454   750   750 E jbgod   : recycledViewPool.size = 0
09-01 17:37:26.454   750   750 E jbgod   : 
09-01 17:37:26.454   750   750 E jbgod   : =======================
09-01 17:37:26.468   750   750 E jbgod   : jiangbin --> RecyclerViewActivity cachedViews.size = 1
09-01 17:37:26.468   750   750 E jbgod   : ========= cachedViews
09-01 17:37:26.468   750   750 E jbgod   : ViewHolder{7d6ddae position=6 id=-1, oldPos=-1, pLpos:-1 no parent}
09-01 17:37:26.468   750   750 E jbgod   : 
09-01 17:37:26.468   750   750 E jbgod   : recycledViewPool.size = 0
09-01 17:37:26.468   750   750 E jbgod   : 
09-01 17:37:26.468   750   750 E jbgod   : =======================
09-01 17:37:26.487   750   750 E jbgod   : jiangbin --> RecyclerViewActivity cachedViews.size = 1
09-01 17:37:26.487   750   750 E jbgod   : ========= cachedViews
09-01 17:37:26.487   750   750 E jbgod   : ViewHolder{7d6ddae position=6 id=-1, oldPos=-1, pLpos:-1 no parent}
09-01 17:37:26.487   750   750 E jbgod   : 
09-01 17:37:26.487   750   750 E jbgod   : recycledViewPool.size = 0
09-01 17:37:26.487   750   750 E jbgod   : 
09-01 17:37:26.487   750   750 E jbgod   : =======================
09-01 17:37:26.504   750   750 E jbgod   : jiangbin --> RecyclerViewActivity cachedViews.size = 1
09-01 17:37:26.504   750   750 E jbgod   : ========= cachedViews
09-01 17:37:26.504   750   750 E jbgod   : ViewHolder{7d6ddae position=6 id=-1, oldPos=-1, pLpos:-1 no parent}
09-01 17:37:26.504   750   750 E jbgod   : 
09-01 17:37:26.504   750   750 E jbgod   : recycledViewPool.size = 0
09-01 17:37:26.504   750   750 E jbgod   : 
09-01 17:37:26.504   750   750 E jbgod   : =======================
09-01 17:37:26.519   750   750 E jbgod   : jiangbin --> RecyclerViewActivity cachedViews.size = 1
09-01 17:37:26.519   750   750 E jbgod   : ========= cachedViews
09-01 17:37:26.519   750   750 E jbgod   : ViewHolder{7d6ddae position=6 id=-1, oldPos=-1, pLpos:-1 no parent}
09-01 17:37:26.519   750   750 E jbgod   : 
09-01 17:37:26.519   750   750 E jbgod   : recycledViewPool.size = 0
09-01 17:37:26.519   750   750 E jbgod   : 
09-01 17:37:26.519   750   750 E jbgod   : =======================
09-01 17:37:26.537   750   750 E jbgod   : jiangbin --> RecyclerViewActivity cachedViews.size = 1
09-01 17:37:26.537   750   750 E jbgod   : ========= cachedViews
09-01 17:37:26.537   750   750 E jbgod   : ViewHolder{7d6ddae position=6 id=-1, oldPos=-1, pLpos:-1 no parent}
09-01 17:37:26.537   750   750 E jbgod   : 
09-01 17:37:26.537   750   750 E jbgod   : recycledViewPool.size = 0
09-01 17:37:26.537   750   750 E jbgod   : 
09-01 17:37:26.537   750   750 E jbgod   : =======================
09-01 17:37:26.555   750   750 E jbgod   : jiangbin --> RecyclerViewActivity cachedViews.size = 1
09-01 17:37:26.555   750   750 E jbgod   : ========= cachedViews
09-01 17:37:26.555   750   750 E jbgod   : ViewHolder{7d6ddae position=6 id=-1, oldPos=-1, pLpos:-1 no parent}
09-01 17:37:26.555   750   750 E jbgod   : 
09-01 17:37:26.555   750   750 E jbgod   : recycledViewPool.size = 0
09-01 17:37:26.555   750   750 E jbgod   : 
09-01 17:37:26.555   750   750 E jbgod   : =======================
09-01 17:37:26.632   605   605 I cnss-daemon: RTM_NEWNEIGH message received: 28
09-01 17:37:26.632   605   605 I cnss-daemon: NDA_DST received: 172.16.108.254 ul: 4268495020
09-01 17:37:26.632   605   605 I cnss-daemon: NDA_LLADDR received
09-01 17:37:26.691  1578  1835 W qti_sensors_hal: timestampCalc: Adjusting timestamp for rollover: 2181635640217602, -9
09-01 17:37:27.027  1578  1835 W qti_sensors_hal: timestampCalc: Adjusting timestamp for rollover: 2181635975941479, -9
09-01 17:37:27.329  2175  2175 E wpa_supp: RSSI=-42;LINKSPEED=72;NOISE=9999;FREQUENCY=2412;
09-01 17:37:27.330  1578  1898 E WifiConfigManager: updateConfiguration freq=2412 BSSID=b4:5d:50:03:1b:c0 RSSI=-42 "XLYL"WPA_PSK
09-01 17:37:27.349  1578  1953 I HuaweiWifiWatchdogStateMachine: spd good count:0, add sc:0.0, rate:1.0
09-01 17:37:27.349  1578  1953 I HuaweiWifiWatchdogStateMachine: current mHighDataFlowRate = 1.0
09-01 17:37:27.349  1578  1953 I HuaweiWifiWatchdogStateMachine: POta txb txg rxg:0, 8, 0. Lr =0% Totpkt=8
09-01 17:37:27.350  1578  1578 I QosMonitor: queryRtt: rtt_type = 3
09-01 17:37:27.350  1578  1578 I WifiProJNI: ######### GET RTT:3 ########
09-01 17:37:27.350  1578  1578 I WifiProJNI: ######### CMD_QUERY_PKTS ########
09-01 17:37:27.350  1578  1951 I QosMonitor: postEventFromNative: msg=100,arg1=4,arg2=9
09-01 17:37:27.350  1578  1951 W WifiProJNI: poll before: g_monitor_fd =307
09-01 17:37:27.350  1578  1951 I QosMonitor: postEventFromNative: msg=100,arg1=0,arg2=9
09-01 17:37:27.350  1578  1951 W WifiProJNI: poll before: g_monitor_fd =307
09-01 17:37:27.351  1578  1578 I MQoS    : rtt=160,tcp_tx_pkts=439506,tcp_rx_pkts=520947
09-01 17:37:27.352  1578  1953 I HuaweiWifiWatchdogStateMachine: PTcp RTT:0, rtt pkt=0, tcp_rx=0, tcp_tx=0, tcp_reTran=0, rtRate=0
09-01 17:37:27.354  1578  3580 I MQoS    : QOS_level:0(0),wifi-link;SIM error;use level-0
09-01 17:37:27.362  1578  1835 W qti_sensors_hal: timestampCalc: Adjusting timestamp for rollover: 2181636311604321, -9
09-01 17:37:27.617  1578  1942 E HwCHRWifiRSSIGroupSummery: updatArpSummery mRSSI:-42  HwCHRWifiRSSIGroup [rssi_index=4, rtt_tcp_packets=130, rtt_tcp_duration=399, rtt_lan_duration=5287, rtt_lan_failures=0, rtt_lan_succ=212, rtt_lan_max=536, rtt_lan_min=5,same_area_frequency=0,adjacent_area_frequency=0]
09-01 17:37:27.633  1578  1942 E HwCHRWebMonitor: WebMonitor [mNetWorkIsSuck=0 mUIDIsSuck=]  WebSpeed [WEBSENDSEGS=0  WEBRESENDSEGS=0  WEBRECVSEGS=0  WEBERRSEGS=0  WEBOUTRSTS=0  WEBESTABLISRST=0  WEBRTTDURATION=0  WEBRTTSEGS=0  WEBSRTT=160  WEBSNDDUPACKS=0  SENDSEGS=0  RESENDSEGS=0  RECVSEGS=0  ERRSEGS=0  OUTRSTS=0  ESTABLISRST=0  RTTDURATION=0  RTTSEGS=0  SNDDUPACKS=0  suckTimes=0 recovage_times=0]
09-01 17:37:27.633  1578  1942 E HwCHRWifiRSSIGroupSummery: updateTcpSummery mRSSI:-42  HwCHRWifiRSSIGroup [rssi_index=4, rtt_tcp_packets=130, rtt_tcp_duration=399, rtt_lan_duration=5287, rtt_lan_failures=0, rtt_lan_succ=212, rtt_lan_max=536, rtt_lan_min=5,same_area_frequency=0,adjacent_area_frequency=0]
09-01 17:37:27.649  1578  1942 E HwCHRWebMonitor: HwCHRWifiPacketCnt [mTXGood=1, mTXbad=0, mRXGood=1] rssi=-42
09-01 17:37:27.650  1578  1942 E HwCHRWebMonitor: running processName=com.peter.activitymanagertest
09-01 17:37:27.699  1578  1835 W qti_sensors_hal: timestampCalc: Adjusting timestamp for rollover: 2181636647938550, -9
09-01 17:37:28.033  1578  1835 W qti_sensors_hal: timestampCalc: Adjusting timestamp for rollover: 2181636982044995, -9
09-01 17:37:28.363  1578  1578 I TrafficMonitor: expired arrive. level:-1
09-01 17:37:28.364  1578  1578 I TrafficMonitor: update:rxPkts:0,txPkts:0,rxBytes:0,txBytes:0
09-01 17:37:28.364  1578  1578 I TrafficMonitor: start expired. level:-1
09-01 17:37:28.364  1578  1578 I TrafficMonitor: gettimer:interval=5000
09-01 17:37:28.364  1578  1578 I TrafficMonitor: during_ms:5002,period_ms:2000
09-01 17:37:28.364  1578  1578 I TrafficMonitor: count:58,rx_sum:0,tx_sum:0,rxBytes:0,during_ms:5002,rx_speed:0.0,tx_speed:0.0,rto:0.0
09-01 17:37:28.370  1578  1835 I qti_sensors_hal: [LightSensor]processReportInd: the skip  luxValue  ItemData[0]:1e0000,ItemData[1]:a0000, lux:30.000000,cct:10.000000
09-01 17:37:28.370  1578  1835 W qti_sensors_hal: timestampCalc: Adjusting timestamp for rollover: 2181637319355786, -9
09-01 17:37:28.705  1578  1835 W qti_sensors_hal: timestampCalc: Adjusting timestamp for rollover: 2181637654408276, -9
09-01 17:37:29.041  1578  1835 W qti_sensors_hal: timestampCalc: Adjusting timestamp for rollover: 2181637990101636, -9
09-01 17:37:29.106  2175  2175 E wpa_supp: RSSI=-45;LINKSPEED=72;NOISE=9999;FREQUENCY=2412;
09-01 17:37:29.108  1578  1898 E WifiConfigManager: updateConfiguration freq=2412 BSSID=b4:5d:50:03:1b:c0 RSSI=-43 "XLYL"WPA_PSK
09-01 17:37:29.376  1578  1835 W qti_sensors_hal: timestampCalc: Adjusting timestamp for rollover: 2181638325764477, -9
09-01 17:37:29.712  1578  1835 W qti_sensors_hal: timestampCalc: Adjusting timestamp for rollover: 2181638661457837, -9
09-01 17:37:30.048  1578  1835 W qti_sensors_hal: timestampCalc: Adjusting timestamp for rollover: 2181638997425854, -9
09-01 17:37:30.384  1578  1835 W qti_sensors_hal: timestampCalc: Adjusting timestamp for rollover: 2181639332905591, -9
09-01 17:37:30.719  1578  1835 W qti_sensors_hal: timestampCalc: Adjusting timestamp for rollover: 2181639668598950, -9
09-01 17:37:31.055  1578  1835 W qti_sensors_hal: timestampCalc: Adjusting timestamp for rollover: 2181640004322827, -9
09-01 17:37:31.391  1578  1835 W qti_sensors_hal: timestampCalc: Adjusting timestamp for rollover: 2181640339985669, -9
09-01 17:37:31.726  1578  1835 W qti_sensors_hal: timestampCalc: Adjusting timestamp for rollover: 2181640675679028, -9
09-01 17:37:32.062  1578  1835 W qti_sensors_hal: timestampCalc: Adjusting timestamp for rollover: 2181641011647046, -9
09-01 17:37:32.128  2175  2175 E wpa_supp: RSSI=-46;LINKSPEED=72;NOISE=9999;FREQUENCY=2412;
09-01 17:37:32.129  1578  1898 E WifiConfigManager: updateConfiguration freq=2412 BSSID=b4:5d:50:03:1b:c0 RSSI=-44 "XLYL"WPA_PSK
09-01 17:37:32.397  1578  1835 W qti_sensors_hal: timestampCalc: Adjusting timestamp for rollover: 2181641346089184, -9
09-01 17:37:32.642  1578  1942 E HwCHRWebMonitor: WebMonitor [mNetWorkIsSuck=0 mUIDIsSuck=]  WebSpeed [WEBSENDSEGS=0  WEBRESENDSEGS=0  WEBRECVSEGS=0  WEBERRSEGS=0  WEBOUTRSTS=0  WEBESTABLISRST=0  WEBRTTDURATION=0  WEBRTTSEGS=0  WEBSRTT=160  WEBSNDDUPACKS=0  SENDSEGS=0  RESENDSEGS=0  RECVSEGS=0  ERRSEGS=0  OUTRSTS=0  ESTABLISRST=0  RTTDURATION=0  RTTSEGS=0  SNDDUPACKS=0  suckTimes=0 recovage_times=0]
09-01 17:37:32.642  1578  1942 E HwCHRWifiRSSIGroupSummery: updateTcpSummery mRSSI:-46  HwCHRWifiRSSIGroup [rssi_index=4, rtt_tcp_packets=130, rtt_tcp_duration=399, rtt_lan_duration=5287, rtt_lan_failures=0, rtt_lan_succ=212, rtt_lan_max=536, rtt_lan_min=5,same_area_frequency=0,adjacent_area_frequency=0]
09-01 17:37:32.658  1578  1942 E HwCHRWebMonitor: HwCHRWifiPacketCnt [mTXGood=0, mTXbad=0, mRXGood=0] rssi=-46
09-01 17:37:32.659  1578  1942 E HwCHRWebMonitor: running processName=com.peter.activitymanagertest
09-01 17:37:32.734  1578  1835 W qti_sensors_hal: timestampCalc: Adjusting timestamp for rollover: 2181641682789624, -9
09-01 17:37:33.069  1578  1835 W qti_sensors_hal: timestampCalc: Adjusting timestamp for rollover: 2181642018452466, -9
09-01 17:37:33.369  1578  1578 I TrafficMonitor: expired arrive. level:-1
09-01 17:37:33.370  1578  1578 I TrafficMonitor: update:rxPkts:0,txPkts:0,rxBytes:0,txBytes:0
09-01 17:37:33.370  1578  1578 I TrafficMonitor: start expired. level:-1
09-01 17:37:33.370  1578  1578 I TrafficMonitor: gettimer:interval=5000
09-01 17:37:33.370  1578  1578 I TrafficMonitor: during_ms:5006,period_ms:2000
09-01 17:37:33.370  1578  1578 I TrafficMonitor: count:59,rx_sum:0,tx_sum:0,rxBytes:0,during_ms:5006,rx_speed:0.0,tx_speed:0.0,rto:0.0
09-01 17:37:33.405  1578  1835 W qti_sensors_hal: timestampCalc: Adjusting timestamp for rollover: 2181642354176343, -9
09-01 17:37:33.740  1578  1835 I qti_sensors_hal: [LightSensor]processReportInd: the skip  luxValue  ItemData[0]:1b0000,ItemData[1]:90000, lux:27.000000,cct:9.000000
09-01 17:37:33.741  1578  1835 W qti_sensors_hal: timestampCalc: Adjusting timestamp for rollover: 2181642689717114, -9
09-01 17:37:34.076  1578  1835 W qti_sensors_hal: timestampCalc: Adjusting timestamp for rollover: 2181643025563061, -9
09-01 17:37:34.412  1578  1835 W qti_sensors_hal: timestampCalc: Adjusting timestamp for rollover: 2181643361439526, -9
09-01 17:37:34.748  1578  1835 W qti_sensors_hal: timestampCalc: Adjusting timestamp for rollover: 2181643696949780, -9
09-01 17:37:35.083  1578  1835 W qti_sensors_hal: timestampCalc: Adjusting timestamp for rollover: 2181644032643140, -9
09-01 17:37:35.150  2175  2175 E wpa_supp: RSSI=-47;LINKSPEED=72;NOISE=9999;FREQUENCY=2412;
09-01 17:37:35.152  1578  1898 E WifiConfigManager: updateConfiguration freq=2412 BSSID=b4:5d:50:03:1b:c0 RSSI=-45 "XLYL"WPA_PSK
09-01 17:37:35.338  2175  2175 E wpa_supp: RSSI=-48;LINKSPEED=72;NOISE=9999;FREQUENCY=2412;
09-01 17:37:35.339  1578  1898 E WifiConfigManager: updateConfiguration freq=2412 BSSID=b4:5d:50:03:1b:c0 RSSI=-46 "XLYL"WPA_PSK
09-01 17:37:35.358  1578  1953 I HuaweiWifiWatchdogStateMachine: spd good count:0, add sc:0.0, rate:1.0
09-01 17:37:35.358  1578  1953 I HuaweiWifiWatchdogStateMachine: current mHighDataFlowRate = 1.0
09-01 17:37:35.358  1578  1953 I HuaweiWifiWatchdogStateMachine: POta txb txg rxg:0, 8, 0. Lr =0% Totpkt=8
09-01 17:37:35.358  1578  1578 I QosMonitor: queryRtt: rtt_type = 3
09-01 17:37:35.358  1578  1578 I WifiProJNI: ######### GET RTT:3 ########
09-01 17:37:35.358  1578  1578 I WifiProJNI: ######### CMD_QUERY_PKTS ########
09-01 17:37:35.359  1578  1951 I QosMonitor: postEventFromNative: msg=100,arg1=4,arg2=9
09-01 17:37:35.359  1578  1951 W WifiProJNI: poll before: g_monitor_fd =307
09-01 17:37:35.359  1578  1951 I QosMonitor: postEventFromNative: msg=100,arg1=0,arg2=9
09-01 17:37:35.359  1578  1951 W WifiProJNI: poll before: g_monitor_fd =307
09-01 17:37:35.359  1578  1578 I MQoS    : rtt=160,tcp_tx_pkts=439506,tcp_rx_pkts=520947
09-01 17:37:35.361  1578  1953 I HuaweiWifiWatchdogStateMachine: PTcp RTT:0, rtt pkt=0, tcp_rx=0, tcp_tx=0, tcp_reTran=0, rtRate=0
09-01 17:37:35.363  1578  3580 I MQoS    : QOS_level:0(0),wifi-link;SIM error;use level-0
09-01 17:37:35.419  1578  1835 W qti_sensors_hal: timestampCalc: Adjusting timestamp for rollover: 2181644368336499, -9
09-01 17:37:35.755  1578  1835 W qti_sensors_hal: timestampCalc: Adjusting timestamp for rollover: 2181644703993725, -9
09-01 17:37:36.090  1578  1835 W qti_sensors_hal: timestampCalc: Adjusting timestamp for rollover: 2181645039717602, -9
09-01 17:37:36.114  1578 29952 I SendBroadcastPermission: action:android.intent.action.SIG_STR, mPermissionType:0
09-01 17:37:36.115 28563  4428 W MessageQueue: Handler (android.telephony.PhoneStateListener$1) {ca0eb64} sending message to a Handler on a dead thread
09-01 17:37:36.115 28563  4428 W MessageQueue: java.lang.IllegalStateException: Handler (android.telephony.PhoneStateListener$1) {ca0eb64} sending message to a Handler on a dead thread
09-01 17:37:36.115 28563  4428 W MessageQueue: 	at android.os.MessageQueue.enqueueMessage(MessageQueue.java:616)
09-01 17:37:36.115 28563  4428 W MessageQueue: 	at android.os.Handler.enqueueMessage(Handler.java:653)
09-01 17:37:36.115 28563  4428 W MessageQueue: 	at android.os.Handler.sendMessageAtTime(Handler.java:622)
09-01 17:37:36.115 28563  4428 W MessageQueue: 	at android.os.Handler.sendMessageDelayed(Handler.java:592)
09-01 17:37:36.115 28563  4428 W MessageQueue: 	at android.os.Handler.sendMessage(Handler.java:526)
09-01 17:37:36.115 28563  4428 W MessageQueue: 	at android.os.Message.sendToTarget(Message.java:421)
09-01 17:37:36.115 28563  4428 W MessageQueue: 	at android.telephony.PhoneStateListener$IPhoneStateListenerStub.send(PhoneStateListener.java:555)
09-01 17:37:36.115 28563  4428 W MessageQueue: 	at android.telephony.PhoneStateListener$IPhoneStateListenerStub.onSignalStrengthsChanged(PhoneStateListener.java:601)
09-01 17:37:36.115 28563  4428 W MessageQueue: 	at com.android.internal.telephony.IPhoneStateListener$Stub.onTransact(IPhoneStateListener.java:133)
09-01 17:37:36.115 28563  4428 W MessageQueue: 	at android.os.Binder.execTransact(Binder.java:565)
09-01 17:37:36.115  1578  1578 I MQoS    : onSignal: mSubId=1,currDataSubID=0
09-01 17:37:36.115  1578  1578 I MQoS    : received cell-signal:1
