09-01 17:37:36.426  1578  1835 W qti_sensors_hal: timestampCalc: Adjusting timestamp for rollover: 2181645375655102, -9
09-01 17:37:36.761  1578  1835 W qti_sensors_hal: timestampCalc: Adjusting timestamp for rollover: 2181645710158276, -9
09-01 17:37:37.097  1578  1835 W qti_sensors_hal: timestampCalc: Adjusting timestamp for rollover: 2181646046767162, -9
09-01 17:37:37.433  1578  1835 W qti_sensors_hal: timestampCalc: Adjusting timestamp for rollover: 2181646382491039, -9
09-01 17:37:37.650  1578  1942 E HwCHRWebMonitor: WebMonitor [mNetWorkIsSuck=0 mUIDIsSuck=]  WebSpeed [WEBSENDSEGS=0  WEBRESENDSEGS=0  WEBRECVSEGS=0  WEBERRSEGS=0  WEBOUTRSTS=0  WEBESTABLISRST=0  WEBRTTDURATION=0  WEBRTTSEGS=0  WEBSRTT=160  WEBSNDDUPACKS=0  SENDSEGS=0  RESENDSEGS=0  RECVSEGS=0  ERRSEGS=0  OUTRSTS=0  ESTABLISRST=0  RTTDURATION=0  RTTSEGS=0  SNDDUPACKS=0  suckTimes=0 recovage_times=0]
09-01 17:37:37.650  1578  1942 E HwCHRWifiRSSIGroupSummery: updateTcpSummery mRSSI:-48  HwCHRWifiRSSIGroup [rssi_index=4, rtt_tcp_packets=130, rtt_tcp_duration=399, rtt_lan_duration=5287, rtt_lan_failures=0, rtt_lan_succ=212, rtt_lan_max=536, rtt_lan_min=5,same_area_frequency=0,adjacent_area_frequency=0]
09-01 17:37:37.669  1578  1942 E HwCHRWebMonitor: HwCHRWifiPacketCnt [mTXGood=0, mTXbad=0, mRXGood=0] rssi=-48
09-01 17:37:37.670  1578  1942 E HwCHRWebMonitor: running processName=com.peter.activitymanagertest
09-01 17:37:37.768  1578  1835 I qti_sensors_hal: [LightSensor]processReportInd: the skip  luxValue  ItemData[0]:1e0000,ItemData[1]:a0000, lux:30.000000,cct:10.000000
09-01 17:37:37.768  1578  1835 W qti_sensors_hal: timestampCalc: Adjusting timestamp for rollover: 2181646717604565, -9
09-01 17:37:38.105  1578  1835 I qti_sensors_hal: [LightSensor]processReportInd: the skip  luxValue  ItemData[0]:1b0000,ItemData[1]:90000, lux:27.000000,cct:9.000000
09-01 17:37:38.105  1578  1835 W qti_sensors_hal: timestampCalc: Adjusting timestamp for rollover: 2181647053847240, -9
09-01 17:37:38.172  2175  2175 E wpa_supp: RSSI=-48;LINKSPEED=72;NOISE=9999;FREQUENCY=2412;
09-01 17:37:38.173  1578  1898 E WifiConfigManager: updateConfiguration freq=2412 BSSID=b4:5d:50:03:1b:c0 RSSI=-47 "XLYL"WPA_PSK
09-01 17:37:38.372  1578  1578 I TrafficMonitor: expired arrive. level:-1
09-01 17:37:38.374  1578  1578 I TrafficMonitor: update:rxPkts:0,txPkts:0,rxBytes:0,txBytes:0
09-01 17:37:38.374  1578  1578 I TrafficMonitor: start expired. level:-1
09-01 17:37:38.374  1578  1578 I TrafficMonitor: gettimer:interval=5000
09-01 17:37:38.374  1578  1578 I TrafficMonitor: during_ms:5004,period_ms:2000
09-01 17:37:38.374  1578  1578 I TrafficMonitor: count:60,rx_sum:0,tx_sum:0,rxBytes:0,during_ms:5004,rx_speed:0.0,tx_speed:0.0,rto:0.0
09-01 17:37:38.440  1578  1835 W qti_sensors_hal: timestampCalc: Adjusting timestamp for rollover: 2181647389540600, -9
09-01 17:37:38.776  1578  1835 W qti_sensors_hal: timestampCalc: Adjusting timestamp for rollover: 2181647725508617, -9
09-01 17:37:39.112  1578  1835 W qti_sensors_hal: timestampCalc: Adjusting timestamp for rollover: 2181648060957836, -9
09-01 17:37:39.447  1578  1835 W qti_sensors_hal: timestampCalc: Adjusting timestamp for rollover: 2181648396620678, -9
09-01 17:37:39.783  1578  1835 W qti_sensors_hal: timestampCalc: Adjusting timestamp for rollover: 2181648731947826, -9
09-01 17:37:40.121  1578  1835 W qti_sensors_hal: timestampCalc: Adjusting timestamp for rollover: 2181649069960522, -9
09-01 17:37:40.457  1578  1835 W qti_sensors_hal: timestampCalc: Adjusting timestamp for rollover: 2181649405775951, -9
09-01 17:37:40.792  1578  1835 W qti_sensors_hal: timestampCalc: Adjusting timestamp for rollover: 2181649741377758, -9
09-01 17:37:41.128  1578  1835 W qti_sensors_hal: timestampCalc: Adjusting timestamp for rollover: 2181650077040600, -9
09-01 17:37:41.193  2175  2175 E wpa_supp: RSSI=-49;LINKSPEED=72;NOISE=9999;FREQUENCY=2412;
09-01 17:37:41.194  1578  1898 E WifiConfigManager: updateConfiguration freq=2412 BSSID=b4:5d:50:03:1b:c0 RSSI=-48 "XLYL"WPA_PSK
09-01 17:37:41.464  1578  1835 W qti_sensors_hal: timestampCalc: Adjusting timestamp for rollover: 2181650412733959, -9
09-01 17:37:41.800  1578  1835 W qti_sensors_hal: timestampCalc: Adjusting timestamp for rollover: 2181650748457836, -9
09-01 17:37:41.857   605   605 I cnss-daemon: RTM_NEWNEIGH message received: 28
09-01 17:37:41.857   605   605 E cnss-daemon: Stale or unreachable neighbors, ndm state: 4
09-01 17:37:42.135  1578  1835 W qti_sensors_hal: timestampCalc: Adjusting timestamp for rollover: 2181651084151195, -9
09-01 17:37:42.415  1578  1686 I SendBroadcastPermission: action:android.net.conn.DATA_ACTIVITY_CHANGE, mPermissionType:0
09-01 17:37:42.471  1578  1835 W qti_sensors_hal: timestampCalc: Adjusting timestamp for rollover: 2181651419844555, -9
09-01 17:37:42.659  1578  1942 E HwCHRWebMonitor: WebMonitor [mNetWorkIsSuck=0 mUIDIsSuck=]  WebSpeed [WEBSENDSEGS=2  WEBRESENDSEGS=0  WEBRECVSEGS=0  WEBERRSEGS=0  WEBOUTRSTS=0  WEBESTABLISRST=0  WEBRTTDURATION=0  WEBRTTSEGS=0  WEBSRTT=160  WEBSNDDUPACKS=0  SENDSEGS=0  RESENDSEGS=0  RECVSEGS=0  ERRSEGS=0  OUTRSTS=0  ESTABLISRST=0  RTTDURATION=0  RTTSEGS=0  SNDDUPACKS=0  suckTimes=0 recovage_times=0]
09-01 17:37:42.659  1578  1942 E HwCHRWifiRSSIGroupSummery: updateTcpSummery mRSSI:-49  HwCHRWifiRSSIGroup [rssi_index=4, rtt_tcp_packets=130, rtt_tcp_duration=399, rtt_lan_duration=5287, rtt_lan_failures=0, rtt_lan_succ=212, rtt_lan_max=536, rtt_lan_min=5,same_area_frequency=0,adjacent_area_frequency=0]
09-01 17:37:42.663  1578  1942 E HwCHRWebMonitor: HwCHRWifiPacketCnt [mTXGood=2, mTXbad=0, mRXGood=0] rssi=-49
09-01 17:37:42.664  1578  1942 E HwCHRWebMonitor: running processName=com.peter.activitymanagertest
09-01 17:37:42.807  1578  1835 W qti_sensors_hal: timestampCalc: Adjusting timestamp for rollover: 2181651755537914, -9
09-01 17:37:43.142  1578  1835 W qti_sensors_hal: timestampCalc: Adjusting timestamp for rollover: 2181652091170238, -9
09-01 17:37:43.333  2175  2175 E wpa_supp: RSSI=-46;LINKSPEED=72;NOISE=9999;FREQUENCY=2412;
09-01 17:37:43.334  1578  1898 E WifiConfigManager: updateConfiguration freq=2412 BSSID=b4:5d:50:03:1b:c0 RSSI=-46 "XLYL"WPA_PSK
09-01 17:37:43.340  1578  1953 I HuaweiWifiWatchdogStateMachine: spd good count:0, add sc:0.0, rate:1.0
09-01 17:37:43.340  1578  1953 I HuaweiWifiWatchdogStateMachine: current mHighDataFlowRate = 1.0
09-01 17:37:43.340  1578  1953 I HuaweiWifiWatchdogStateMachine: POta txb txg rxg:0, 17, 0. Lr =0% Totpkt=17
09-01 17:37:43.340  1578  1578 I QosMonitor: queryRtt: rtt_type = 3
09-01 17:37:43.340  1578  1578 I WifiProJNI: ######### GET RTT:3 ########
09-01 17:37:43.340  1578  1578 I WifiProJNI: ######### CMD_QUERY_PKTS ########
09-01 17:37:43.340  1578  1951 I QosMonitor: postEventFromNative: msg=100,arg1=4,arg2=9
09-01 17:37:43.340  1578  1951 W WifiProJNI: poll before: g_monitor_fd =307
09-01 17:37:43.341  1578  1951 I QosMonitor: postEventFromNative: msg=100,arg1=0,arg2=9
09-01 17:37:43.341  1578  1951 W WifiProJNI: poll before: g_monitor_fd =307
09-01 17:37:43.341  1578  1578 I MQoS    : rtt=120,tcp_tx_pkts=439515,tcp_rx_pkts=520950
09-01 17:37:43.341  1578  1578 I QosMonitor: resetRtt: rtt_type = 3
09-01 17:37:43.341  1578  1578 I WifiProJNI: ######### RESET RTT:3 ########
09-01 17:37:43.342  1578  1953 I HuaweiWifiWatchdogStateMachine: PTcp RTT:0, rtt pkt=0, tcp_rx=3, tcp_tx=9, tcp_reTran=0, rtRate=0
09-01 17:37:43.342  1578  1953 I HuaweiWifiWatchdogStateMachine: rs ota tcp lr rttvb bad: false, false, false, false, false; rsth:-75
09-01 17:37:43.342  1578  1953 I HuaweiWifiWatchdogStateMachine:  pkt chk not bad, reset sc to 0.
09-01 17:37:43.345  1578  3580 I MQoS    : QOS_level:0(0),wifi-link;SIM error;use level-0
09-01 17:37:43.345  1578  3580 I MQoS    : skip-low-Level:0(0),wifi-link;SIM error;use level-0
09-01 17:37:43.374  1578  1578 I TrafficMonitor: expired arrive. level:-1
09-01 17:37:43.376  1578  1578 I TrafficMonitor: update:rxPkts:6,txPkts:9,rxBytes:1572,txBytes:675
09-01 17:37:43.376  1578  1578 I TrafficMonitor: start expired. level:-1
09-01 17:37:43.376  1578  1578 I TrafficMonitor: gettimer:interval=2000
09-01 17:37:43.376  1578  1578 I TrafficMonitor: during_ms:5002,period_ms:2000
09-01 17:37:43.376  1578  1578 I TrafficMonitor: count:61,rx_sum:6,tx_sum:9,rxBytes:1572,during_ms:5002,rx_speed:314.27429028388644,tx_speed:134.94602159136346,rto:0.6666666666666666
09-01 17:37:43.478  1578  1835 W qti_sensors_hal: timestampCalc: Adjusting timestamp for rollover: 2181652426863598, -9
09-01 17:37:43.814  1578  1835 W qti_sensors_hal: timestampCalc: Adjusting timestamp for rollover: 2181652762495922, -9
09-01 17:37:44.149  1578  1835 W qti_sensors_hal: timestampCalc: Adjusting timestamp for rollover: 2181653098280834, -9
09-01 17:37:44.200  2175  2175 E wpa_supp: RSSI=-46;LINKSPEED=72;NOISE=9999;FREQUENCY=2412;
09-01 17:37:44.201  1578  1898 E WifiConfigManager: updateConfiguration freq=2412 BSSID=b4:5d:50:03:1b:c0 RSSI=-46 "XLYL"WPA_PSK
09-01 17:37:44.485  1578  1835 W qti_sensors_hal: timestampCalc: Adjusting timestamp for rollover: 2181653433943676, -9
09-01 17:37:44.821  1578  1835 W qti_sensors_hal: timestampCalc: Adjusting timestamp for rollover: 2181653769545483, -9
09-01 17:37:45.157  1578  1835 I qti_sensors_hal: [LightSensor]processReportInd: the skip  luxValue  ItemData[0]:120000,ItemData[1]:60000, lux:18.000000,cct:6.000000
09-01 17:37:45.157  1578  1835 W qti_sensors_hal: timestampCalc: Adjusting timestamp for rollover: 2181654105330395, -9
09-01 17:37:45.378  1578  1578 I TrafficMonitor: update:rxPkts:0,txPkts:2,rxBytes:0,txBytes:80
09-01 17:37:45.378  1578  1578 I TrafficMonitor: start expired. level:-1
09-01 17:37:45.378  1578  1578 I TrafficMonitor: gettimer:interval=2000
09-01 17:37:45.492  1578  1835 I qti_sensors_hal: [LightSensor]processReportInd: the skip  luxValue  ItemData[0]:320000,ItemData[1]:f0000, lux:50.000000,cct:15.000000
09-01 17:37:45.492  1578  1835 W qti_sensors_hal: timestampCalc: Adjusting timestamp for rollover: 2181654441115307, -9
09-01 17:37:45.825  1578  1835 W qti_sensors_hal: timestampCalc: Adjusting timestamp for rollover: 2181654773961118, -9
09-01 17:37:46.161  1578  1835 W qti_sensors_hal: timestampCalc: Adjusting timestamp for rollover: 2181655110539487, -9
09-01 17:37:46.497  1578  1835 I qti_sensors_hal: [LightSensor]processReportInd: the skip  luxValue  ItemData[0]:270000,ItemData[1]:d0000, lux:39.000000,cct:13.000000
09-01 17:37:46.497  1578  1835 W qti_sensors_hal: timestampCalc: Adjusting timestamp for rollover: 2181655446232846, -9
09-01 17:37:46.832  1578  1835 W qti_sensors_hal: timestampCalc: Adjusting timestamp for rollover: 2181655781926206, -9
09-01 17:37:47.168  1578  1835 W qti_sensors_hal: timestampCalc: Adjusting timestamp for rollover: 2181656117619565, -9
09-01 17:37:47.221  2175  2175 E wpa_supp: RSSI=-51;LINKSPEED=72;NOISE=9999;FREQUENCY=2412;
09-01 17:37:47.222  1578  1898 E WifiConfigManager: updateConfiguration freq=2412 BSSID=b4:5d:50:03:1b:c0 RSSI=-48 "XLYL"WPA_PSK
09-01 17:37:47.381  1578  1578 I TrafficMonitor: update:rxPkts:0,txPkts:0,rxBytes:0,txBytes:0
09-01 17:37:47.381  1578  1578 I TrafficMonitor: start expired. level:-1
09-01 17:37:47.381  1578  1578 I TrafficMonitor: gettimer:interval=2000
09-01 17:37:47.417   605   605 I cnss-daemon: RTM_NEWNEIGH message received: 28
09-01 17:37:47.417   605   605 I cnss-daemon: NDA_DST received: 172.16.108.254 ul: 4268495020
09-01 17:37:47.417   605   605 I cnss-daemon: NDA_LLADDR received
09-01 17:37:47.504  1578  1835 W qti_sensors_hal: timestampCalc: Adjusting timestamp for rollover: 2181656453557065, -9
09-01 17:37:47.669  1578  1942 E HwCHRWebMonitor: WebMonitor [mNetWorkIsSuck=0 mUIDIsSuck=]  WebSpeed [WEBSENDSEGS=8  WEBRESENDSEGS=4  WEBRECVSEGS=3  WEBERRSEGS=0  WEBOUTRSTS=0  WEBESTABLISRST=0  WEBRTTDURATION=3  WEBRTTSEGS=2  WEBSRTT=120  WEBSNDDUPACKS=0  SENDSEGS=0  RESENDSEGS=0  RECVSEGS=0  ERRSEGS=0  OUTRSTS=0  ESTABLISRST=0  RTTDURATION=0  RTTSEGS=0  SNDDUPACKS=0  suckTimes=0 recovage_times=0]
09-01 17:37:47.669  1578  1942 E HwCHRWifiRSSIGroupSummery: updateTcpSummery mRSSI:-51  HwCHRWifiRSSIGroup [rssi_index=4, rtt_tcp_packets=132, rtt_tcp_duration=402, rtt_lan_duration=5287, rtt_lan_failures=0, rtt_lan_succ=212, rtt_lan_max=536, rtt_lan_min=5,same_area_frequency=0,adjacent_area_frequency=0]
09-01 17:37:47.685  1578  1942 E HwCHRWebMonitor: HwCHRWifiPacketCnt [mTXGood=9, mTXbad=0, mRXGood=6] rssi=-51
09-01 17:37:47.686  1578  1942 E HwCHRWebMonitor: running processName=com.peter.activitymanagertest
09-01 17:37:47.778  1578  1686 I EventHub: EventHub monitor: no key events in the past 13825s, no motion events in the past 21s
09-01 17:37:47.840  1578  1835 W qti_sensors_hal: timestampCalc: Adjusting timestamp for rollover: 2181656788975766, -9
09-01 17:37:48.178  1578  1835 W qti_sensors_hal: timestampCalc: Adjusting timestamp for rollover: 2181657126591733, -9
09-01 17:37:48.377  1578  1578 I TrafficMonitor: expired arrive. level:-1
09-01 17:37:48.377  1578  1578 I TrafficMonitor: during_ms:2003,period_ms:2000
09-01 17:37:48.377  1578  1578 I TrafficMonitor: count:63,rx_sum:0,tx_sum:0,rxBytes:0,during_ms:2003,rx_speed:0.0,tx_speed:0.0,rto:0.0
09-01 17:37:48.513  1578  1835 W qti_sensors_hal: timestampCalc: Adjusting timestamp for rollover: 2181657462315610, -9
09-01 17:37:48.849  1578  1835 W qti_sensors_hal: timestampCalc: Adjusting timestamp for rollover: 2181657798008969, -9
09-01 17:37:49.182  1578  1835 W qti_sensors_hal: timestampCalc: Adjusting timestamp for rollover: 2181658131749204, -9
09-01 17:37:49.383  1578  1578 I TrafficMonitor: update:rxPkts:0,txPkts:0,rxBytes:0,txBytes:0
09-01 17:37:49.383  1578  1578 I TrafficMonitor: start expired. level:-1
09-01 17:37:49.383  1578  1578 I TrafficMonitor: gettimer:interval=2000
09-01 17:37:49.521  1578  1835 W qti_sensors_hal: timestampCalc: Adjusting timestamp for rollover: 2181658469395688, -9
09-01 17:37:49.856  1578  1835 W qti_sensors_hal: timestampCalc: Adjusting timestamp for rollover: 2181658805119565, -9
09-01 17:37:50.192  1578  1835 W qti_sensors_hal: timestampCalc: Adjusting timestamp for rollover: 2181659140782407, -9
09-01 17:37:50.243  2175  2175 E wpa_supp: RSSI=-51;LINKSPEED=72;NOISE=9999;FREQUENCY=2412;
09-01 17:37:50.244  1578  1898 E WifiConfigManager: updateConfiguration freq=2412 BSSID=b4:5d:50:03:1b:c0 RSSI=-49 "XLYL"WPA_PSK
09-01 17:37:50.528  1578  1835 W qti_sensors_hal: timestampCalc: Adjusting timestamp for rollover: 2181659476506284, -9
09-01 17:37:50.863  1578  1835 W qti_sensors_hal: timestampCalc: Adjusting timestamp for rollover: 2181659812138608, -9
09-01 17:37:51.199  1578  1835 W qti_sensors_hal: timestampCalc: Adjusting timestamp for rollover: 2181660147893003, -9
09-01 17:37:51.353  2175  2175 E wpa_supp: RSSI=-52;LINKSPEED=72;NOISE=9999;FREQUENCY=2412;
09-01 17:37:51.355  1578  1898 E WifiConfigManager: updateConfiguration freq=2412 BSSID=b4:5d:50:03:1b:c0 RSSI=-50 "XLYL"WPA_PSK
09-01 17:37:51.375  1578  1953 I HuaweiWifiWatchdogStateMachine: spd good count:0, add sc:0.0, rate:1.0
09-01 17:37:51.375  1578  1953 I HuaweiWifiWatchdogStateMachine: current mHighDataFlowRate = 1.0
09-01 17:37:51.375  1578  1953 I HuaweiWifiWatchdogStateMachine: POta txb txg rxg:0, 2, 0. Lr =0% Totpkt=2
09-01 17:37:51.375  1578  1578 I QosMonitor: queryRtt: rtt_type = 3
09-01 17:37:51.375  1578  1578 I WifiProJNI: ######### GET RTT:3 ########
09-01 17:37:51.376  1578  1951 I QosMonitor: postEventFromNative: msg=100,arg1=4,arg2=9
09-01 17:37:51.376  1578  1951 W WifiProJNI: poll before: g_monitor_fd =307
09-01 17:37:51.376  1578  1578 I WifiProJNI: ######### CMD_QUERY_PKTS ########
09-01 17:37:51.376  1578  1951 I QosMonitor: postEventFromNative: msg=100,arg1=0,arg2=9
09-01 17:37:51.376  1578  1951 W WifiProJNI: poll before: g_monitor_fd =307
09-01 17:37:51.377  1578  1578 I MQoS    : rtt=120,tcp_tx_pkts=439517,tcp_rx_pkts=520950
09-01 17:37:51.377  1578  1953 I HuaweiWifiWatchdogStateMachine: PTcp RTT:0, rtt pkt=0, tcp_rx=0, tcp_tx=2, tcp_reTran=0, rtRate=0
09-01 17:37:51.378  1578  1578 I QosMonitor: resetRtt: rtt_type = 3
09-01 17:37:51.378  1578  1578 I WifiProJNI: ######### RESET RTT:3 ########
09-01 17:37:51.380  1578  3580 I MQoS    : QOS_level:0(0),wifi-link;SIM error;use level-0
09-01 17:37:51.385  1578  1578 I TrafficMonitor: update:rxPkts:0,txPkts:0,rxBytes:0,txBytes:0
09-01 17:37:51.385  1578  1578 I TrafficMonitor: start expired. level:-1
09-01 17:37:51.385  1578  1578 I TrafficMonitor: gettimer:interval=2000
09-01 17:37:51.535  1578  1835 W qti_sensors_hal: timestampCalc: Adjusting timestamp for rollover: 2181660483555844, -9
09-01 17:37:51.870  1578  1835 W qti_sensors_hal: timestampCalc: Adjusting timestamp for rollover: 2181660819218686, -9
09-01 17:37:52.206  1578  1835 W qti_sensors_hal: timestampCalc: Adjusting timestamp for rollover: 2181661155003598, -9
09-01 17:37:52.542  1578  1835 W qti_sensors_hal: timestampCalc: Adjusting timestamp for rollover: 2181661491276792, -9
09-01 17:37:52.558  2501  2501 I SendBroadcastPermission: action:com.qualcomm.intent.action.ACTION_UNSOL_RESPONSE_OEM_HOOK_RAW, mPermissionType:0
09-01 17:37:52.677  1578  1942 E HwCHRWebMonitor: WebMonitor [mNetWorkIsSuck=0 mUIDIsSuck=]  WebSpeed [WEBSENDSEGS=0  WEBRESENDSEGS=0  WEBRECVSEGS=0  WEBERRSEGS=0  WEBOUTRSTS=0  WEBESTABLISRST=0  WEBRTTDURATION=0  WEBRTTSEGS=0  WEBSRTT=120  WEBSNDDUPACKS=0  SENDSEGS=0  RESENDSEGS=0  RECVSEGS=0  ERRSEGS=0  OUTRSTS=0  ESTABLISRST=0  RTTDURATION=0  RTTSEGS=0  SNDDUPACKS=0  suckTimes=0 recovage_times=0]
09-01 17:37:52.677  1578  1942 E HwCHRWifiRSSIGroupSummery: updateTcpSummery mRSSI:-52  HwCHRWifiRSSIGroup [rssi_index=4, rtt_tcp_packets=132, rtt_tcp_duration=402, rtt_lan_duration=5287, rtt_lan_failures=0, rtt_lan_succ=212, rtt_lan_max=536, rtt_lan_min=5,same_area_frequency=0,adjacent_area_frequency=0]
09-01 17:37:52.695  1578  1942 E HwCHRWebMonitor: HwCHRWifiPacketCnt [mTXGood=0, mTXbad=0, mRXGood=0] rssi=-52
09-01 17:37:52.696  1578  1942 E HwCHRWebMonitor: running processName=com.peter.activitymanagertest
09-01 17:37:52.714  1578  1942 E HwCHRWifiFile: getFileResult throw exceptionjava.io.FileNotFoundException: /sys/kernel/debug/bcmdhd/debug_wl_counters (No such file or directory)
09-01 17:37:52.714  1578  1942 E HwCHRWifiLinkMonitor: HwCHRWifiBcmIncrCounterLst [txbyte=0  txframe=0  txnoassoc=0  txphyerror=0  txctl=0  txfail=0  txphyerr=0  txfrmsnt=0  txnoack=0  txfrag=0  txnocts=0  txrts=0  txnobuf=0  txallfrm=0  txerror=0  txretrans=0  rxbyte=0  rxframe=0  rxbadfcs=0  rxbadplcp=0  rxmulti=0  rxfrag=0  rxctl=0  rxbadcm=0  rxnobuf=0  rxcrsglitch=0  rxbadds=0  rxnondata=0  rxmulti=0  reset=0  rxdfrmocast=0  rxmfrmocast=0  rxdfrmucastmbss=0  rxmfrmucastmbss=0  rxbeaconmbss=0  rxdfmucastobss=0  rxbeaconobss=0  rxstrt=0  rxcfrmocast=0  rxcfrmucast=0  rxdfrmmcast=0  rxmfrmmcast=0  rxcfrmmcast=0  ]
09-01 17:37:52.878  1578  1835 W qti_sensors_hal: timestampCalc: Adjusting timestamp for rollover: 2181661826390317, -9
09-01 17:37:53.213  1578  1835 W qti_sensors_hal: timestampCalc: Adjusting timestamp for rollover: 2181662161992124, -9
09-01 17:37:53.263  2175  2175 E wpa_supp: RSSI=-51;LINKSPEED=72;NOISE=9999;FREQUENCY=2412;
09-01 17:37:53.264  1578  1898 E WifiConfigManager: updateConfiguration freq=2412 BSSID=b4:5d:50:03:1b:c0 RSSI=-50 "XLYL"WPA_PSK
09-01 17:37:53.388  1578  1578 I TrafficMonitor: update:rxPkts:0,txPkts:0,rxBytes:0,txBytes:0
09-01 17:37:53.389  1578  1578 I TrafficMonitor: start expired. level:-1
09-01 17:37:53.389  1578  1578 I TrafficMonitor: gettimer:interval=2000
09-01 17:37:53.549  1578  1835 W qti_sensors_hal: timestampCalc: Adjusting timestamp for rollover: 2181662497838071, -9
09-01 17:37:53.885  1578  1835 W qti_sensors_hal: timestampCalc: Adjusting timestamp for rollover: 2181662833409360, -9
09-01 17:37:54.220  1578  1835 W qti_sensors_hal: timestampCalc: Adjusting timestamp for rollover: 2181663169102719, -9
09-01 17:37:54.385  1578  1578 I TrafficMonitor: expired arrive. level:-1
09-01 17:37:54.385  1578  1578 I TrafficMonitor: during_ms:2003,period_ms:2000
09-01 17:37:54.385  1578  1578 I TrafficMonitor: count:66,rx_sum:0,tx_sum:0,rxBytes:0,during_ms:2003,rx_speed:0.0,tx_speed:0.0,rto:0.0
09-01 17:37:54.556  1578  1835 W qti_sensors_hal: timestampCalc: Adjusting timestamp for rollover: 2181663504887631, -9
09-01 17:37:54.892  1578  1835 W qti_sensors_hal: timestampCalc: Adjusting timestamp for rollover: 2181663841008237, -9
09-01 17:37:55.227  1578  1835 W qti_sensors_hal: timestampCalc: Adjusting timestamp for rollover: 2181664176213315, -9
09-01 17:37:55.391  1578  1578 I TrafficMonitor: update:rxPkts:0,txPkts:0,rxBytes:0,txBytes:0
09-01 17:37:55.391  1578  1578 I TrafficMonitor: start expired. level:-1
09-01 17:37:55.391  1578  1578 I TrafficMonitor: gettimer:interval=2000
09-01 17:37:55.563  1578  1835 W qti_sensors_hal: timestampCalc: Adjusting timestamp for rollover: 2181664511903860, -9
09-01 17:37:55.899  1578  1835 W qti_sensors_hal: timestampCalc: Adjusting timestamp for rollover: 2181664847597220, -9
09-01 17:37:56.129  1578  1827 I SendBroadcastPermission: action:android.intent.action.SIG_STR, mPermissionType:0
09-01 17:37:56.129 28563  9115 W MessageQueue: Handler (android.telephony.PhoneStateListener$1) {ca0eb64} sending message to a Handler on a dead thread
09-01 17:37:56.129 28563  9115 W MessageQueue: java.lang.IllegalStateException: Handler (android.telephony.PhoneStateListener$1) {ca0eb64} sending message to a Handler on a dead thread
09-01 17:37:56.129 28563  9115 W MessageQueue: 	at android.os.MessageQueue.enqueueMessage(MessageQueue.java:616)
09-01 17:37:56.129 28563  9115 W MessageQueue: 	at android.os.Handler.enqueueMessage(Handler.java:653)
09-01 17:37:56.129 28563  9115 W MessageQueue: 	at android.os.Handler.sendMessageAtTime(Handler.java:622)
09-01 17:37:56.129 28563  9115 W MessageQueue: 	at android.os.Handler.sendMessageDelayed(Handler.java:592)
09-01 17:37:56.129 28563  9115 W MessageQueue: 	at android.os.Handler.sendMessage(Handler.java:526)
09-01 17:37:56.129 28563  9115 W MessageQueue: 	at android.os.Message.sendToTarget(Message.java:421)
09-01 17:37:56.129 28563  9115 W MessageQueue: 	at android.telephony.PhoneStateListener$IPhoneStateListenerStub.send(PhoneStateListener.java:555)
09-01 17:37:56.129 28563  9115 W MessageQueue: 	at android.telephony.PhoneStateListener$IPhoneStateListenerStub.onSignalStrengthsChanged(PhoneStateListener.java:601)
09-01 17:37:56.129 28563  9115 W MessageQueue: 	at com.android.internal.telephony.IPhoneStateListener$Stub.onTransact(IPhoneStateListener.java:133)
09-01 17:37:56.129 28563  9115 W MessageQueue: 	at android.os.Binder.execTransact(Binder.java:565)
09-01 17:37:56.130  1578  1578 I MQoS    : onSignal: mSubId=1,currDataSubID=0
09-01 17:37:56.130  1578  1578 I MQoS    : received cell-signal:1
09-01 17:37:56.234  1578  1835 W qti_sensors_hal: timestampCalc: Adjusting timestamp for rollover: 2181665183321097, -9
09-01 17:37:56.283  2175  2175 E wpa_supp: RSSI=-52;LINKSPEED=72;NOISE=9999;FREQUENCY=2412;
09-01 17:37:56.284  1578  1898 E WifiConfigManager: updateConfiguration freq=2412 BSSID=b4:5d:50:03:1b:c0 RSSI=-51 "XLYL"WPA_PSK
09-01 17:37:56.570  1578  1835 W qti_sensors_hal: timestampCalc: Adjusting timestamp for rollover: 2181665519044974, -9
09-01 17:37:56.906  1578  1835 W qti_sensors_hal: timestampCalc: Adjusting timestamp for rollover: 2181665854616263, -9
09-01 17:37:57.241  1578  1835 W qti_sensors_hal: timestampCalc: Adjusting timestamp for rollover: 2181666190370657, -9
09-01 17:37:57.394  1578  1578 I TrafficMonitor: update:rxPkts:0,txPkts:0,rxBytes:0,txBytes:0
09-01 17:37:57.394  1578  1578 I TrafficMonitor: start expired. level:-1
09-01 17:37:57.394  1578  1578 I TrafficMonitor: gettimer:interval=2000
09-01 17:37:57.577  1578  1835 W qti_sensors_hal: timestampCalc: Adjusting timestamp for rollover: 2181666526064017, -9
09-01 17:37:57.913  1578  1835 W qti_sensors_hal: timestampCalc: Adjusting timestamp for rollover: 2181666861696341, -9
09-01 17:37:58.248  1578  1835 W qti_sensors_hal: timestampCalc: Adjusting timestamp for rollover: 2181667197420218, -9
09-01 17:37:58.582  1578  1835 W qti_sensors_hal: timestampCalc: Adjusting timestamp for rollover: 2181667531587698, -9
09-01 17:37:58.648  1578  1942 E HwCHRWifiRSSIGroupSummery: updatArpSummery mRSSI:-52  HwCHRWifiRSSIGroup [rssi_index=4, rtt_tcp_packets=132, rtt_tcp_duration=402, rtt_lan_duration=5351, rtt_lan_failures=0, rtt_lan_succ=213, rtt_lan_max=536, rtt_lan_min=5,same_area_frequency=0,adjacent_area_frequency=0]
09-01 17:37:58.662  1578  1942 E HwCHRWebMonitor: WebMonitor [mNetWorkIsSuck=0 mUIDIsSuck=]  WebSpeed [WEBSENDSEGS=0  WEBRESENDSEGS=0  WEBRECVSEGS=0  WEBERRSEGS=0  WEBOUTRSTS=0  WEBESTABLISRST=0  WEBRTTDURATION=0  WEBRTTSEGS=0  WEBSRTT=120  WEBSNDDUPACKS=0  SENDSEGS=0  RESENDSEGS=0  RECVSEGS=0  ERRSEGS=0  OUTRSTS=0  ESTABLISRST=0  RTTDURATION=0  RTTSEGS=0  SNDDUPACKS=0  suckTimes=0 recovage_times=0]
09-01 17:37:58.662  1578  1942 E HwCHRWifiRSSIGroupSummery: updateTcpSummery mRSSI:-52  HwCHRWifiRSSIGroup [rssi_index=4, rtt_tcp_packets=132, rtt_tcp_duration=402, rtt_lan_duration=5351, rtt_lan_failures=0, rtt_lan_succ=213, rtt_lan_max=536, rtt_lan_min=5,same_area_frequency=0,adjacent_area_frequency=0]
09-01 17:37:58.679  1578  1942 E HwCHRWebMonitor: HwCHRWifiPacketCnt [mTXGood=1, mTXbad=0, mRXGood=1] rssi=-52
09-01 17:37:58.679  1578  1942 E HwCHRWebMonitor: running processName=com.peter.activitymanagertest
09-01 17:37:58.920  1578  1835 W qti_sensors_hal: timestampCalc: Adjusting timestamp for rollover: 2181667868837454, -9
09-01 17:37:59.256  1578  1835 W qti_sensors_hal: timestampCalc: Adjusting timestamp for rollover: 2181668204500296, -9
09-01 17:37:59.303  2175  2175 E wpa_supp: RSSI=-52;LINKSPEED=72;NOISE=9999;FREQUENCY=2412;
09-01 17:37:59.305  1578  1898 E WifiConfigManager: updateConfiguration freq=2412 BSSID=b4:5d:50:03:1b:c0 RSSI=-51 "XLYL"WPA_PSK
09-01 17:37:59.357  2175  2175 E wpa_supp: RSSI=-52;LINKSPEED=72;NOISE=9999;FREQUENCY=2412;
09-01 17:37:59.358  1578  1898 E WifiConfigManager: updateConfiguration freq=2412 BSSID=b4:5d:50:03:1b:c0 RSSI=-51 "XLYL"WPA_PSK
09-01 17:37:59.377  1578  1953 I HuaweiWifiWatchdogStateMachine: spd good count:0, add sc:0.0, rate:1.0
09-01 17:37:59.377  1578  1953 I HuaweiWifiWatchdogStateMachine: current mHighDataFlowRate = 1.0
09-01 17:37:59.378  1578  1953 I HuaweiWifiWatchdogStateMachine: POta txb txg rxg:0, 3, 0. Lr =0% Totpkt=3
09-01 17:37:59.378  1578  1578 I QosMonitor: queryRtt: rtt_type = 3
09-01 17:37:59.378  1578  1578 I WifiProJNI: ######### GET RTT:3 ########
09-01 17:37:59.378  1578  1951 I QosMonitor: postEventFromNative: msg=100,arg1=4,arg2=9
09-01 17:37:59.378  1578  1951 W WifiProJNI: poll before: g_monitor_fd =307
09-01 17:37:59.378  1578  1578 I WifiProJNI: ######### CMD_QUERY_PKTS ########
09-01 17:37:59.378  1578  1951 I QosMonitor: postEventFromNative: msg=100,arg1=0,arg2=9
09-01 17:37:59.378  1578  1951 W WifiProJNI: poll before: g_monitor_fd =307
09-01 17:37:59.379  1578  1578 I MQoS    : rtt=120,tcp_tx_pkts=439517,tcp_rx_pkts=520950
09-01 17:37:59.380  1578  1953 I HuaweiWifiWatchdogStateMachine: PTcp RTT:0, rtt pkt=0, tcp_rx=0, tcp_tx=0, tcp_reTran=0, rtRate=0
09-01 17:37:59.381  1578  3580 I MQoS    : QOS_level:0(0),wifi-link;SIM error;use level-0
09-01 17:37:59.395  1578  1578 I TrafficMonitor: update:rxPkts:0,txPkts:0,rxBytes:0,txBytes:0
09-01 17:37:59.395  1578  1578 I TrafficMonitor: start expired. level:-1
09-01 17:37:59.395  1578  1578 I TrafficMonitor: gettimer:interval=2000
09-01 17:37:59.591  1578  1835 W qti_sensors_hal: timestampCalc: Adjusting timestamp for rollover: 2181668540193655, -9
09-01 17:37:59.621  1578  1686 I SendBroadcastPermission: action:android.net.conn.DATA_ACTIVITY_CHANGE, mPermissionType:0
09-01 17:37:59.927  1578  1835 W qti_sensors_hal: timestampCalc: Adjusting timestamp for rollover: 2181668875917532, -9
09-01 17:38:00.018  1985  1985 W HwKeyguardDragHelper: AnimationBlocked
09-01 17:38:00.024  1985  1985 I EventCenter: EventCenter Get :android.intent.action.TIME_TICK
09-01 17:38:00.036  1985  1985 W HwKeyguardDragHelper: AnimationBlocked
09-01 17:38:00.046  1985  1985 W ResourceType: Failure getting entry for 0xffffffff (t=254 e=65535) (error -2147483647)
09-01 17:38:00.047  1985  1985 E DateLunarView: mDateString is: 91
09-01 17:38:00.047  1985  1985 W ResourceType: Failure getting entry for 0xffffffff (t=254 e=65535) (error -2147483647)
09-01 17:38:00.048  1985  1985 E DateLunarView: mDateString is: 91
09-01 17:38:00.057  3144  3144 I HwLauncher: Model  onReceive intent=Intent { act=android.intent.action.TIME_TICK flg=0x50000014 (has extras) }
09-01 17:38:00.058  3144  3144 I HwLauncher: Model  onReceive user=UserHandle{0}
09-01 17:38:00.139  1985  1985 W ExpandableNotificationRow: setActionsBackground,null == view,mPublicLayout
09-01 17:38:00.139  1985  1985 W ExpandableNotificationRow: setActionsBackground,null == view,mPrivateLayout
09-01 17:38:00.140  1985  1985 W ExpandableNotificationRow: setActionsBackground,null == view,mPublicLayout
09-01 17:38:00.140  1985  1985 W ExpandableNotificationRow: setActionsBackground,null == view,mPrivateLayout
09-01 17:38:00.141  1985  1985 W ExpandableNotificationRow: setActionsBackground,null == view,mPublicLayout
09-01 17:38:00.141  1985  1985 W ExpandableNotificationRow: setActionsBackground,null == view,mPrivateLayout
09-01 17:38:00.142  1985  1985 W ExpandableNotificationRow: setActionsBackground,null == view,mPublicLayout
09-01 17:38:00.142  1985  1985 W ExpandableNotificationRow: setActionsBackground,null == view,mPrivateLayout
09-01 17:38:00.143  1985  1985 W ExpandableNotificationRow: setActionsBackground,null == view,mPublicLayout
09-01 17:38:00.143  1985  1985 W ExpandableNotificationRow: setActionsBackground,null == view,mPrivateLayout
09-01 17:38:00.145  1985  1985 W ExpandableNotificationRow: setActionsBackground,null == view,mPublicLayout
09-01 17:38:00.145  1985  1985 W ExpandableNotificationRow: setActionsBackground,null == view,mPrivateLayout
09-01 17:38:00.146  1985  1985 W ExpandableNotificationRow: setActionsBackground,null == view,mPublicLayout
09-01 17:38:00.146  1985  1985 W ExpandableNotificationRow: setActionsBackground,null == view,mPrivateLayout
09-01 17:38:00.147  1985  1985 W ExpandableNotificationRow: setActionsBackground,null == view,mPublicLayout
09-01 17:38:00.147  1985  1985 W ExpandableNotificationRow: setActionsBackground,null == view,mPrivateLayout
09-01 17:38:00.149  1985  1985 W ExpandableNotificationRow: setActionsBackground,null == view,mPublicLayout
09-01 17:38:00.149  1985  1985 W ExpandableNotificationRow: setActionsBackground,null == view,mPrivateLayout
09-01 17:38:00.150  1985  1985 W HwKeyguardDragHelper: AnimationBlocked
09-01 17:38:00.263  1578  1835 W qti_sensors_hal: timestampCalc: Adjusting timestamp for rollover: 2181669211458304, -9
09-01 17:38:00.392  1578  1578 I TrafficMonitor: expired arrive. level:-1
09-01 17:38:00.392  1578  1578 I TrafficMonitor: during_ms:2001,period_ms:2000
09-01 17:38:00.392  1578  1578 I TrafficMonitor: count:69,rx_sum:0,tx_sum:0,rxBytes:0,during_ms:2001,rx_speed:0.0,tx_speed:0.0,rto:0.0
09-01 17:38:00.598  1578  1835 W qti_sensors_hal: timestampCalc: Adjusting timestamp for rollover: 2181669547304251, -9
09-01 17:38:00.934  1578  1835 W qti_sensors_hal: timestampCalc: Adjusting timestamp for rollover: 2181669883028128, -9
09-01 17:38:01.270  1578  1835 W qti_sensors_hal: timestampCalc: Adjusting timestamp for rollover: 2181670218721487, -9
09-01 17:38:01.397  1578  1578 I TrafficMonitor: update:rxPkts:0,txPkts:0,rxBytes:0,txBytes:0
09-01 17:38:01.397  1578  1578 I TrafficMonitor: start expired. level:-1
09-01 17:38:01.397  1578  1578 I TrafficMonitor: gettimer:interval=2000
09-01 17:38:01.606  1578  1835 W qti_sensors_hal: timestampCalc: Adjusting timestamp for rollover: 2181670554353812, -9
09-01 17:38:01.941  1578  1835 W qti_sensors_hal: timestampCalc: Adjusting timestamp for rollover: 2181670890016653, -9
09-01 17:38:02.276  1578  1835 W qti_sensors_hal: timestampCalc: Adjusting timestamp for rollover: 2181671224825003, -9
09-01 17:38:02.325  2175  2175 E wpa_supp: RSSI=-52;LINKSPEED=72;NOISE=9999;FREQUENCY=2412;
09-01 17:38:02.326  1578  1898 E WifiConfigManager: updateConfiguration freq=2412 BSSID=b4:5d:50:03:1b:c0 RSSI=-51 "XLYL"WPA_PSK
09-01 17:38:02.613  1578  1835 W qti_sensors_hal: timestampCalc: Adjusting timestamp for rollover: 2181671561464407, -9
09-01 17:38:02.948  1578  1835 W qti_sensors_hal: timestampCalc: Adjusting timestamp for rollover: 2181671897127249, -9
09-01 17:38:03.284  1578  1835 W qti_sensors_hal: timestampCalc: Adjusting timestamp for rollover: 2181672232851126, -9
09-01 17:38:03.399  1578  1578 I TrafficMonitor: update:rxPkts:0,txPkts:0,rxBytes:0,txBytes:0
09-01 17:38:03.399  1578  1578 I TrafficMonitor: start expired. level:-1
09-01 17:38:03.399  1578  1578 I TrafficMonitor: gettimer:interval=2000
09-01 17:38:03.620  1578  1835 W qti_sensors_hal: timestampCalc: Adjusting timestamp for rollover: 2181672568513968, -9
09-01 17:38:03.671  1578  1942 E HwCHRWebMonitor: WebMonitor [mNetWorkIsSuck=0 mUIDIsSuck=]  WebSpeed [WEBSENDSEGS=0  WEBRESENDSEGS=0  WEBRECVSEGS=0  WEBERRSEGS=0  WEBOUTRSTS=0  WEBESTABLISRST=0  WEBRTTDURATION=0  WEBRTTSEGS=0  WEBSRTT=120  WEBSNDDUPACKS=0  SENDSEGS=0  RESENDSEGS=0  RECVSEGS=0  ERRSEGS=0  OUTRSTS=0  ESTABLISRST=0  RTTDURATION=0  RTTSEGS=0  SNDDUPACKS=0  suckTimes=0 recovage_times=0]
09-01 17:38:03.671  1578  1942 E HwCHRWifiRSSIGroupSummery: updateTcpSummery mRSSI:-52  HwCHRWifiRSSIGroup [rssi_index=4, rtt_tcp_packets=132, rtt_tcp_duration=402, rtt_lan_duration=5351, rtt_lan_failures=0, rtt_lan_succ=213, rtt_lan_max=536, rtt_lan_min=5,same_area_frequency=0,adjacent_area_frequency=0]
09-01 17:38:03.688  1578  1942 E HwCHRWebMonitor: HwCHRWifiPacketCnt [mTXGood=0, mTXbad=0, mRXGood=0] rssi=-52
09-01 17:38:03.689  1578  1942 E HwCHRWebMonitor: running processName=com.peter.activitymanagertest
09-01 17:38:03.955  1578  1835 W qti_sensors_hal: timestampCalc: Adjusting timestamp for rollover: 2181672904207327, -9
09-01 17:38:04.287  1578  1835 W qti_sensors_hal: timestampCalc: Adjusting timestamp for rollover: 2181673235994437, -9
09-01 17:38:04.624  1578  1835 W qti_sensors_hal: timestampCalc: Adjusting timestamp for rollover: 2181673573579886, -9
09-01 17:38:04.959  1578  1835 W qti_sensors_hal: timestampCalc: Adjusting timestamp for rollover: 2181673908571341, -9
09-01 17:38:05.298  1578  1835 W qti_sensors_hal: timestampCalc: Adjusting timestamp for rollover: 2181674246980765, -9
09-01 17:38:05.347  2175  2175 E wpa_supp: RSSI=-52;LINKSPEED=72;NOISE=9999;FREQUENCY=2412;
09-01 17:38:05.348  1578  1898 E WifiConfigManager: updateConfiguration freq=2412 BSSID=b4:5d:50:03:1b:c0 RSSI=-51 "XLYL"WPA_PSK
09-01 17:38:05.402  1578  1578 I TrafficMonitor: update:rxPkts:0,txPkts:0,rxBytes:0,txBytes:0
09-01 17:38:05.402  1578  1578 I TrafficMonitor: start expired. level:-1
09-01 17:38:05.402  1578  1578 I TrafficMonitor: gettimer:interval=5000
09-01 17:38:05.634  1578  1835 W qti_sensors_hal: timestampCalc: Adjusting timestamp for rollover: 2181674582700032, -9
09-01 17:38:05.969  1578  1835 W qti_sensors_hal: timestampCalc: Adjusting timestamp for rollover: 2181674918393391, -9
09-01 17:38:06.305  1578  1835 W qti_sensors_hal: timestampCalc: Adjusting timestamp for rollover: 2181675254300373, -9
09-01 17:38:06.398  1578  1578 I TrafficMonitor: expired arrive. level:-1
09-01 17:38:06.398  1578  1578 I TrafficMonitor: during_ms:2003,period_ms:2000
09-01 17:38:06.398  1578  1578 I TrafficMonitor: count:72,rx_sum:0,tx_sum:0,rxBytes:0,during_ms:2003,rx_speed:0.0,tx_speed:0.0,rto:0.0
09-01 17:38:06.641  1578  1835 W qti_sensors_hal: timestampCalc: Adjusting timestamp for rollover: 2181675589749592, -9
09-01 17:38:06.977  1578  1835 W qti_sensors_hal: timestampCalc: Adjusting timestamp for rollover: 2181675925870198, -9
09-01 17:38:07.312  1578  1835 W qti_sensors_hal: timestampCalc: Adjusting timestamp for rollover: 2181676261166829, -9
09-01 17:38:07.370  2175  2175 E wpa_supp: RSSI=-52;LINKSPEED=72;NOISE=9999;FREQUENCY=2412;
09-01 17:38:07.371  1578  1898 E WifiConfigManager: updateConfiguration freq=2412 BSSID=b4:5d:50:03:1b:c0 RSSI=-51 "XLYL"WPA_PSK
09-01 17:38:07.390  1578  1953 I HuaweiWifiWatchdogStateMachine: spd good count:0, add sc:0.0, rate:1.0
09-01 17:38:07.390  1578  1953 I HuaweiWifiWatchdogStateMachine: current mHighDataFlowRate = 1.0
09-01 17:38:07.390  1578  1953 I HuaweiWifiWatchdogStateMachine: POta txb txg rxg:0, 3, 0. Lr =0% Totpkt=3
09-01 17:38:07.391  1578  1578 I QosMonitor: queryRtt: rtt_type = 3
09-01 17:38:07.391  1578  1578 I WifiProJNI: ######### GET RTT:3 ########
09-01 17:38:07.391  1578  1951 I QosMonitor: postEventFromNative: msg=100,arg1=4,arg2=9
09-01 17:38:07.391  1578  1951 W WifiProJNI: poll before: g_monitor_fd =307
09-01 17:38:07.391  1578  1578 I WifiProJNI: ######### CMD_QUERY_PKTS ########
09-01 17:38:07.391  1578  1951 I QosMonitor: postEventFromNative: msg=100,arg1=0,arg2=9
09-01 17:38:07.391  1578  1951 W WifiProJNI: poll before: g_monitor_fd =307
09-01 17:38:07.392  1578  1578 I MQoS    : rtt=120,tcp_tx_pkts=439517,tcp_rx_pkts=520950
09-01 17:38:07.393  1578  1953 I HuaweiWifiWatchdogStateMachine: PTcp RTT:0, rtt pkt=0, tcp_rx=0, tcp_tx=0, tcp_reTran=0, rtRate=0
09-01 17:38:07.395  1578  3580 I MQoS    : QOS_level:0(0),wifi-link;SIM error;use level-0
09-01 17:38:07.648  1578  1835 W qti_sensors_hal: timestampCalc: Adjusting timestamp for rollover: 2181676596860188, -9
09-01 17:38:07.984  1578  1835 W qti_sensors_hal: timestampCalc: Adjusting timestamp for rollover: 2181676932584065, -9
09-01 17:38:08.319  1578  1835 W qti_sensors_hal: timestampCalc: Adjusting timestamp for rollover: 2181677268216389, -9
09-01 17:38:08.365  2175  2175 E wpa_supp: RSSI=-52;LINKSPEED=72;NOISE=9999;FREQUENCY=2412;
09-01 17:38:08.367  1578  1898 E WifiConfigManager: updateConfiguration freq=2412 BSSID=b4:5d:50:03:1b:c0 RSSI=-51 "XLYL"WPA_PSK
09-01 17:38:08.655  1578  1835 W qti_sensors_hal: timestampCalc: Adjusting timestamp for rollover: 2181677603879231, -9
09-01 17:38:08.681  1578  1942 E HwCHRWebMonitor: WebMonitor [mNetWorkIsSuck=0 mUIDIsSuck=]  WebSpeed [WEBSENDSEGS=0  WEBRESENDSEGS=0  WEBRECVSEGS=0  WEBERRSEGS=0  WEBOUTRSTS=0  WEBESTABLISRST=0  WEBRTTDURATION=0  WEBRTTSEGS=0  WEBSRTT=120  WEBSNDDUPACKS=0  SENDSEGS=0  RESENDSEGS=0  RECVSEGS=0  ERRSEGS=0  OUTRSTS=0  ESTABLISRST=0  RTTDURATION=0  RTTSEGS=0  SNDDUPACKS=0  suckTimes=0 recovage_times=0]
09-01 17:38:08.681  1578  1942 E HwCHRWifiRSSIGroupSummery: updateTcpSummery mRSSI:-52  HwCHRWifiRSSIGroup [rssi_index=4, rtt_tcp_packets=132, rtt_tcp_duration=402, rtt_lan_duration=5351, rtt_lan_failures=0, rtt_lan_succ=213, rtt_lan_max=536, rtt_lan_min=5,same_area_frequency=0,adjacent_area_frequency=0]
09-01 17:38:08.698  1578  1942 E HwCHRWebMonitor: HwCHRWifiPacketCnt [mTXGood=0, mTXbad=0, mRXGood=0] rssi=-52
09-01 17:38:08.699  1578  1942 E HwCHRWebMonitor: running processName=com.peter.activitymanagertest
09-01 17:38:08.991  1578  1835 W qti_sensors_hal: timestampCalc: Adjusting timestamp for rollover: 2181677939603108, -9
09-01 17:38:09.327  1578  1835 W qti_sensors_hal: timestampCalc: Adjusting timestamp for rollover: 2181678275326985, -9
09-01 17:38:09.662  1578  1835 W qti_sensors_hal: timestampCalc: Adjusting timestamp for rollover: 2181678611020344, -9
09-01 17:38:09.998  1578  1835 W qti_sensors_hal: timestampCalc: Adjusting timestamp for rollover: 2181678947140950, -9
09-01 17:38:10.334  1578  1835 W qti_sensors_hal: timestampCalc: Adjusting timestamp for rollover: 2181679282376545, -9
09-01 17:38:10.406  1578  1578 I TrafficMonitor: update:rxPkts:0,txPkts:0,rxBytes:0,txBytes:0
09-01 17:38:10.406  1578  1578 I TrafficMonitor: start expired. level:-1
09-01 17:38:10.406  1578  1578 I TrafficMonitor: gettimer:interval=5000
09-01 17:38:10.669  1578  1835 W qti_sensors_hal: timestampCalc: Adjusting timestamp for rollover: 2181679618069905, -9
09-01 17:38:11.005  1578  1835 W qti_sensors_hal: timestampCalc: Adjusting timestamp for rollover: 2181679953793782, -9
09-01 17:38:11.341  1578  1835 W qti_sensors_hal: timestampCalc: Adjusting timestamp for rollover: 2181680289456623, -9
09-01 17:38:11.387  2175  2175 E wpa_supp: RSSI=-52;LINKSPEED=72;NOISE=9999;FREQUENCY=2412;
09-01 17:38:11.388  1578  1898 E WifiConfigManager: updateConfiguration freq=2412 BSSID=b4:5d:50:03:1b:c0 RSSI=-51 "XLYL"WPA_PSK
09-01 17:38:11.676  1578  1835 W qti_sensors_hal: timestampCalc: Adjusting timestamp for rollover: 2181680625180500, -9
09-01 17:38:12.012  1578  1835 W qti_sensors_hal: timestampCalc: Adjusting timestamp for rollover: 2181680960812825, -9
09-01 17:38:12.348  1578  1835 W qti_sensors_hal: timestampCalc: Adjusting timestamp for rollover: 2181681296506184, -9
09-01 17:38:12.683  1578  1835 W qti_sensors_hal: timestampCalc: Adjusting timestamp for rollover: 2181681632230061, -9
09-01 17:38:12.977   605   605 I cnss-daemon: RTM_NEWNEIGH message received: 28
09-01 17:38:12.977   605   605 E cnss-daemon: Stale or unreachable neighbors, ndm state: 4
09-01 17:38:13.019  1578  1835 W qti_sensors_hal: timestampCalc: Adjusting timestamp for rollover: 2181681967984456, -9
09-01 17:38:13.355  1578  1835 W qti_sensors_hal: timestampCalc: Adjusting timestamp for rollover: 2181682303616780, -9
09-01 17:38:13.688  1578  1835 W qti_sensors_hal: timestampCalc: Adjusting timestamp for rollover: 2181682637387532, -9
09-01 17:38:13.691  1578  1942 E HwCHRWebMonitor: WebMonitor [mNetWorkIsSuck=0 mUIDIsSuck=]  WebSpeed [WEBSENDSEGS=0  WEBRESENDSEGS=0  WEBRECVSEGS=0  WEBERRSEGS=0  WEBOUTRSTS=0  WEBESTABLISRST=0  WEBRTTDURATION=0  WEBRTTSEGS=0  WEBSRTT=120  WEBSNDDUPACKS=0  SENDSEGS=0  RESENDSEGS=0  RECVSEGS=0  ERRSEGS=0  OUTRSTS=0  ESTABLISRST=0  RTTDURATION=0  RTTSEGS=0  SNDDUPACKS=0  suckTimes=0 recovage_times=0]
09-01 17:38:13.692  1578  1942 E HwCHRWifiRSSIGroupSummery: updateTcpSummery mRSSI:-52  HwCHRWifiRSSIGroup [rssi_index=4, rtt_tcp_packets=132, rtt_tcp_duration=402, rtt_lan_duration=5351, rtt_lan_failures=0, rtt_lan_succ=213, rtt_lan_max=536, rtt_lan_min=5,same_area_frequency=0,adjacent_area_frequency=0]
09-01 17:38:13.708  1578  1942 E HwCHRWebMonitor: HwCHRWifiPacketCnt [mTXGood=0, mTXbad=0, mRXGood=0] rssi=-52
09-01 17:38:13.710  1578  1942 E HwCHRWebMonitor: running processName=com.peter.activitymanagertest
09-01 17:38:14.026  1578  1835 W qti_sensors_hal: timestampCalc: Adjusting timestamp for rollover: 2181682975003498, -9
09-01 17:38:14.358  1578  1835 W qti_sensors_hal: timestampCalc: Adjusting timestamp for rollover: 2181683307278889, -9
09-01 17:38:14.412  2175  2175 E wpa_supp: RSSI=-51;LINKSPEED=72;NOISE=9999;FREQUENCY=2412;
09-01 17:38:14.413  1578  1898 E WifiConfigManager: updateConfiguration freq=2412 BSSID=b4:5d:50:03:1b:c0 RSSI=-51 "XLYL"WPA_PSK
09-01 17:38:14.694  1578  1835 W qti_sensors_hal: timestampCalc: Adjusting timestamp for rollover: 2181683643338459, -9
09-01 17:38:15.033  1578  1835 W qti_sensors_hal: timestampCalc: Adjusting timestamp for rollover: 2181683982114094, -9
09-01 17:38:15.369  1578  1835 W qti_sensors_hal: timestampCalc: Adjusting timestamp for rollover: 2181684317899006, -9
09-01 17:38:15.378  2175  2175 E wpa_supp: RSSI=-51;LINKSPEED=72;NOISE=9999;FREQUENCY=2412;
09-01 17:38:15.380  1578  1898 E WifiConfigManager: updateConfiguration freq=2412 BSSID=b4:5d:50:03:1b:c0 RSSI=-51 "XLYL"WPA_PSK
09-01 17:38:15.398  1578  1953 I HuaweiWifiWatchdogStateMachine: spd good count:0, add sc:0.0, rate:1.0
09-01 17:38:15.398  1578  1953 I HuaweiWifiWatchdogStateMachine: current mHighDataFlowRate = 1.0
09-01 17:38:15.398  1578  1953 I HuaweiWifiWatchdogStateMachine: POta txb txg rxg:0, 3, 0. Lr =0% Totpkt=3
09-01 17:38:15.398  1578  1578 I QosMonitor: queryRtt: rtt_type = 3
09-01 17:38:15.399  1578  1578 I WifiProJNI: ######### GET RTT:3 ########
09-01 17:38:15.399  1578  1578 I WifiProJNI: ######### CMD_QUERY_PKTS ########
09-01 17:38:15.399  1578  1951 I QosMonitor: postEventFromNative: msg=100,arg1=4,arg2=9
09-01 17:38:15.399  1578  1951 W WifiProJNI: poll before: g_monitor_fd =307
09-01 17:38:15.399  1578  1951 I QosMonitor: postEventFromNative: msg=100,arg1=0,arg2=9
09-01 17:38:15.399  1578  1951 W WifiProJNI: poll before: g_monitor_fd =307
09-01 17:38:15.399  1578  1578 I MQoS    : rtt=120,tcp_tx_pkts=439517,tcp_rx_pkts=520950
09-01 17:38:15.401  1578  1953 I HuaweiWifiWatchdogStateMachine: PTcp RTT:0, rtt pkt=0, tcp_rx=0, tcp_tx=0, tcp_reTran=0, rtRate=0
09-01 17:38:15.403  1578  3580 I MQoS    : QOS_level:0(0),wifi-link;SIM error;use level-0
09-01 17:38:15.406  1578  1578 I TrafficMonitor: expired arrive. level:-1
09-01 17:38:15.407  1578  1578 I TrafficMonitor: update:rxPkts:0,txPkts:0,rxBytes:0,txBytes:0
09-01 17:38:15.407  1578  1578 I TrafficMonitor: start expired. level:-1
09-01 17:38:15.407  1578  1578 I TrafficMonitor: gettimer:interval=5000
09-01 17:38:15.407  1578  1578 I TrafficMonitor: during_ms:5001,period_ms:2000
09-01 17:38:15.407  1578  1578 I TrafficMonitor: count:74,rx_sum:0,tx_sum:0,rxBytes:0,during_ms:5001,rx_speed:0.0,tx_speed:0.0,rto:0.0
09-01 17:38:15.705  1578  1835 W qti_sensors_hal: timestampCalc: Adjusting timestamp for rollover: 2181684653503532, -9
09-01 17:38:16.040  1578  1835 W qti_sensors_hal: timestampCalc: Adjusting timestamp for rollover: 2181684989166374, -9
09-01 17:38:16.159  1578 30646 I SendBroadcastPermission: action:android.intent.action.SIG_STR, mPermissionType:0
09-01 17:38:16.160 28563 28577 W MessageQueue: Handler (android.telephony.PhoneStateListener$1) {ca0eb64} sending message to a Handler on a dead thread
09-01 17:38:16.160 28563 28577 W MessageQueue: java.lang.IllegalStateException: Handler (android.telephony.PhoneStateListener$1) {ca0eb64} sending message to a Handler on a dead thread
09-01 17:38:16.160 28563 28577 W MessageQueue: 	at android.os.MessageQueue.enqueueMessage(MessageQueue.java:616)
09-01 17:38:16.160 28563 28577 W MessageQueue: 	at android.os.Handler.enqueueMessage(Handler.java:653)
09-01 17:38:16.160 28563 28577 W MessageQueue: 	at android.os.Handler.sendMessageAtTime(Handler.java:622)
09-01 17:38:16.160 28563 28577 W MessageQueue: 	at android.os.Handler.sendMessageDelayed(Handler.java:592)
09-01 17:38:16.160 28563 28577 W MessageQueue: 	at android.os.Handler.sendMessage(Handler.java:526)
09-01 17:38:16.160 28563 28577 W MessageQueue: 	at android.os.Message.sendToTarget(Message.java:421)
09-01 17:38:16.160 28563 28577 W MessageQueue: 	at android.telephony.PhoneStateListener$IPhoneStateListenerStub.send(PhoneStateListener.java:555)
09-01 17:38:16.160 28563 28577 W MessageQueue: 	at android.telephony.PhoneStateListener$IPhoneStateListenerStub.onSignalStrengthsChanged(PhoneStateListener.java:601)
09-01 17:38:16.160 28563 28577 W MessageQueue: 	at com.android.internal.telephony.IPhoneStateListener$Stub.onTransact(IPhoneStateListener.java:133)
09-01 17:38:16.160 28563 28577 W MessageQueue: 	at android.os.Binder.execTransact(Binder.java:565)
09-01 17:38:16.160  1578  1578 I MQoS    : onSignal: mSubId=1,currDataSubID=0
09-01 17:38:16.161  1578  1578 I MQoS    : received cell-signal:1
09-01 17:38:16.376  1578  1835 W qti_sensors_hal: timestampCalc: Adjusting timestamp for rollover: 2181685324829216, -9
09-01 17:38:16.712  1578  1835 I qti_sensors_hal: [LightSensor]processReportInd: the cycle luxValue ItemData[0]:270000,ItemData[1]:d0000, lux:39.000000,cct:13.000000
09-01 17:38:16.712  1578  1835 W qti_sensors_hal: timestampCalc: Adjusting timestamp for rollover: 2181685661163444, -9
09-01 17:38:17.047  1578  1835 W qti_sensors_hal: timestampCalc: Adjusting timestamp for rollover: 2181685996276969, -9
09-01 17:38:17.383  1578  1835 W qti_sensors_hal: timestampCalc: Adjusting timestamp for rollover: 2181686331970329, -9
09-01 17:38:17.432  2175  2175 E wpa_supp: RSSI=-52;LINKSPEED=72;NOISE=9999;FREQUENCY=2412;
09-01 17:38:17.433  1578  1898 E WifiConfigManager: updateConfiguration freq=2412 BSSID=b4:5d:50:03:1b:c0 RSSI=-51 "XLYL"WPA_PSK
09-01 17:38:17.719  1578  1835 W qti_sensors_hal: timestampCalc: Adjusting timestamp for rollover: 2181686667633171, -9
09-01 17:38:17.778  1578  1686 I EventHub: EventHub monitor: no key events in the past 13855s, no motion events in the past 51s
09-01 17:38:18.055  1578  1835 W qti_sensors_hal: timestampCalc: Adjusting timestamp for rollover: 2181687003662223, -9
09-01 17:38:18.390  1578  1835 W qti_sensors_hal: timestampCalc: Adjusting timestamp for rollover: 2181687339325065, -9
09-01 17:38:18.701  1578  1942 E HwCHRWebMonitor: WebMonitor [mNetWorkIsSuck=0 mUIDIsSuck=]  WebSpeed [WEBSENDSEGS=0  WEBRESENDSEGS=0  WEBRECVSEGS=0  WEBERRSEGS=0  WEBOUTRSTS=0  WEBESTABLISRST=0  WEBRTTDURATION=0  WEBRTTSEGS=0  WEBSRTT=120  WEBSNDDUPACKS=0  SENDSEGS=0  RESENDSEGS=0  RECVSEGS=0  ERRSEGS=0  OUTRSTS=0  ESTABLISRST=0  RTTDURATION=0  RTTSEGS=0  SNDDUPACKS=0  suckTimes=0 recovage_times=0]
09-01 17:38:18.701  1578  1942 E HwCHRWifiRSSIGroupSummery: updateTcpSummery mRSSI:-52  HwCHRWifiRSSIGroup [rssi_index=4, rtt_tcp_packets=132, rtt_tcp_duration=402, rtt_lan_duration=5351, rtt_lan_failures=0, rtt_lan_succ=213, rtt_lan_max=536, rtt_lan_min=5,same_area_frequency=0,adjacent_area_frequency=0]
09-01 17:38:18.718  1578  1942 E HwCHRWebMonitor: HwCHRWifiPacketCnt [mTXGood=0, mTXbad=0, mRXGood=0] rssi=-52
09-01 17:38:18.718  1578  1942 E HwCHRWebMonitor: running processName=com.peter.activitymanagertest
09-01 17:38:18.726  1578  1835 W qti_sensors_hal: timestampCalc: Adjusting timestamp for rollover: 2181687674713249, -9
09-01 17:38:19.062  1578  1835 W qti_sensors_hal: timestampCalc: Adjusting timestamp for rollover: 2181688010742301, -9
09-01 17:38:19.397  1578  1835 W qti_sensors_hal: timestampCalc: Adjusting timestamp for rollover: 2181688346069450, -9
09-01 17:38:19.733  1578  1835 W qti_sensors_hal: timestampCalc: Adjusting timestamp for rollover: 2181688681793327, -9
