08-29 19:30:34.884  1135  1135 E AndroidRuntime: 	at android.app.ActivityThread.performLaunchActivity(ActivityThread.java:2749)
08-29 19:30:34.884  1135  1135 E AndroidRuntime: 	... 9 more
08-29 19:32:09.189  1320  1325 F libc    : Fatal signal 11 (SIGSEGV), code 1, fault addr 0x74 in tid 1325 (Binder:1320_2)
08-29 19:32:09.189  1320  1324 F libc    : Fatal signal 11 (SIGSEGV), code 1, fault addr 0xa8 in tid 1324 (Binder:1320_1)
08-29 19:32:17.012  1399  1399 E AndroidRuntime: FATAL EXCEPTION: main
08-29 19:32:17.012  1399  1399 E AndroidRuntime: Process: com.sankuai.waimai.router.demo, PID: 1399
08-29 19:32:17.012  1399  1399 E AndroidRuntime: java.lang.RuntimeException: Unable to start activity ComponentInfo{com.sankuai.waimai.router.demo/com.sankuai.waimai.router.demo.lib1.basic.DemoLibActivity1}: java.lang.NullPointerException: Attempt to invoke virtual method 'java.lang.String com.sankuai.waimai.router.demo.lib2.advanced.services.LibraryModule.getModuleName()' on a null object reference
08-29 19:32:17.012  1399  1399 E AndroidRuntime: 	at android.app.ActivityThread.performLaunchActivity(ActivityThread.java:2796)
08-29 19:32:17.012  1399  1399 E AndroidRuntime: 	at android.app.ActivityThread.handleLaunchActivity(ActivityThread.java:2867)
08-29 19:32:17.012  1399  1399 E AndroidRuntime: 	at android.app.ActivityThread.-wrap12(ActivityThread.java)
08-29 19:32:17.012  1399  1399 E AndroidRuntime: 	at android.app.ActivityThread$H.handleMessage(ActivityThread.java:1570)
08-29 19:32:17.012  1399  1399 E AndroidRuntime: 	at android.os.Handler.dispatchMessage(Handler.java:105)
08-29 19:32:17.012  1399  1399 E AndroidRuntime: 	at android.os.Looper.loop(Looper.java:156)
08-29 19:32:17.012  1399  1399 E AndroidRuntime: 	at android.app.ActivityThread.main(ActivityThread.java:6595)
08-29 19:32:17.012  1399  1399 E AndroidRuntime: 	at java.lang.reflect.Method.invoke(Native Method)
08-29 19:32:17.012  1399  1399 E AndroidRuntime: 	at com.android.internal.os.ZygoteInit$MethodAndArgsCaller.run(ZygoteInit.java:942)
08-29 19:32:17.012  1399  1399 E AndroidRuntime: 	at com.android.internal.os.ZygoteInit.main(ZygoteInit.java:832)
08-29 19:32:17.012  1399  1399 E AndroidRuntime: Caused by: java.lang.NullPointerException: Attempt to invoke virtual method 'java.lang.String com.sankuai.waimai.router.demo.lib2.advanced.services.LibraryModule.getModuleName()' on a null object reference
08-29 19:32:17.012  1399  1399 E AndroidRuntime: 	at com.sankuai.waimai.router.demo.lib1.basic.DemoLibActivity1.onCreate(DemoLibActivity1.java:20)
08-29 19:32:17.012  1399  1399 E AndroidRuntime: 	at android.app.Activity.performCreate(Activity.java:6910)
08-29 19:32:17.012  1399  1399 E AndroidRuntime: 	at android.app.Instrumentation.callActivityOnCreate(Instrumentation.java:1123)
08-29 19:32:17.012  1399  1399 E AndroidRuntime: 	at android.app.ActivityThread.performLaunchActivity(ActivityThread.java:2749)
08-29 19:32:17.012  1399  1399 E AndroidRuntime: 	... 9 more
08-29 19:32:28.716  1554  1554 E AndroidRuntime: FATAL EXCEPTION: main
08-29 19:32:28.716  1554  1554 E AndroidRuntime: Process: com.sankuai.waimai.router.demo, PID: 1554
08-29 19:32:28.716  1554  1554 E AndroidRuntime: java.lang.RuntimeException: Unable to start activity ComponentInfo{com.sankuai.waimai.router.demo/com.sankuai.waimai.router.demo.lib2.basic.DemoLibActivity2}: java.lang.NullPointerException: Attempt to invoke virtual method 'java.lang.String com.sankuai.waimai.router.demo.lib2.advanced.services.LibraryModule.getModuleName()' on a null object reference
08-29 19:32:28.716  1554  1554 E AndroidRuntime: 	at android.app.ActivityThread.performLaunchActivity(ActivityThread.java:2796)
08-29 19:32:28.716  1554  1554 E AndroidRuntime: 	at android.app.ActivityThread.handleLaunchActivity(ActivityThread.java:2867)
08-29 19:32:28.716  1554  1554 E AndroidRuntime: 	at android.app.ActivityThread.-wrap12(ActivityThread.java)
08-29 19:32:28.716  1554  1554 E AndroidRuntime: 	at android.app.ActivityThread$H.handleMessage(ActivityThread.java:1570)
08-29 19:32:28.716  1554  1554 E AndroidRuntime: 	at android.os.Handler.dispatchMessage(Handler.java:105)
08-29 19:32:28.716  1554  1554 E AndroidRuntime: 	at android.os.Looper.loop(Looper.java:156)
08-29 19:32:28.716  1554  1554 E AndroidRuntime: 	at android.app.ActivityThread.main(ActivityThread.java:6595)
08-29 19:32:28.716  1554  1554 E AndroidRuntime: 	at java.lang.reflect.Method.invoke(Native Method)
08-29 19:32:28.716  1554  1554 E AndroidRuntime: 	at com.android.internal.os.ZygoteInit$MethodAndArgsCaller.run(ZygoteInit.java:942)
08-29 19:32:28.716  1554  1554 E AndroidRuntime: 	at com.android.internal.os.ZygoteInit.main(ZygoteInit.java:832)
08-29 19:32:28.716  1554  1554 E AndroidRuntime: Caused by: java.lang.NullPointerException: Attempt to invoke virtual method 'java.lang.String com.sankuai.waimai.router.demo.lib2.advanced.services.LibraryModule.getModuleName()' on a null object reference
08-29 19:32:28.716  1554  1554 E AndroidRuntime: 	at com.sankuai.waimai.router.demo.lib2.basic.DemoLibActivity2.onCreate(DemoLibActivity2.java:20)
08-29 19:32:28.716  1554  1554 E AndroidRuntime: 	at android.app.Activity.performCreate(Activity.java:6910)
08-29 19:32:28.716  1554  1554 E AndroidRuntime: 	at android.app.Instrumentation.callActivityOnCreate(Instrumentation.java:1123)
08-29 19:32:28.716  1554  1554 E AndroidRuntime: 	at android.app.ActivityThread.performLaunchActivity(ActivityThread.java:2749)
08-29 19:32:28.716  1554  1554 E AndroidRuntime: 	... 9 more
08-29 19:33:26.934  2000  2000 E AndroidRuntime: FATAL EXCEPTION: main
08-29 19:33:26.934  2000  2000 E AndroidRuntime: Process: com.sankuai.waimai.router.demo, PID: 2000
08-29 19:33:26.934  2000  2000 E AndroidRuntime: java.lang.RuntimeException: Unable to start activity ComponentInfo{com.sankuai.waimai.router.demo/com.sankuai.waimai.router.demo.lib1.basic.DemoLibActivity1}: java.lang.NullPointerException: Attempt to invoke virtual method 'java.lang.String com.sankuai.waimai.router.demo.lib2.advanced.services.LibraryModule.getModuleName()' on a null object reference
08-29 19:33:26.934  2000  2000 E AndroidRuntime: 	at android.app.ActivityThread.performLaunchActivity(ActivityThread.java:2796)
08-29 19:33:26.934  2000  2000 E AndroidRuntime: 	at android.app.ActivityThread.handleLaunchActivity(ActivityThread.java:2867)
08-29 19:33:26.934  2000  2000 E AndroidRuntime: 	at android.app.ActivityThread.-wrap12(ActivityThread.java)
08-29 19:33:26.934  2000  2000 E AndroidRuntime: 	at android.app.ActivityThread$H.handleMessage(ActivityThread.java:1570)
08-29 19:33:26.934  2000  2000 E AndroidRuntime: 	at android.os.Handler.dispatchMessage(Handler.java:105)
08-29 19:33:26.934  2000  2000 E AndroidRuntime: 	at android.os.Looper.loop(Looper.java:156)
08-29 19:33:26.934  2000  2000 E AndroidRuntime: 	at android.app.ActivityThread.main(ActivityThread.java:6595)
08-29 19:33:26.934  2000  2000 E AndroidRuntime: 	at java.lang.reflect.Method.invoke(Native Method)
08-29 19:33:26.934  2000  2000 E AndroidRuntime: 	at com.android.internal.os.ZygoteInit$MethodAndArgsCaller.run(ZygoteInit.java:942)
08-29 19:33:26.934  2000  2000 E AndroidRuntime: 	at com.android.internal.os.ZygoteInit.main(ZygoteInit.java:832)
08-29 19:33:26.934  2000  2000 E AndroidRuntime: Caused by: java.lang.NullPointerException: Attempt to invoke virtual method 'java.lang.String com.sankuai.waimai.router.demo.lib2.advanced.services.LibraryModule.getModuleName()' on a null object reference
08-29 19:33:26.934  2000  2000 E AndroidRuntime: 	at com.sankuai.waimai.router.demo.lib1.basic.DemoLibActivity1.onCreate(DemoLibActivity1.java:20)
08-29 19:33:26.934  2000  2000 E AndroidRuntime: 	at android.app.Activity.performCreate(Activity.java:6910)
08-29 19:33:26.934  2000  2000 E AndroidRuntime: 	at android.app.Instrumentation.callActivityOnCreate(Instrumentation.java:1123)
08-29 19:33:26.934  2000  2000 E AndroidRuntime: 	at android.app.ActivityThread.performLaunchActivity(ActivityThread.java:2749)
08-29 19:33:26.934  2000  2000 E AndroidRuntime: 	... 9 more
08-29 19:35:44.828  2374  2374 E AndroidRuntime: FATAL EXCEPTION: main
08-29 19:35:44.828  2374  2374 E AndroidRuntime: Process: com.sankuai.waimai.router.demo, PID: 2374
08-29 19:35:44.828  2374  2374 E AndroidRuntime: java.lang.RuntimeException: Unable to start activity ComponentInfo{com.sankuai.waimai.router.demo/com.sankuai.waimai.router.demo.lib1.basic.DemoLibActivity1}: java.lang.NullPointerException: Attempt to invoke interface method 'java.lang.String com.sankuai.waimai.router.demo.lib2.advanced.services.LibraryModule.getModuleName()' on a null object reference
08-29 19:35:44.828  2374  2374 E AndroidRuntime: 	at android.app.ActivityThread.performLaunchActivity(ActivityThread.java:2796)
08-29 19:35:44.828  2374  2374 E AndroidRuntime: 	at android.app.ActivityThread.handleLaunchActivity(ActivityThread.java:2867)
08-29 19:35:44.828  2374  2374 E AndroidRuntime: 	at android.app.ActivityThread.-wrap12(ActivityThread.java)
08-29 19:35:44.828  2374  2374 E AndroidRuntime: 	at android.app.ActivityThread$H.handleMessage(ActivityThread.java:1570)
08-29 19:35:44.828  2374  2374 E AndroidRuntime: 	at android.os.Handler.dispatchMessage(Handler.java:105)
08-29 19:35:44.828  2374  2374 E AndroidRuntime: 	at android.os.Looper.loop(Looper.java:156)
08-29 19:35:44.828  2374  2374 E AndroidRuntime: 	at android.app.ActivityThread.main(ActivityThread.java:6595)
08-29 19:35:44.828  2374  2374 E AndroidRuntime: 	at java.lang.reflect.Method.invoke(Native Method)
08-29 19:35:44.828  2374  2374 E AndroidRuntime: 	at com.android.internal.os.ZygoteInit$MethodAndArgsCaller.run(ZygoteInit.java:942)
08-29 19:35:44.828  2374  2374 E AndroidRuntime: 	at com.android.internal.os.ZygoteInit.main(ZygoteInit.java:832)
08-29 19:35:44.828  2374  2374 E AndroidRuntime: Caused by: java.lang.NullPointerException: Attempt to invoke interface method 'java.lang.String com.sankuai.waimai.router.demo.lib2.advanced.services.LibraryModule.getModuleName()' on a null object reference
08-29 19:35:44.828  2374  2374 E AndroidRuntime: 	at com.sankuai.waimai.router.demo.lib1.basic.DemoLibActivity1.onCreate(DemoLibActivity1.java:20)
08-29 19:35:44.828  2374  2374 E AndroidRuntime: 	at android.app.Activity.performCreate(Activity.java:6910)
08-29 19:35:44.828  2374  2374 E AndroidRuntime: 	at android.app.Instrumentation.callActivityOnCreate(Instrumentation.java:1123)
08-29 19:35:44.828  2374  2374 E AndroidRuntime: 	at android.app.ActivityThread.performLaunchActivity(ActivityThread.java:2749)
08-29 19:35:44.828  2374  2374 E AndroidRuntime: 	... 9 more
08-29 19:35:57.959  2646  2646 E AndroidRuntime: FATAL EXCEPTION: main
08-29 19:35:57.959  2646  2646 E AndroidRuntime: Process: com.sankuai.waimai.router.demo, PID: 2646
08-29 19:35:57.959  2646  2646 E AndroidRuntime: java.lang.RuntimeException: Unable to start activity ComponentInfo{com.sankuai.waimai.router.demo/com.sankuai.waimai.router.demo.lib1.basic.DemoLibActivity1}: java.lang.NullPointerException: Attempt to invoke interface method 'java.lang.String com.sankuai.waimai.router.demo.lib2.advanced.services.LibraryModule.getModuleName()' on a null object reference
08-29 19:35:57.959  2646  2646 E AndroidRuntime: 	at android.app.ActivityThread.performLaunchActivity(ActivityThread.java:2796)
08-29 19:35:57.959  2646  2646 E AndroidRuntime: 	at android.app.ActivityThread.handleLaunchActivity(ActivityThread.java:2867)
08-29 19:35:57.959  2646  2646 E AndroidRuntime: 	at android.app.ActivityThread.-wrap12(ActivityThread.java)
08-29 19:35:57.959  2646  2646 E AndroidRuntime: 	at android.app.ActivityThread$H.handleMessage(ActivityThread.java:1570)
08-29 19:35:57.959  2646  2646 E AndroidRuntime: 	at android.os.Handler.dispatchMessage(Handler.java:105)
08-29 19:35:57.959  2646  2646 E AndroidRuntime: 	at android.os.Looper.loop(Looper.java:156)
08-29 19:35:57.959  2646  2646 E AndroidRuntime: 	at android.app.ActivityThread.main(ActivityThread.java:6595)
08-29 19:35:57.959  2646  2646 E AndroidRuntime: 	at java.lang.reflect.Method.invoke(Native Method)
08-29 19:35:57.959  2646  2646 E AndroidRuntime: 	at com.android.internal.os.ZygoteInit$MethodAndArgsCaller.run(ZygoteInit.java:942)
08-29 19:35:57.959  2646  2646 E AndroidRuntime: 	at com.android.internal.os.ZygoteInit.main(ZygoteInit.java:832)
08-29 19:35:57.959  2646  2646 E AndroidRuntime: Caused by: java.lang.NullPointerException: Attempt to invoke interface method 'java.lang.String com.sankuai.waimai.router.demo.lib2.advanced.services.LibraryModule.getModuleName()' on a null object reference
08-29 19:35:57.959  2646  2646 E AndroidRuntime: 	at com.sankuai.waimai.router.demo.lib1.basic.DemoLibActivity1.onCreate(DemoLibActivity1.java:20)
08-29 19:35:57.959  2646  2646 E AndroidRuntime: 	at android.app.Activity.performCreate(Activity.java:6910)
08-29 19:35:57.959  2646  2646 E AndroidRuntime: 	at android.app.Instrumentation.callActivityOnCreate(Instrumentation.java:1123)
08-29 19:35:57.959  2646  2646 E AndroidRuntime: 	at android.app.ActivityThread.performLaunchActivity(ActivityThread.java:2749)
08-29 19:35:57.959  2646  2646 E AndroidRuntime: 	... 9 more
08-29 19:46:05.404  7239  7239 E AndroidRuntime: FATAL EXCEPTION: main
08-29 19:46:05.404  7239  7239 E AndroidRuntime: Process: com.sankuai.waimai.router.demo, PID: 7239
08-29 19:46:05.404  7239  7239 E AndroidRuntime: java.lang.RuntimeException: Unable to start activity ComponentInfo{com.sankuai.waimai.router.demo/com.sankuai.waimai.router.demo.lib2.basic.DemoLibActivity2}: java.lang.NullPointerException: Attempt to invoke interface method 'java.lang.String com.sankuai.waimai.router.demo.lib2.advanced.services.LibraryModule.getModuleName()' on a null object reference
08-29 19:46:05.404  7239  7239 E AndroidRuntime: 	at android.app.ActivityThread.performLaunchActivity(ActivityThread.java:2796)
08-29 19:46:05.404  7239  7239 E AndroidRuntime: 	at android.app.ActivityThread.handleLaunchActivity(ActivityThread.java:2867)
08-29 19:46:05.404  7239  7239 E AndroidRuntime: 	at android.app.ActivityThread.-wrap12(ActivityThread.java)
08-29 19:46:05.404  7239  7239 E AndroidRuntime: 	at android.app.ActivityThread$H.handleMessage(ActivityThread.java:1570)
08-29 19:46:05.404  7239  7239 E AndroidRuntime: 	at android.os.Handler.dispatchMessage(Handler.java:105)
08-29 19:46:05.404  7239  7239 E AndroidRuntime: 	at android.os.Looper.loop(Looper.java:156)
08-29 19:46:05.404  7239  7239 E AndroidRuntime: 	at android.app.ActivityThread.main(ActivityThread.java:6595)
08-29 19:46:05.404  7239  7239 E AndroidRuntime: 	at java.lang.reflect.Method.invoke(Native Method)
08-29 19:46:05.404  7239  7239 E AndroidRuntime: 	at com.android.internal.os.ZygoteInit$MethodAndArgsCaller.run(ZygoteInit.java:942)
08-29 19:46:05.404  7239  7239 E AndroidRuntime: 	at com.android.internal.os.ZygoteInit.main(ZygoteInit.java:832)
08-29 19:46:05.404  7239  7239 E AndroidRuntime: Caused by: java.lang.NullPointerException: Attempt to invoke interface method 'java.lang.String com.sankuai.waimai.router.demo.lib2.advanced.services.LibraryModule.getModuleName()' on a null object reference
08-29 19:46:05.404  7239  7239 E AndroidRuntime: 	at com.sankuai.waimai.router.demo.lib2.basic.DemoLibActivity2.onCreate(DemoLibActivity2.java:20)
08-29 19:46:05.404  7239  7239 E AndroidRuntime: 	at android.app.Activity.performCreate(Activity.java:6910)
08-29 19:46:05.404  7239  7239 E AndroidRuntime: 	at android.app.Instrumentation.callActivityOnCreate(Instrumentation.java:1123)
08-29 19:46:05.404  7239  7239 E AndroidRuntime: 	at android.app.ActivityThread.performLaunchActivity(ActivityThread.java:2749)
08-29 19:46:05.404  7239  7239 E AndroidRuntime: 	... 9 more
09-01 10:47:00.636 10740 10743 F libc    : Fatal signal 11 (SIGSEGV), code 1, fault addr 0xa8 in tid 10743 (Binder:10740_2)
09-01 12:01:54.668 17157 17157 E AndroidRuntime: FATAL EXCEPTION: main
09-01 12:01:54.668 17157 17157 E AndroidRuntime: Process: com.peter.activitymanagertest, PID: 17157
09-01 12:01:54.668 17157 17157 E AndroidRuntime: java.lang.ArrayIndexOutOfBoundsException: length=4; index=4
09-01 12:01:54.668 17157 17157 E AndroidRuntime: 	at com.peter.activitymanagertest.adapter.MainAdapter.onBindViewHolder(MainAdapter.java:31)
09-01 12:01:54.668 17157 17157 E AndroidRuntime: 	at com.peter.activitymanagertest.adapter.MainAdapter.onBindViewHolder(MainAdapter.java:16)
09-01 12:01:54.668 17157 17157 E AndroidRuntime: 	at android.support.v7.widget.RecyclerView$Adapter.onBindViewHolder(RecyclerView.java:6482)
09-01 12:01:54.668 17157 17157 E AndroidRuntime: 	at android.support.v7.widget.RecyclerView$Adapter.bindViewHolder(RecyclerView.java:6515)
09-01 12:01:54.668 17157 17157 E AndroidRuntime: 	at android.support.v7.widget.RecyclerView$Recycler.tryBindViewHolderByDeadline(RecyclerView.java:5458)
09-01 12:01:54.668 17157 17157 E AndroidRuntime: 	at android.support.v7.widget.RecyclerView$Recycler.tryGetViewHolderForPositionByDeadline(RecyclerView.java:5724)
09-01 12:01:54.668 17157 17157 E AndroidRuntime: 	at android.support.v7.widget.RecyclerView$Recycler.getViewForPosition(RecyclerView.java:5563)
09-01 12:01:54.668 17157 17157 E AndroidRuntime: 	at android.support.v7.widget.RecyclerView$Recycler.getViewForPosition(RecyclerView.java:5559)
09-01 12:01:54.668 17157 17157 E AndroidRuntime: 	at android.support.v7.widget.LinearLayoutManager$LayoutState.next(LinearLayoutManager.java:2229)
09-01 12:01:54.668 17157 17157 E AndroidRuntime: 	at android.support.v7.widget.GridLayoutManager.layoutChunk(GridLayoutManager.java:556)
09-01 12:01:54.668 17157 17157 E AndroidRuntime: 	at android.support.v7.widget.LinearLayoutManager.fill(LinearLayoutManager.java:1516)
09-01 12:01:54.668 17157 17157 E AndroidRuntime: 	at android.support.v7.widget.LinearLayoutManager.onLayoutChildren(LinearLayoutManager.java:608)
09-01 12:01:54.668 17157 17157 E AndroidRuntime: 	at android.support.v7.widget.GridLayoutManager.onLayoutChildren(GridLayoutManager.java:170)
09-01 12:01:54.668 17157 17157 E AndroidRuntime: 	at android.support.v7.widget.RecyclerView.dispatchLayoutStep2(RecyclerView.java:3693)
09-01 12:01:54.668 17157 17157 E AndroidRuntime: 	at android.support.v7.widget.RecyclerView.dispatchLayout(RecyclerView.java:3410)
09-01 12:01:54.668 17157 17157 E AndroidRuntime: 	at android.support.v7.widget.RecyclerView.onLayout(RecyclerView.java:3962)
09-01 12:01:54.668 17157 17157 E AndroidRuntime: 	at android.view.View.layout(View.java:17708)
09-01 12:01:54.668 17157 17157 E AndroidRuntime: 	at android.view.ViewGroup.layout(ViewGroup.java:5631)
09-01 12:01:54.668 17157 17157 E AndroidRuntime: 	at android.support.v4.view.ViewPager.onLayout(ViewPager.java:1767)
09-01 12:01:54.668 17157 17157 E AndroidRuntime: 	at android.view.View.layout(View.java:17708)
09-01 12:01:54.668 17157 17157 E AndroidRuntime: 	at android.view.ViewGroup.layout(ViewGroup.java:5631)
09-01 12:01:54.668 17157 17157 E AndroidRuntime: 	at android.support.constraint.ConstraintLayout.onLayout(ConstraintLayout.java:1858)
09-01 12:01:54.668 17157 17157 E AndroidRuntime: 	at android.view.View.layout(View.java:17708)
09-01 12:01:54.668 17157 17157 E AndroidRuntime: 	at android.view.ViewGroup.layout(ViewGroup.java:5631)
09-01 12:01:54.668 17157 17157 E AndroidRuntime: 	at android.widget.FrameLayout.layoutChildren(FrameLayout.java:325)
09-01 12:01:54.668 17157 17157 E AndroidRuntime: 	at android.widget.FrameLayout.onLayout(FrameLayout.java:261)
09-01 12:01:54.668 17157 17157 E AndroidRuntime: 	at android.view.View.layout(View.java:17708)
09-01 12:01:54.668 17157 17157 E AndroidRuntime: 	at android.view.ViewGroup.layout(ViewGroup.java:5631)
09-01 12:01:54.668 17157 17157 E AndroidRuntime: 	at android.support.v7.widget.ActionBarOverlayLayout.onLayout(ActionBarOverlayLayout.java:443)
09-01 12:01:54.668 17157 17157 E AndroidRuntime: 	at android.view.View.layout(View.java:17708)
09-01 12:01:54.668 17157 17157 E AndroidRuntime: 	at android.view.ViewGroup.layout(ViewGroup.java:5631)
09-01 12:01:54.668 17157 17157 E AndroidRuntime: 	at android.widget.FrameLayout.layoutChildren(FrameLayout.java:325)
09-01 12:01:54.668 17157 17157 E AndroidRuntime: 	at android.widget.FrameLayout.onLayout(FrameLayout.java:261)
09-01 12:01:54.668 17157 17157 E AndroidRuntime: 	at android.view.View.layout(View.java:17708)
09-01 12:01:54.668 17157 17157 E AndroidRuntime: 	at android.view.ViewGroup.layout(ViewGroup.java:5631)
09-01 12:01:54.668 17157 17157 E AndroidRuntime: 	at android.widget.LinearLayout.setChildFrame(LinearLayout.java:1766)
09-01 12:01:54.668 17157 17157 E AndroidRuntime: 	at android.widget.LinearLayout.layoutVertical(LinearLayout.java:1610)
09-01 12:01:54.668 17157 17157 E AndroidRuntime: 	at android.widget.LinearLayout.onLayout(LinearLayout.java:1519)
09-01 12:01:54.668 17157 17157 E AndroidRuntime: 	at android.view.View.layout(View.java:17708)
09-01 12:01:54.668 17157 17157 E AndroidRuntime: 	at android.view.ViewGroup.layout(ViewGroup.java:5631)
09-01 12:01:54.668 17157 17157 E AndroidRuntime: 	at android.widget.FrameLayout.layoutChildren(FrameLayout.java:325)
09-01 12:01:54.668 17157 17157 E AndroidRuntime: 	at android.widget.FrameLayout.onLayout(FrameLayout.java:261)
09-01 12:01:54.668 17157 17157 E AndroidRuntime: 	at com.android.internal.policy.DecorView.onLayout(DecorView.java:774)
09-01 12:01:54.668 17157 17157 E AndroidRuntime: 	at android.view.View.layout(View.java:17708)
09-01 12:01:54.668 17157 17157 E AndroidRuntime: 	at android.view.ViewGroup.layout(ViewGroup.java:5631)
09-01 12:01:54.668 17157 17157 E AndroidRuntime: 	at android.view.ViewRootImpl.performLayout(ViewRootImpl.java:2519)
09-01 12:01:54.668 17157 17157 E AndroidRuntime: 	at android.view.ViewRootImpl.performTraversals(ViewRootImpl.java:2234)
09-01 12:01:54.668 17157 17157 E AndroidRuntime: 	at android.view.ViewRootImpl.doTraversal(ViewRootImpl.java:1372)
09-01 12:01:54.668 17157 17157 E AndroidRuntime: 	at android.view.ViewRootImpl$TraversalRunnable.run(ViewRootImpl.java:6782)
09-01 12:01:54.668 17157 17157 E AndroidRuntime: 	at android.view.Choreographer$CallbackRecord.run(Choreographer.java:933)
09-01 12:01:54.668 17157 17157 E AndroidRuntime: 	at android.view.Choreographer.doCallbacks(Choreographer.java:742)
09-01 12:01:54.668 17157 17157 E AndroidRuntime: 	at android.view.Choreographer.doFrame(Choreographer.java:674)
09-01 12:01:54.668 17157 17157 E AndroidRuntime: 	at android.view.Choreographer$FrameDisplayEventReceiver.run(Choreographer.java:919)
09-01 12:01:54.668 17157 17157 E AndroidRuntime: 	at android.os.Handler.handleCallback(Handler.java:761)
09-01 12:01:54.668 17157 17157 E AndroidRuntime: 	at android.os.Handler.dispatchMessage(Handler.java:98)
09-01 12:01:54.668 17157 17157 E AndroidRuntime: 	at android.os.Looper.loop(Looper.java:156)
09-01 12:01:54.668 17157 17157 E AndroidRuntime: 	at android.app.ActivityThread.main(ActivityThread.java:6595)
09-01 12:01:54.668 17157 17157 E AndroidRuntime: 	at java.lang.reflect.Method.invoke(Native Method)
09-01 12:01:54.668 17157 17157 E AndroidRuntime: 	at com.android.internal.os.ZygoteInit$MethodAndArgsCaller.run(ZygoteInit.java:942)
09-01 12:01:54.668 17157 17157 E AndroidRuntime: 	at com.android.internal.os.ZygoteInit.main(ZygoteInit.java:832)
09-01 12:09:14.067 18479 18479 E AndroidRuntime: FATAL EXCEPTION: main
09-01 12:09:14.067 18479 18479 E AndroidRuntime: Process: com.peter.activitymanagertest, PID: 18479
09-01 12:09:14.067 18479 18479 E AndroidRuntime: java.lang.RuntimeException: Unable to start activity ComponentInfo{com.peter.activitymanagertest/com.peter.activitymanagertest.activity.TestCoordinatorLayout}: android.view.InflateException: Binary XML file line #0: Could not inflate Behavior subclass com.peter.activitymanagertest.RedBehavior
09-01 12:09:14.067 18479 18479 E AndroidRuntime: 	at android.app.ActivityThread.performLaunchActivity(ActivityThread.java:2796)
09-01 12:09:14.067 18479 18479 E AndroidRuntime: 	at android.app.ActivityThread.handleLaunchActivity(ActivityThread.java:2867)
09-01 12:09:14.067 18479 18479 E AndroidRuntime: 	at android.app.ActivityThread.-wrap12(ActivityThread.java)
09-01 12:09:14.067 18479 18479 E AndroidRuntime: 	at android.app.ActivityThread$H.handleMessage(ActivityThread.java:1570)
09-01 12:09:14.067 18479 18479 E AndroidRuntime: 	at android.os.Handler.dispatchMessage(Handler.java:105)
09-01 12:09:14.067 18479 18479 E AndroidRuntime: 	at android.os.Looper.loop(Looper.java:156)
09-01 12:09:14.067 18479 18479 E AndroidRuntime: 	at android.app.ActivityThread.main(ActivityThread.java:6595)
09-01 12:09:14.067 18479 18479 E AndroidRuntime: 	at java.lang.reflect.Method.invoke(Native Method)
09-01 12:09:14.067 18479 18479 E AndroidRuntime: 	at com.android.internal.os.ZygoteInit$MethodAndArgsCaller.run(ZygoteInit.java:942)
09-01 12:09:14.067 18479 18479 E AndroidRuntime: 	at com.android.internal.os.ZygoteInit.main(ZygoteInit.java:832)
09-01 12:09:14.067 18479 18479 E AndroidRuntime: Caused by: android.view.InflateException: Binary XML file line #0: Could not inflate Behavior subclass com.peter.activitymanagertest.RedBehavior
09-01 12:09:14.067 18479 18479 E AndroidRuntime: Caused by: java.lang.RuntimeException: Could not inflate Behavior subclass com.peter.activitymanagertest.RedBehavior
09-01 12:09:14.067 18479 18479 E AndroidRuntime: 	at android.support.design.widget.CoordinatorLayout.parseBehavior(CoordinatorLayout.java:615)
09-01 12:09:14.067 18479 18479 E AndroidRuntime: 	at android.support.design.widget.CoordinatorLayout$LayoutParams.<init>(CoordinatorLayout.java:2751)
09-01 12:09:14.067 18479 18479 E AndroidRuntime: 	at android.support.design.widget.CoordinatorLayout.generateLayoutParams(CoordinatorLayout.java:1678)
09-01 12:09:14.067 18479 18479 E AndroidRuntime: 	at android.support.design.widget.CoordinatorLayout.generateLayoutParams(CoordinatorLayout.java:110)
09-01 12:09:14.067 18479 18479 E AndroidRuntime: 	at android.view.LayoutInflater.rInflate(LayoutInflater.java:871)
09-01 12:09:14.067 18479 18479 E AndroidRuntime: 	at android.view.LayoutInflater.rInflateChildren(LayoutInflater.java:832)
09-01 12:09:14.067 18479 18479 E AndroidRuntime: 	at android.view.LayoutInflater.inflate(LayoutInflater.java:518)
09-01 12:09:14.067 18479 18479 E AndroidRuntime: 	at android.view.LayoutInflater.inflate(LayoutInflater.java:426)
09-01 12:09:14.067 18479 18479 E AndroidRuntime: 	at android.view.LayoutInflater.inflate(LayoutInflater.java:377)
09-01 12:09:14.067 18479 18479 E AndroidRuntime: 	at android.support.v7.app.AppCompatDelegateImplV9.setContentView(AppCompatDelegateImplV9.java:287)
09-01 12:09:14.067 18479 18479 E AndroidRuntime: 	at android.support.v7.app.AppCompatActivity.setContentView(AppCompatActivity.java:139)
09-01 12:09:14.067 18479 18479 E AndroidRuntime: 	at com.peter.activitymanagertest.activity.TestCoordinatorLayout.onCreate(TestCoordinatorLayout.java:15)
09-01 12:09:14.067 18479 18479 E AndroidRuntime: 	at android.app.Activity.performCreate(Activity.java:6910)
09-01 12:09:14.067 18479 18479 E AndroidRuntime: 	at android.app.Instrumentation.callActivityOnCreate(Instrumentation.java:1123)
09-01 12:09:14.067 18479 18479 E AndroidRuntime: 	at android.app.ActivityThread.performLaunchActivity(ActivityThread.java:2749)
09-01 12:09:14.067 18479 18479 E AndroidRuntime: 	at android.app.ActivityThread.handleLaunchActivity(ActivityThread.java:2867)
09-01 12:09:14.067 18479 18479 E AndroidRuntime: 	at android.app.ActivityThread.-wrap12(ActivityThread.java)
09-01 12:09:14.067 18479 18479 E AndroidRuntime: 	at android.app.ActivityThread$H.handleMessage(ActivityThread.java:1570)
09-01 12:09:14.067 18479 18479 E AndroidRuntime: 	at android.os.Handler.dispatchMessage(Handler.java:105)
09-01 12:09:14.067 18479 18479 E AndroidRuntime: 	at android.os.Looper.loop(Looper.java:156)
09-01 12:09:14.067 18479 18479 E AndroidRuntime: 	at android.app.ActivityThread.main(ActivityThread.java:6595)
09-01 12:09:14.067 18479 18479 E AndroidRuntime: 	at java.lang.reflect.Method.invoke(Native Method)
09-01 12:09:14.067 18479 18479 E AndroidRuntime: 	at com.android.internal.os.ZygoteInit$MethodAndArgsCaller.run(ZygoteInit.java:942)
09-01 12:09:14.067 18479 18479 E AndroidRuntime: 	at com.android.internal.os.ZygoteInit.main(ZygoteInit.java:832)
09-01 12:09:14.067 18479 18479 E AndroidRuntime: Caused by: java.lang.ClassNotFoundException: com.peter.activitymanagertest.RedBehavior
09-01 12:09:14.067 18479 18479 E AndroidRuntime: 	at java.lang.Class.classForName(Native Method)
09-01 12:09:14.067 18479 18479 E AndroidRuntime: 	at java.lang.Class.forName(Class.java:400)
09-01 12:09:14.067 18479 18479 E AndroidRuntime: 	at android.support.design.widget.CoordinatorLayout.parseBehavior(CoordinatorLayout.java:607)
09-01 12:09:14.067 18479 18479 E AndroidRuntime: 	... 23 more
09-01 12:09:14.067 18479 18479 E AndroidRuntime: Caused by: java.lang.ClassNotFoundException: Didn't find class "com.peter.activitymanagertest.RedBehavior" on path: DexPathList[[zip file "/data/app/com.peter.activitymanagertest-2/base.apk", zip file "/data/app/com.peter.activitymanagertest-2/split_lib_dependencies_apk.apk", zip file "/data/app/com.peter.activitymanagertest-2/split_lib_slice_0_apk.apk", zip file "/data/app/com.peter.activitymanagertest-2/split_lib_slice_1_apk.apk", zip file "/data/app/com.peter.activitymanagertest-2/split_lib_slice_2_apk.apk", zip file "/data/app/com.peter.activitymanagertest-2/split_lib_slice_3_apk.apk", zip file "/data/app/com.peter.activitymanagertest-2/split_lib_slice_4_apk.apk", zip file "/data/app/com.peter.activitymanagertest-2/split_lib_slice_5_apk.apk", zip file "/data/app/com.peter.activitymanagertest-2/split_lib_slice_6_apk.apk", zip file "/data/app/com.peter.activitymanagertest-2/split_lib_slice_7_apk.apk", zip file "/data/app/com.peter.activitymanagertest-2/split_lib_slice_8_apk.apk", zip file "/data/app/com.peter.activitymanagertest-2/split_lib_slice_9_apk.apk"],nativeLibraryDirectories=[/data/app/com.peter.activitymanagertest-2/lib/arm, /data/app/com.peter.activitymanagertest-2/base.apk!/lib/armeabi-v7a, /data/app/com.peter.activitymanagertest-2/split_lib_dependencies_apk.apk!/lib/armeabi-v7a, /data/app/com.peter.activitymanagertest-2/split_lib_slice_0_apk.apk!/lib/armeabi-v7a, /data/app/com.peter.activitymanagertest-2/split_lib_slice_1_apk.apk!/lib/armeabi-v7a, /data/app/com.peter.activitymanagertest-2/split_lib_slice_2_apk.apk!/lib/armeabi-v7a, /data/app/com.peter.activitymanagertest-2/split_lib_slice_3_apk.apk!/lib/armeabi-v7a, /data/app/com.peter.activitymanagertest-2/split_lib_slice_4_apk.apk!/lib/armeabi-v7a, /data/app/com.peter.activitymanagertest-2/split_lib_slice_5_apk.apk!/lib/armeabi-v7a, /data/app/com.peter.activitymanagertest-2/split_lib_slice_6_apk.apk!/lib/armeabi-v7a, /data/app/com.peter.activitymanagertest-2/split_lib_slice_7_apk.apk!/lib/armeabi-v7a, /data/app/com.peter.activitymanagertest-2/split_lib_slice_8_apk.apk!/lib/armeabi-v7a, /data/app/com.peter.activitymanagertest-2/split_lib_slice_9_apk.apk!/lib/armeabi-v7a, /system/lib, /vendor/lib, /system/vendor/lib]]
09-01 12:09:14.067 18479 18479 E AndroidRuntime: 	at dalvik.system.BaseDexClassLoader.findClass(BaseDexClassLoader.java:56)
09-01 12:09:14.067 18479 18479 E AndroidRuntime: 	at java.lang.ClassLoader.loadClass(ClassLoader.java:380)
09-01 12:09:14.067 18479 18479 E AndroidRuntime: 	at java.lang.ClassLoader.loadClass(ClassLoader.java:312)
09-01 12:09:14.067 18479 18479 E AndroidRuntime: 	... 26 more
09-01 12:11:06.255 18840 18842 F libc    : Fatal signal 11 (SIGSEGV), code 1, fault addr 0x74 in tid 18842 (Binder:18840_1)
--------- beginning of main
09-01 17:37:05.126   523   523 I XmlParser: startElement itemName:group user:0
09-01 17:37:05.126   523   523 I XmlParser: startElement itemName:id user:0
09-01 17:37:05.126   523   523 I XmlParser: endElement itemName:id user:0
09-01 17:37:05.126   523   523 I XmlParser: startElement itemName:name user:0
09-01 17:37:05.126   523   523 I XmlParser: endElement itemName:name user:0
09-01 17:37:05.126   523   523 I XmlParser: startElement itemName:define user:0
09-01 17:37:05.126   523   523 I XmlParser: endElement itemName:define user:0
09-01 17:37:05.126   523   523 I XmlParser: startElement itemName:description user:0
09-01 17:37:05.126   523   523 I XmlParser: endElement itemName:description user:0
09-01 17:37:05.126   523   523 I XmlParser: endElement itemName:group user:0
09-01 17:37:05.126   523   523 I XmlParser: startElement itemName:group user:0
09-01 17:37:05.126   523   523 I XmlParser: startElement itemName:id user:0
09-01 17:37:05.126   523   523 I XmlParser: endElement itemName:id user:0
09-01 17:37:05.126   523   523 I XmlParser: startElement itemName:name user:0
09-01 17:37:05.126   523   523 I XmlParser: endElement itemName:name user:0
09-01 17:37:05.126   523   523 I XmlParser: startElement itemName:define user:0
09-01 17:37:05.126   523   523 I XmlParser: endElement itemName:define user:0
09-01 17:37:05.126   523   523 I XmlParser: startElement itemName:description user:0
09-01 17:37:05.126   523   523 I XmlParser: endElement itemName:description user:0
09-01 17:37:05.126   523   523 I XmlParser: endElement itemName:group user:0
09-01 17:37:05.126   523   523 I XmlParser: startElement itemName:group user:0
09-01 17:37:05.126   523   523 I XmlParser: startElement itemName:id user:0
09-01 17:37:05.126   523   523 I XmlParser: endElement itemName:id user:0
09-01 17:37:05.126   523   523 I XmlParser: startElement itemName:name user:0
09-01 17:37:05.126   523   523 I XmlParser: endElement itemName:name user:0
09-01 17:37:05.126   523   523 I XmlParser: startElement itemName:define user:0
09-01 17:37:05.126   523   523 I XmlParser: endElement itemName:define user:0
09-01 17:37:05.126   523   523 I XmlParser: startElement itemName:description user:0
09-01 17:37:05.126   523   523 I XmlParser: endElement itemName:description user:0
09-01 17:37:05.126   523   523 I XmlParser: endElement itemName:group user:0
09-01 17:37:05.126   523   523 I XmlParser: endElement itemName:resource user:0
09-01 17:37:05.126   523   523 I XmlParser: startElement itemName:resource user:0
09-01 17:37:05.126   523   523 I XmlParser: startElement itemName:group user:0
09-01 17:37:05.126   523   523 I XmlParser: startElement itemName:id user:0
09-01 17:37:05.126   523   523 I XmlParser: endElement itemName:id user:0
09-01 17:37:05.126   523   523 I XmlParser: startElement itemName:name user:0
09-01 17:37:05.126   523   523 I XmlParser: endElement itemName:name user:0
09-01 17:37:05.126   523   523 I XmlParser: startElement itemName:define user:0
09-01 17:37:05.126   523   523 I XmlParser: endElement itemName:define user:0
09-01 17:37:05.126   523   523 I XmlParser: startElement itemName:description user:0
09-01 17:37:05.126   523   523 I XmlParser: endElement itemName:description user:0
09-01 17:37:05.126   523   523 I XmlParser: endElement itemName:group user:0
09-01 17:37:05.126   523   523 I XmlParser: startElement itemName:group user:0
09-01 17:37:05.126   523   523 I XmlParser: startElement itemName:id user:0
09-01 17:37:05.126   523   523 I XmlParser: endElement itemName:id user:0
09-01 17:37:05.126   523   523 I XmlParser: startElement itemName:name user:0
09-01 17:37:05.126   523   523 I XmlParser: endElement itemName:name user:0
09-01 17:37:05.126   523   523 I XmlParser: startElement itemName:define user:0
09-01 17:37:05.126   523   523 I XmlParser: endElement itemName:define user:0
09-01 17:37:05.126   523   523 I XmlParser: startElement itemName:description user:0
09-01 17:37:05.126   523   523 I XmlParser: endElement itemName:description user:0
09-01 17:37:05.126   523   523 I XmlParser: endElement itemName:group user:0
09-01 17:37:05.126   523   523 I XmlParser: startElement itemName:group user:0
09-01 17:37:05.129   523   523 I XmlParser: startElement itemName:id user:0
09-01 17:37:05.129   523   523 I XmlParser: endElement itemName:id user:0
09-01 17:37:05.129   523   523 I XmlParser: startElement itemName:name user:0
09-01 17:37:05.129   523   523 I XmlParser: endElement itemName:name user:0
09-01 17:37:05.129   523   523 I XmlParser: startElement itemName:define user:0
09-01 17:37:05.129   523   523 I XmlParser: endElement itemName:define user:0
09-01 17:37:05.129   523   523 I XmlParser: startElement itemName:description user:0
09-01 17:37:05.129   523   523 I XmlParser: endElement itemName:description user:0
09-01 17:37:05.129   523   523 I XmlParser: endElement itemName:group user:0
09-01 17:37:05.129   523   523 I XmlParser: startElement itemName:group user:0
09-01 17:37:05.129   523   523 I XmlParser: startElement itemName:id user:0
09-01 17:37:05.129   523   523 I XmlParser: endElement itemName:id user:0
09-01 17:37:05.129   523   523 I XmlParser: startElement itemName:name user:0
09-01 17:37:05.129   523   523 I XmlParser: endElement itemName:name user:0
09-01 17:37:05.129   523   523 I XmlParser: startElement itemName:define user:0
09-01 17:37:05.129   523   523 I XmlParser: endElement itemName:define user:0
09-01 17:37:05.129   523   523 I XmlParser: startElement itemName:description user:0
09-01 17:37:05.129   523   523 I XmlParser: endElement itemName:description user:0
09-01 17:37:05.129   523   523 I XmlParser: endElement itemName:group user:0
09-01 17:37:05.129   523   523 I XmlParser: startElement itemName:group user:0
09-01 17:37:05.129   523   523 I XmlParser: startElement itemName:id user:0
09-01 17:37:05.129   523   523 I XmlParser: endElement itemName:id user:0
09-01 17:37:05.129   523   523 I XmlParser: startElement itemName:name user:0
09-01 17:37:05.129   523   523 I XmlParser: endElement itemName:name user:0
09-01 17:37:05.129   523   523 I XmlParser: startElement itemName:define user:0
09-01 17:37:05.129   523   523 I XmlParser: endElement itemName:define user:0
09-01 17:37:05.129   523   523 I XmlParser: startElement itemName:description user:0
09-01 17:37:05.129   523   523 I XmlParser: endElement itemName:description user:0
09-01 17:37:05.129   523   523 I XmlParser: endElement itemName:group user:0
09-01 17:37:05.129   523   523 I XmlParser: endElement itemName:resource user:0
09-01 17:37:05.129   523   523 I libEGL  : egl_cache_t() !XML_VALUE_GETCORRECT NAME_MAXVALUESIZE
09-01 17:37:05.129   523   523 I libEGL  : egl_cache_t() maxKeySize:12288  maxTotalSize:2097152  maxValueSize:16384
09-01 17:37:05.131   523   523 E libfingersense_wrapper: Couldn't load FingerSense library with dlopen(). Error: dlopen failed: library "libfingersense.so" not found
09-01 17:37:05.137   523   523 I appproc : CLASSPATH=/system/framework/wm.jar
09-01 17:37:05.137   523   523 I appproc : Command=app_process /system/bin com.android.commands.wm.Wm dismiss-keyguard 
09-01 17:37:05.142   523   523 I AndroidRuntime: readDownloadBoosterConfig: 'false'
09-01 17:37:05.207  1578  1835 I qti_sensors_hal: [LightSensor]processReportInd: the skip  luxValue  ItemData[0]:f0000,ItemData[1]:50000, lux:15.000000,cct:5.000000
09-01 17:37:05.207  1578  1835 W qti_sensors_hal: timestampCalc: Adjusting timestamp for rollover: 2181614155877318, -9
09-01 17:37:05.240   523   523 E libmdmdetect: Failed to open /sys/bus/msm_subsys/devices/subsys0/name: Permission denied
09-01 17:37:05.268 32739   548 I XIAOYUAN: executeBeforeParse start 
09-01 17:37:05.273   523   523 W System  : ClassLoader referenced unknown path: /product/lib
09-01 17:37:05.291   523   523 I HWSERVICES: hwnative_get_component_register:libdrmbitmap,JNI
09-01 17:37:05.299   523   523 I Radio-JNI: register_android_hardware_Radio DONE
09-01 17:37:05.302   523   523 I android_hardware_fm.cpp: register_android_hardware_fm_fmradio
09-01 17:37:05.302   523   523 I android_hardware_fm.cpp: ========32bit long size = 4
09-01 17:37:05.303   523   523 I android_hardware_fm.cpp: FM: get chip type = Qualcomm
09-01 17:37:05.304   523   523 E QCOMM_FM_IF: find the id:fm and begins to open the devices
09-01 17:37:05.304   523   523 I android_hardware_fm.cpp: register_android_hardware_fm_fmradio, ret is 0
09-01 17:37:05.349  1578  1733 I art     : Starting a blocking GC Explicit
09-01 17:37:05.376 32739   548 I XIAOYUAN: executeBeforeParse end 
09-01 17:37:05.422  2398  2410 I art     : Background partial concurrent mark sweep GC freed 98174(8MB) AllocSpace objects, 0(0B) LOS objects, 78% free, 3MB/15MB, paused 839us total 112.357ms
09-01 17:37:05.542  1578  1835 W qti_sensors_hal: timestampCalc: Adjusting timestamp for rollover: 2181614491631845, -9
09-01 17:37:05.584  1578  1733 I art     : Explicit concurrent mark sweep GC freed 182588(8MB) AllocSpace objects, 28(744KB) LOS objects, 24% free, 36MB/48MB, paused 3.527ms total 234.821ms
09-01 17:37:05.614   580   580 E         : Couldn't opendir /data/app/vmdl1465331608.tmp: No such file or directory
09-01 17:37:05.614  1578 29042 I System.out: Success
09-01 17:37:05.615  1578  1733 I SendBroadcastPermission: action:com.huawei.android.action.GET_PACKAGE_INSTALLATION_INFO, mPermissionType:0
09-01 17:37:05.616  1578  1733 W RMS.SmartShrinker: SmartShrinker is runing in pid =1578 reclaim mode = 3
09-01 17:37:05.617  2078  2078 E HwSystemManager: HandleInstalledPackageInfoService:second action: pkgData is null
09-01 17:37:05.647  1578  1733 I HwPFWLogger: AppAutoStartupPolicy:prevent start receiver of package com.huawei.remoteassistant for action android.intent.action.PACKAGE_REMOVED
09-01 17:37:05.658  1985  1985 I EventCenter: EventCenter Get :android.intent.action.PACKAGE_REMOVED
09-01 17:37:05.663  1578  1876 I InputReader: Reconfiguring input devices.  changes=0x00000010
09-01 17:37:05.677  2370  2543 I AppInfoManager: not delete app info from db : com.peter.activitymanagertest because app exists in other Users
09-01 17:37:05.680  3144  3144 I HwLauncher: LauncherDownloadModel onReceive intent=Intent { act=android.intent.action.PACKAGE_REMOVED dat=package:com.peter.activitymanagertest flg=0x4000010 (has extras) }
09-01 17:37:05.682  4622  4622 I PushLog2841: [main-1]action is android.intent.action.PACKAGE_REMOVED(android/null:-1)
09-01 17:37:05.682  2357  2357 W DPMJ    : |SERVICE| PackageListener EXTRA_REPLACING is set true
09-01 17:37:05.693  4622  4622 W PackageManager: STAHP USING HIDDEN APIS KTHX
09-01 17:37:05.693  1578  1578 E HwBastetService: name: com.peter.activitymanagertest
09-01 17:37:05.693  1578  1578 E HwBastetService: len: 0, name: com.peter.activitymanagertest, uid: 10183
09-01 17:37:05.694  4622  4622 I PushLog2841: [main-1]enter ctrlSockets(cmd:1 param:3)(android/null:-1)
09-01 17:37:05.698  1578  1937 E HwBastetService: Failed to get bastet service!
09-01 17:37:05.702  1578  1733 I HwPFWLogger: AppAutoStartupPolicy:prevent start receiver of package com.huawei.remoteassistant for action android.intent.action.PACKAGE_ADDED
09-01 17:37:05.705  4622  4622 W PackageManager: STAHP USING HIDDEN APIS KTHX
09-01 17:37:05.706  4622  4622 I PushLog2841: [main-1]broadcast(),and mReceivers  4(android/null:-1)
09-01 17:37:05.708  1985  1985 I EventCenter: EventCenter Get :android.intent.action.PACKAGE_ADDED
09-01 17:37:05.710  1578  1870 I IO.IOStatsService: refreshMonitoredUids,isUidRemoval:false,uid:10183
09-01 17:37:05.710  1578  1870 I IO.IOStatsService: writeMonitoredUidsToKernel
09-01 17:37:05.713  1578  1876 I InputReader: Reconfiguring input devices.  changes=0x00000010
09-01 17:37:05.721  3144  3144 I HwLauncher: LauncherDownloadModel onReceive intent=Intent { act=android.intent.action.PACKAGE_ADDED dat=package:com.peter.activitymanagertest flg=0x4000010 (has extras) }
09-01 17:37:05.722  2357  2357 W DPMJ    : |SERVICE| PackageListener EXTRA_REPLACING is set true
09-01 17:37:05.722  4622  4622 I PushLog2841: [main-1]action is android.intent.action.PACKAGE_ADDED(android/null:-1)
09-01 17:37:05.724  3144  3236 I HwLauncher: SimpleAllAppsList  updatePackage : package[com.peter.activitymanagertest] matched activity's size is 2 and data List size is 0
09-01 17:37:05.731  4622  4622 W PackageManager: STAHP USING HIDDEN APIS KTHX
09-01 17:37:05.732  4622  4622 I PushLog2841: [main-1]enter ctrlSockets(cmd:1 param:3)(android/null:-1)
09-01 17:37:05.735  3144  3236 I HwLauncher: SimpleAllAppsList  findAndUpdateInfoInDB : found 0 shortcutInfo for package[com.peter.activitymanagertest] in db
09-01 17:37:05.735  3144  3236 I HwLauncher: SimpleAllAppsList  updatePackage do not add new SimpleApplicationInfo,It's in normal now. package = com.peter.activitymanagertest
09-01 17:37:05.735  3144  3236 I HwLauncher: SimpleAllAppsList  updatePackage do not add new SimpleApplicationInfo,It's in normal now. package = com.peter.activitymanagertest
09-01 17:37:05.735  3144  3236 W HwLauncher: SimpleLauncherModeNobody to tell about the new app.  Launcher is probably loading.
09-01 17:37:05.735   596  1776 W CommandListener: hwad: HwFilterCommand::runCommand argc=4 
09-01 17:37:05.735   596  1776 W CommandListener: hwad: HwFilterCommand::runCommand argc=0 argv=hwfilter
09-01 17:37:05.735   596  1776 W CommandListener: hwad: HwFilterCommand::runCommand argc=1 argv=clear_ad_strategy_rule
09-01 17:37:05.735   596  1776 W CommandListener: hwad: HwFilterCommand::runCommand argc=2 argv=null
09-01 17:37:05.735   596  1776 W CommandListener: hwad: HwFilterCommand::runCommand argc=3 argv=reset
09-01 17:37:05.735   596  1776 I HwFilterController: 
09-01 17:37:05.735   596  1776 I HwFilterController: hwad:clear_ad_strategy bRet=1 rule=null
09-01 17:37:05.736   596  1776 I         : hwad:send_msg_to_kernel data=null
09-01 17:37:05.738  4622  4622 W PackageManager: STAHP USING HIDDEN APIS KTHX
09-01 17:37:05.739  4622  4622 I PushLog2841: [main-1]broadcast(),and mReceivers  4(android/null:-1)
09-01 17:37:05.780 29789 29789 I SendBroadcastPermission: action:com.huawei.appmarket.service.downloadservice.Receiver, mPermissionType:0
09-01 17:37:05.783  3144  3144 I HwLauncher: LauncherDownloadModel onReceive intent=Intent { act=com.huawei.appmarket.service.downloadservice.Receiver flg=0x10 }
09-01 17:37:05.783  3144  3144 W HwLauncher: get getBundleExtra with downloadtask all return null!
09-01 17:37:05.797  2370  2543 I AppInfoManager: app info is exist in db about pkg: com.peter.activitymanagertest
09-01 17:37:05.819 29789 29789 I SendBroadcastPermission: action:com.huawei.appmarket.service.downloadservice.Receiver, mPermissionType:0
09-01 17:37:05.821  3144  3144 I HwLauncher: LauncherDownloadModel onReceive intent=Intent { act=com.huawei.appmarket.service.downloadservice.Receiver flg=0x10 }
09-01 17:37:05.821  3144  3144 W HwLauncher: get getBundleExtra with downloadtask all return null!
09-01 17:37:05.824 29789 29789 I SendBroadcastPermission: action:com.huawei.appmarket.service.downloadservice.Receiver, mPermissionType:0
09-01 17:37:05.839   652   652 I         : power log dlsym ok
09-01 17:37:05.854  3144  3144 I HwLauncher: LauncherDownloadModel onReceive intent=Intent { act=com.huawei.appmarket.service.downloadservice.Receiver flg=0x10 }
09-01 17:37:05.854  3144  3144 W HwLauncher: get getBundleExtra with downloadtask all return null!
09-01 17:37:05.858 29789 29789 I SendBroadcastPermission: action:com.huawei.appmarket.service.downloadservice.Receiver, mPermissionType:0
09-01 17:37:05.859  6881  6907 W ResourceType: For resource 0x7f02135c, entry index(4956) is beyond type entryCount(629)
09-01 17:37:05.859  6881  6907 W ResourceType: Failure getting entry for 0x7f02135c (t=1 e=4956) (error -75)
09-01 17:37:05.860  6881  6907 W ResourceType: For resource 0x7f02135b, entry index(4955) is beyond type entryCount(629)
09-01 17:37:05.860  6881  6907 W ResourceType: Failure getting entry for 0x7f02135b (t=1 e=4955) (error -75)
09-01 17:37:05.862  3144  3144 I HwLauncher: LauncherDownloadModel onReceive intent=Intent { act=com.huawei.appmarket.service.downloadservice.Receiver flg=0x10 }
09-01 17:37:05.862  3144  3144 W HwLauncher: get getBundleExtra with downloadtask all return null!
09-01 17:37:05.874  1578  1937 E HwBastetService: Failed to get bastet service!
09-01 17:37:05.875   652   652 W System  : ClassLoader referenced unknown path: /system/app/KeyChain/lib/arm
09-01 17:37:05.875   652   652 W System  : ClassLoader referenced unknown path: /product/lib
09-01 17:37:05.878  1578  1835 W qti_sensors_hal: timestampCalc: Adjusting timestamp for rollover: 2181614827294686, -9
09-01 17:37:05.908  1578  1876 I InputReader: Reconfiguring input devices.  changes=0x00000010
09-01 17:37:05.914  7686  7686 I IFontSizeSetting: ImeService save2Core
09-01 17:37:05.916  7686  7686 I wangchen: log.save[: true], has in db mode - false, is db mode - false
09-01 17:37:05.916  7686  7686 I IFontSizeSetting: log save:default:1 select:2 isforce:true bufferSize:0
09-01 17:37:05.923  2078  2511 E HwSystemManager: StartupProviderHelper:querySingleNormalStartupInfo got invalid result for package:com.peter.activitymanagertest
09-01 17:37:05.985 29442 29442 I PushLogAC2836: [main-1]action is android.intent.action.PACKAGE_REMOVED(pushagent/null:-1)
09-01 17:37:05.987  6881  6907 W ResourceType: For resource 0x7f021160, entry index(4448) is beyond type entryCount(629)
09-01 17:37:05.987  6881  6907 W ResourceType: Failure getting entry for 0x7f021160 (t=1 e=4448) (error -75)
09-01 17:37:05.987  6881  6907 W ResourceType: For resource 0x7f021160, entry index(4448) is beyond type entryCount(629)
09-01 17:37:05.987  6881  6907 W ResourceType: Failure getting entry for 0x7f021160 (t=1 e=4448) (error -75)
09-01 17:37:05.987  6881  6907 W ResourceType: For resource 0x7f021160, entry index(4448) is beyond type entryCount(629)
09-01 17:37:05.987  6881  6907 W ResourceType: Failure getting entry for 0x7f021160 (t=1 e=4448) (error -75)
09-01 17:37:05.987 29442 29843 I PushLogAC2836: [Thread-3-10697]votedPackage from file:android(pushagent/null:-1)
09-01 17:37:05.989  6881  6907 W Contacts: AccountTypeManager No authenticator found for type=com.android.exchange, ignoring it.
09-01 17:37:05.998  6881  6907 W ResourceType: For resource 0x7f02135c, entry index(4956) is beyond type entryCount(629)
